Archive member included to satisfy reference by file (symbol)

.\CortexM3\ARM_GCC_541\Debug\Design01.a(SD_IN.o)
                              .\CortexM3\ARM_GCC_541\Debug\main.o (SD_IN_Read)
.\CortexM3\ARM_GCC_541\Debug\Design01.a(SD_FINAL.o)
                              .\CortexM3\ARM_GCC_541\Debug\main.o (SD_FINAL_Read)
.\CortexM3\ARM_GCC_541\Debug\Design01.a(CAN.o)
                              .\CortexM3\ARM_GCC_541\Debug\main.o (CAN_GlobalIntEnable)
.\CortexM3\ARM_GCC_541\Debug\Design01.a(CAN_INT.o)
                              .\CortexM3\ARM_GCC_541\Debug\Design01.a(CAN.o) (CAN_ISR)
.\CortexM3\ARM_GCC_541\Debug\Design01.a(CAN_TX_RX_func.o)
                              .\CortexM3\ARM_GCC_541\Debug\can_manager.o (CAN_SendMsg)
.\CortexM3\ARM_GCC_541\Debug\Design01.a(AIR_NEG.o)
                              .\CortexM3\ARM_GCC_541\Debug\can_manager.o (AIR_NEG_Write)
.\CortexM3\ARM_GCC_541\Debug\Design01.a(AIR_POS.o)
                              .\CortexM3\ARM_GCC_541\Debug\can_manager.o (AIR_POS_Write)
.\CortexM3\ARM_GCC_541\Debug\Design01.a(Precharge.o)
                              .\CortexM3\ARM_GCC_541\Debug\can_manager.o (Precharge_Write)
.\CortexM3\ARM_GCC_541\Debug\Design01.a(IMD_Fault.o)
                              .\CortexM3\ARM_GCC_541\Debug\main.o (IMD_Fault_Read)
.\CortexM3\ARM_GCC_541\Debug\Design01.a(BMS_Fault.o)
                              .\CortexM3\ARM_GCC_541\Debug\main.o (BMS_Fault_Read)
.\CortexM3\ARM_GCC_541\Debug\Design01.a(CyLib.o)
                              .\CortexM3\ARM_GCC_541\Debug\Cm3Start.o (CyHalt)
.\CortexM3\ARM_GCC_541\Debug\Design01.a(cyPm.o)
                              .\CortexM3\ARM_GCC_541\Debug\Design01.a(CyLib.o) (CyPmReadStatus)
.\CortexM3\ARM_GCC_541\Debug\Design01.a(ADC_DelSig_1.o)
                              .\CortexM3\ARM_GCC_541\Debug\main.o (ADC_DelSig_1_Start)
.\CortexM3\ARM_GCC_541\Debug\Design01.a(ADC_DelSig_1_INT.o)
                              .\CortexM3\ARM_GCC_541\Debug\Design01.a(ADC_DelSig_1.o) (ADC_DelSig_1_ISR1)
.\CortexM3\ARM_GCC_541\Debug\Design01.a(ADC_DelSig_1_AMux.o)
                              .\CortexM3\ARM_GCC_541\Debug\Design01.a(ADC_DelSig_1.o) (ADC_DelSig_1_AMux_Select)
.\CortexM3\ARM_GCC_541\Debug\Design01.a(ADC_DelSig_1_Ext_CP_Clk.o)
                              .\CortexM3\ARM_GCC_541\Debug\Design01.a(ADC_DelSig_1.o) (ADC_DelSig_1_Ext_CP_Clk_SetModeRegister)
.\CortexM3\ARM_GCC_541\Debug\Design01.a(ADC_DelSig_1_theACLK.o)
                              .\CortexM3\ARM_GCC_541\Debug\Design01.a(ADC_DelSig_1.o) (ADC_DelSig_1_theACLK_SetModeRegister)
.\CortexM3\ARM_GCC_541\Debug\Design01.a(CyBootAsmGnu.o)
                              .\CortexM3\ARM_GCC_541\Debug\cyfitter_cfg.o (CyDelayCycles)
.\CortexM3\ARM_GCC_541\Debug\Design01.a(CyFlash.o)
                              .\CortexM3\ARM_GCC_541\Debug\Design01.a(cyPm.o) (CyFlash_SetWaitCycles)
.\CortexM3\ARM_GCC_541\Debug\Design01.a(CySpc.o)
                              .\CortexM3\ARM_GCC_541\Debug\Design01.a(CyFlash.o) (CySpcStart)
c:/program files (x86)/cypress/psoc creator/4.4/psoc creator/import/gnu/arm/5.4.1/bin/../lib/gcc/arm-none-eabi/5.4.1/armv7-m\libgcc.a(_arm_addsubdf3.o)
                              .\CortexM3\ARM_GCC_541\Debug\Design01.a(ADC_DelSig_1.o) (__aeabi_f2d)
c:/program files (x86)/cypress/psoc creator/4.4/psoc creator/import/gnu/arm/5.4.1/bin/../lib/gcc/arm-none-eabi/5.4.1/armv7-m\libgcc.a(_arm_cmpdf2.o)
                              .\CortexM3\ARM_GCC_541\Debug\Design01.a(ADC_DelSig_1.o) (__aeabi_dcmpgt)
c:/program files (x86)/cypress/psoc creator/4.4/psoc creator/import/gnu/arm/5.4.1/bin/../lib/gcc/arm-none-eabi/5.4.1/armv7-m\libgcc.a(_arm_addsubsf3.o)
                              .\CortexM3\ARM_GCC_541\Debug\Design01.a(ADC_DelSig_1.o) (__aeabi_ui2f)
c:/program files (x86)/cypress/psoc creator/4.4/psoc creator/import/gnu/arm/5.4.1/bin/../lib/gcc/arm-none-eabi/5.4.1/armv7-m\libgcc.a(_arm_muldivsf3.o)
                              .\CortexM3\ARM_GCC_541\Debug\Design01.a(ADC_DelSig_1.o) (__aeabi_fmul)
c:/program files (x86)/cypress/psoc creator/4.4/psoc creator/import/gnu/arm/5.4.1/bin/../lib/gcc/arm-none-eabi/5.4.1/armv7-m\libgcc.a(_arm_fixunssfsi.o)
                              .\CortexM3\ARM_GCC_541\Debug\Design01.a(ADC_DelSig_1.o) (__aeabi_f2uiz)
c:/program files (x86)/cypress/psoc creator/4.4/psoc creator/import/gnu/arm/5.4.1/bin/../lib/gcc/arm-none-eabi/5.4.1/../../../../arm-none-eabi/lib/armv7-m\libg_nano.a(lib_a-errno.o)
                              .\CortexM3\ARM_GCC_541\Debug\Cm3Start.o (__errno)
c:/program files (x86)/cypress/psoc creator/4.4/psoc creator/import/gnu/arm/5.4.1/bin/../lib/gcc/arm-none-eabi/5.4.1/../../../../arm-none-eabi/lib/armv7-m\libg_nano.a(lib_a-exit.o)
                              c:/program files (x86)/cypress/psoc creator/4.4/psoc creator/import/gnu/arm/5.4.1/bin/../lib/gcc/arm-none-eabi/5.4.1/../../../../arm-none-eabi/lib/armv7-m/crt0.o (exit)
[...]
Memory Configuration

Name             Origin             Length             Attributes
rom              0x00000000         0x00040000         xr
ram              0x1fff8000         0x00010000         xrw
*default*        0x00000000         0xffffffff

Linker script and memory map

LOAD c:/program files (x86)/cypress/psoc creator/4.4/psoc creator/import/gnu/arm/5.4.1/bin/../lib/gcc/arm-none-eabi/5.4.1/armv7-m/crti.o
LOAD c:/program files (x86)/cypress/psoc creator/4.4/psoc creator/import/gnu/arm/5.4.1/bin/../lib/gcc/arm-none-eabi/5.4.1/armv7-m/crtbegin.o
LOAD c:/program files (x86)/cypress/psoc creator/4.4/psoc creator/import/gnu/arm/5.4.1/bin/../lib/gcc/arm-none-eabi/5.4.1/../../../../arm-none-eabi/lib/armv7-m/crt0.o
START GROUP
LOAD .\CortexM3\ARM_GCC_541\Debug\main.o
LOAD .\CortexM3\ARM_GCC_541\Debug\can_manager.o
LOAD .\CortexM3\ARM_GCC_541\Debug\cyfitter_cfg.o
LOAD .\CortexM3\ARM_GCC_541\Debug\cymetadata.o
LOAD .\CortexM3\ARM_GCC_541\Debug\Cm3Start.o
LOAD .\CortexM3\ARM_GCC_541\Debug\Design01.a
LOAD C:\Program Files (x86)\Cypress\PSoC Creator\4.4\PSoC Creator\psoc\content\cycomponentlibrary\CyComponentLibrary.cylib\CortexM3\ARM_GCC_541\Debug\CyComponentLibrary.a
END GROUP
START GROUP
LOAD c:/program files (x86)/cypress/psoc creator/4.4/psoc creator/import/gnu/arm/5.4.1/bin/../lib/gcc/arm-none-eabi/5.4.1/armv7-m\libgcc.a
LOAD c:/program files (x86)/cypress/psoc creator/4.4/psoc creator/import/gnu/arm/5.4.1/bin/../lib/gcc/arm-none-eabi/5.4.1/../../../../arm-none-eabi/lib/armv7-m\libg_nano.a
LOAD c:/program files (x86)/cypress/psoc creator/4.4/psoc creator/import/gnu/arm/5.4.1/bin/../lib/gcc/arm-none-eabi/5.4.1/../../../../arm-none-eabi/lib/armv7-m\libc_nano.a
END GROUP
START GROUP
LOAD c:/program files (x86)/cypress/psoc creator/4.4/psoc creator/import/gnu/arm/5.4.1/bin/../lib/gcc/arm-none-eabi/5.4.1/armv7-m\libgcc.a
LOAD c:/program files (x86)/cypress/psoc creator/4.4/psoc creator/import/gnu/arm/5.4.1/bin/../lib/gcc/arm-none-eabi/5.4.1/../../../../arm-none-eabi/lib/armv7-m\libc_nano.a
END GROUP
LOAD c:/program files (x86)/cypress/psoc creator/4.4/psoc creator/import/gnu/arm/5.4.1/bin/../lib/gcc/arm-none-eabi/5.4.1/armv7-m/crtend.o
LOAD c:/program files (x86)/cypress/psoc creator/4.4/psoc creator/import/gnu/arm/5.4.1/bin/../lib/gcc/arm-none-eabi/5.4.1/armv7-m/crtn.o
START GROUP
LOAD c:/program files (x86)/cypress/psoc creator/4.4/psoc creator/import/gnu/arm/5.4.1/bin/../lib/gcc/arm-none-eabi/5.4.1/armv7-m\libgcc.a
LOAD c:/program files (x86)/cypress/psoc creator/4.4/psoc creator/import/gnu/arm/5.4.1/bin/../lib/gcc/arm-none-eabi/5.4.1/../../../../arm-none-eabi/lib/armv7-m\libc.a
LOAD c:/program files (x86)/cypress/psoc creator/4.4/psoc creator/import/gnu/arm/5.4.1/bin/../lib/gcc/arm-none-eabi/5.4.1/../../../../arm-none-eabi/lib/armv7-m\libnosys.a
END GROUP
                0x00000000                CY_APPL_ORIGIN = 0x0
                0x00000100                CY_FLASH_ROW_SIZE = 0x100
                0x00000020                CY_ECC_ROW_SIZE = 0x20
                0x00000000                CY_EE_IN_BTLDR = 0x0
                0x00000000                CY_APPL_LOADABLE = 0x0
                0x00000800                CY_EE_SIZE = 0x800
                0x00000001                CY_APPL_NUM = 0x1
                0x00000001                CY_APPL_MAX = 0x1
                0x00000040                CY_METADATA_SIZE = 0x40
                0x00000000                CY_APPL_LOADABLE = 0x0
                0x00000000                CY_CHECKSUM_EXCLUDE_SIZE = ALIGN (0x0, CY_FLASH_ROW_SIZE)
                [!provide]                PROVIDE (__cy_heap_start, _end)
                0x00000001                PROVIDE (__cy_region_num, ((__cy_regions_end - __cy_regions) / 0x10))
                0x20008000                PROVIDE (__cy_stack, (ORIGIN (ram) + LENGTH (ram)))
                [!provide]                PROVIDE (__cy_heap_end, (__cy_stack - 0x800))

.cybootloader   0x00000000        0x0
 *(.cybootloader)
                0x00000000                appl1_start = CY_APPL_ORIGIN?CY_APPL_ORIGIN:ALIGN (CY_FLASH_ROW_SIZE)
                0x0001ff00                appl2_start = (appl1_start + ALIGN ((((LENGTH (rom) - appl1_start) - (0x2 * CY_FLASH_ROW_SIZE)) / 0x2), CY_FLASH_ROW_SIZE))
                0x00000000                appl_start = (CY_APPL_NUM == 0x1)?appl1_start:appl2_start
                0x00000000                ecc_offset = ((appl_start / CY_FLASH_ROW_SIZE) * CY_ECC_ROW_SIZE)
                0x00000000                ee_offset = (CY_APPL_LOADABLE && ! (CY_EE_IN_BTLDR))?((CY_EE_SIZE / CY_APPL_MAX) * (CY_APPL_NUM - 0x1)):0x0
                0x00000800                ee_size = (CY_APPL_LOADABLE && ! (CY_EE_IN_BTLDR))?(CY_EE_SIZE / CY_APPL_MAX):CY_EE_SIZE
                [!provide]                PROVIDE (CY_ECC_OFFSET, ecc_offset)

.text           0x00000000     0x18d6
 CREATE_OBJECT_SYMBOLS
                0x00000000                PROVIDE (__cy_interrupt_vector, RomVectors)
 *(.romvectors)
 .romvectors    0x00000000       0x10 .\CortexM3\ARM_GCC_541\Debug\Cm3Start.o
                0x00000000                RomVectors
                0x00000001                ASSERT ((. != __cy_interrupt_vector), No interrupt vector)
                0x00000001                ASSERT (CY_APPL_ORIGIN?(SIZEOF (.cybootloader) <= CY_APPL_ORIGIN):0x1, Wrong image location)
                0x00000010                PROVIDE (__cy_reset, Reset)
 *(.text.Reset)
 .text.Reset    0x00000010       0x18 .\CortexM3\ARM_GCC_541\Debug\Cm3Start.o
                0x00000010                Reset
                0x00000001                ASSERT ((. != __cy_reset), No reset code)
 *(.dma_init)
                0x00000001                ASSERT ((((appl_start + .) <= 0x10000) || 0x1), DMA Init must be within the first 64k of flash)
 *(.text .text.* .gnu.linkonce.t.*)
 .text          0x00000028       0x5c c:/program files (x86)/cypress/psoc creator/4.4/psoc creator/import/gnu/arm/5.4.1/bin/../lib/gcc/arm-none-eabi/5.4.1/armv7-m/crtbegin.o
 .text.main     0x00000084       0xf0 .\CortexM3\ARM_GCC_541\Debug\main.o
                0x00000084                main
 .text.get_MC_Voltage
                0x00000174       0x18 .\CortexM3\ARM_GCC_541\Debug\can_manager.o
                0x00000174                get_MC_Voltage
 .text.get_HV_Requested
                0x0000018c        0xc .\CortexM3\ARM_GCC_541\Debug\can_manager.o
                0x0000018c                get_HV_Requested
 .text.get_RUN_FAULT_SUM
                0x00000198       0x18 .\CortexM3\ARM_GCC_541\Debug\can_manager.o
                0x00000198                get_RUN_FAULT_SUM
 .text.can_send
                0x000001b0       0x40 .\CortexM3\ARM_GCC_541\Debug\can_manager.o
                0x000001b0                can_send
 .text.close_precharge
                0x000001f0       0x18 .\CortexM3\ARM_GCC_541\Debug\can_manager.o
                0x000001f0                close_precharge
 .text.open_precharge
                0x00000208       0x18 .\CortexM3\ARM_GCC_541\Debug\can_manager.o
                0x00000208                open_precharge
 .text.clear_interlock
                0x00000220       0x10 .\CortexM3\ARM_GCC_541\Debug\can_manager.o
                0x00000220                clear_interlock
 .text.can_send_PEI
                0x00000230       0x28 .\CortexM3\ARM_GCC_541\Debug\can_manager.o
                0x00000230                can_send_PEI
 .text.CyClockStartupError
                0x00000258        0x4 .\CortexM3\ARM_GCC_541\Debug\cyfitter_cfg.o
 .text.cfg_write_bytes32
                0x0000025c       0x34 .\CortexM3\ARM_GCC_541\Debug\cyfitter_cfg.o
 .text.AnalogSetDefault
                0x00000290       0x3c .\CortexM3\ARM_GCC_541\Debug\cyfitter_cfg.o
 .text.CYMEMZERO
                0x000002cc        0xc .\CortexM3\ARM_GCC_541\Debug\cyfitter_cfg.o
 .text.CYCONFIGCPY
                0x000002d8        0x8 .\CortexM3\ARM_GCC_541\Debug\cyfitter_cfg.o
 .text.ClockSetup
                0x000002e0       0xf8 .\CortexM3\ARM_GCC_541\Debug\cyfitter_cfg.o
 .text.ADC_DelSig_1_AMux_Set
                0x000003d8       0x1c .\CortexM3\ARM_GCC_541\Debug\cyfitter_cfg.o
                0x000003d8                ADC_DelSig_1_AMux_Set
 .text.ADC_DelSig_1_AMux_Unset
                0x000003f4       0x1c .\CortexM3\ARM_GCC_541\Debug\cyfitter_cfg.o
                0x000003f4                ADC_DelSig_1_AMux_Unset
 .text.cyfitter_cfg
                0x00000410      0x164 .\CortexM3\ARM_GCC_541\Debug\cyfitter_cfg.o
                0x00000410                cyfitter_cfg
 .text.IntDefaultHandler
                0x00000574       0x10 .\CortexM3\ARM_GCC_541\Debug\Cm3Start.o
                0x00000574                IntDefaultHandler
 .text.Start_c  0x00000584       0x4c .\CortexM3\ARM_GCC_541\Debug\Cm3Start.o
                0x00000584                Start_c
 .text.initialize_psoc
                0x000005d0       0x68 .\CortexM3\ARM_GCC_541\Debug\Cm3Start.o
                0x000005d0                initialize_psoc
 .text.SD_IN_Read
                0x00000638       0x10 .\CortexM3\ARM_GCC_541\Debug\Design01.a(SD_IN.o)
                0x00000638                SD_IN_Read
 .text.SD_FINAL_Read
                0x00000648       0x10 .\CortexM3\ARM_GCC_541\Debug\Design01.a(SD_FINAL.o)
                0x00000648                SD_FINAL_Read
 .text.CAN_GlobalIntEnable
                0x00000658       0x20 .\CortexM3\ARM_GCC_541\Debug\Design01.a(CAN.o)
                0x00000658                CAN_GlobalIntEnable
 .text.CAN_Enable
                0x00000678       0x6c .\CortexM3\ARM_GCC_541\Debug\Design01.a(CAN.o)
                0x00000678                CAN_Enable
 .text.CAN_SetPreScaler
                0x000006e4       0x24 .\CortexM3\ARM_GCC_541\Debug\Design01.a(CAN.o)
                0x000006e4                CAN_SetPreScaler
 .text.CAN_SetArbiter
                0x00000708       0x3c .\CortexM3\ARM_GCC_541\Debug\Design01.a(CAN.o)
                0x00000708                CAN_SetArbiter
 .text.CAN_SetTsegSample
                0x00000744       0x84 .\CortexM3\ARM_GCC_541\Debug\Design01.a(CAN.o)
                0x00000744                CAN_SetTsegSample
 .text.CAN_SetRestartType
                0x000007c8       0x3c .\CortexM3\ARM_GCC_541\Debug\Design01.a(CAN.o)
                0x000007c8                CAN_SetRestartType
 .text.CAN_SetEdgeMode
                0x00000804       0x3c .\CortexM3\ARM_GCC_541\Debug\Design01.a(CAN.o)
                0x00000804                CAN_SetEdgeMode
 .text.CAN_SetIrqMask
                0x00000840       0x18 .\CortexM3\ARM_GCC_541\Debug\Design01.a(CAN.o)
                0x00000840                CAN_SetIrqMask
 .text.CAN_RxBufConfig
                0x00000858       0x90 .\CortexM3\ARM_GCC_541\Debug\Design01.a(CAN.o)
                0x00000858                CAN_RxBufConfig
 .text.CAN_TxBufConfig
                0x000008e8       0x54 .\CortexM3\ARM_GCC_541\Debug\Design01.a(CAN.o)
                0x000008e8                CAN_TxBufConfig
 .text.CAN_RxTxBuffersConfig
                0x0000093c       0x50 .\CortexM3\ARM_GCC_541\Debug\Design01.a(CAN.o)
                0x0000093c                CAN_RxTxBuffersConfig
 .text.CAN_Init
                0x0000098c       0xe0 .\CortexM3\ARM_GCC_541\Debug\Design01.a(CAN.o)
                0x0000098c                CAN_Init
 .text.CAN_Start
                0x00000a6c       0x24 .\CortexM3\ARM_GCC_541\Debug\Design01.a(CAN.o)
                0x00000a6c                CAN_Start
 .text.CAN_MsgRXIsr
                0x00000a90       0x7c .\CortexM3\ARM_GCC_541\Debug\Design01.a(CAN_INT.o)
                0x00000a90                CAN_MsgRXIsr
 .text.CAN_ISR  0x00000b0c       0x18 .\CortexM3\ARM_GCC_541\Debug\Design01.a(CAN_INT.o)
                0x00000b0c                CAN_ISR
 .text.CAN_SendMsg
                0x00000b24       0xdc .\CortexM3\ARM_GCC_541\Debug\Design01.a(CAN_TX_RX_func.o)
                0x00000b24                CAN_SendMsg
 .text.CAN_ReceiveMsg
                0x00000c00       0x1c .\CortexM3\ARM_GCC_541\Debug\Design01.a(CAN_TX_RX_func.o)
                0x00000c00                CAN_ReceiveMsg
 .text.CAN_ReceiveMsgTorque_Request_Command
                0x00000c1c       0x28 .\CortexM3\ARM_GCC_541\Debug\Design01.a(CAN_TX_RX_func.o)
                0x00000c1c                CAN_ReceiveMsgTorque_Request_Command
 .text.CAN_ReceiveMsgMC_Debug
                0x00000c44       0x40 .\CortexM3\ARM_GCC_541\Debug\Design01.a(CAN_TX_RX_func.o)
                0x00000c44                CAN_ReceiveMsgMC_Debug
 .text.CAN_ReceiveMsgMC_ESTOP
                0x00000c84       0x1c .\CortexM3\ARM_GCC_541\Debug\Design01.a(CAN_TX_RX_func.o)
                0x00000c84                CAN_ReceiveMsgMC_ESTOP
 .text.CAN_ReceiveMsgBSPD_Flags
                0x00000ca0       0x3c .\CortexM3\ARM_GCC_541\Debug\Design01.a(CAN_TX_RX_func.o)
                0x00000ca0                CAN_ReceiveMsgBSPD_Flags
 .text.CAN_ReceiveMsgMC_Fault
                0x00000cdc       0x70 .\CortexM3\ARM_GCC_541\Debug\Design01.a(CAN_TX_RX_func.o)
                0x00000cdc                CAN_ReceiveMsgMC_Fault
 .text.CAN_ReceiveMsgMC_Voltage
                0x00000d4c       0x28 .\CortexM3\ARM_GCC_541\Debug\Design01.a(CAN_TX_RX_func.o)
                0x00000d4c                CAN_ReceiveMsgMC_Voltage
 .text.AIR_NEG_Write
                0x00000d74       0x18 .\CortexM3\ARM_GCC_541\Debug\Design01.a(AIR_NEG.o)
                0x00000d74                AIR_NEG_Write
 .text.AIR_POS_Write
                0x00000d8c       0x18 .\CortexM3\ARM_GCC_541\Debug\Design01.a(AIR_POS.o)
                0x00000d8c                AIR_POS_Write
 .text.Precharge_Write
                0x00000da4       0x18 .\CortexM3\ARM_GCC_541\Debug\Design01.a(Precharge.o)
                0x00000da4                Precharge_Write
 .text.IMD_Fault_Read
                0x00000dbc       0x10 .\CortexM3\ARM_GCC_541\Debug\Design01.a(IMD_Fault.o)
                0x00000dbc                IMD_Fault_Read
 .text.BMS_Fault_Read
                0x00000dcc        0xc .\CortexM3\ARM_GCC_541\Debug\Design01.a(BMS_Fault.o)
                0x00000dcc                BMS_Fault_Read
 .text.CyHalt   0x00000dd8        0x4 .\CortexM3\ARM_GCC_541\Debug\Design01.a(CyLib.o)
                0x00000dd8                CyHalt
 .text.CyDelay  0x00000ddc       0x2c .\CortexM3\ARM_GCC_541\Debug\Design01.a(CyLib.o)
                0x00000ddc                CyDelay
 .text.CyDelayUs
                0x00000e08       0x14 .\CortexM3\ARM_GCC_541\Debug\Design01.a(CyLib.o)
                0x00000e08                CyDelayUs
 .text.CyIntSetVector
                0x00000e1c       0x28 .\CortexM3\ARM_GCC_541\Debug\Design01.a(CyLib.o)
                0x00000e1c                CyIntSetVector
 .text.CyIntSetPriority
                0x00000e44       0x30 .\CortexM3\ARM_GCC_541\Debug\Design01.a(CyLib.o)
                0x00000e44                CyIntSetPriority
 .text.ADC_DelSig_1_GainCompensation
                0x00000e74       0xe0 .\CortexM3\ARM_GCC_541\Debug\Design01.a(ADC_DelSig_1.o)
 .text.ADC_DelSig_1_SetDSMRef0Reg
                0x00000f54       0x4c .\CortexM3\ARM_GCC_541\Debug\Design01.a(ADC_DelSig_1.o)
 .text.ADC_DelSig_1_InitConfig
                0x00000fa0      0x32c .\CortexM3\ARM_GCC_541\Debug\Design01.a(ADC_DelSig_1.o)
 .text.ADC_DelSig_1_Init
                0x000012cc      0x108 .\CortexM3\ARM_GCC_541\Debug\Design01.a(ADC_DelSig_1.o)
                0x000012cc                ADC_DelSig_1_Init
 .text.ADC_DelSig_1_Enable
                0x000013d4       0xd8 .\CortexM3\ARM_GCC_541\Debug\Design01.a(ADC_DelSig_1.o)
                0x000013d4                ADC_DelSig_1_Enable
 .text.ADC_DelSig_1_Start
                0x000014ac       0x28 .\CortexM3\ARM_GCC_541\Debug\Design01.a(ADC_DelSig_1.o)
                0x000014ac                ADC_DelSig_1_Start
 .text.ADC_DelSig_1_StartConvert
                0x000014d4       0x10 .\CortexM3\ARM_GCC_541\Debug\Design01.a(ADC_DelSig_1.o)
                0x000014d4                ADC_DelSig_1_StartConvert
 .text.ADC_DelSig_1_StopConvert
                0x000014e4       0x10 .\CortexM3\ARM_GCC_541\Debug\Design01.a(ADC_DelSig_1.o)
                0x000014e4                ADC_DelSig_1_StopConvert
 .text.ADC_DelSig_1_IsEndConversion
                0x000014f4       0x30 .\CortexM3\ARM_GCC_541\Debug\Design01.a(ADC_DelSig_1.o)
                0x000014f4                ADC_DelSig_1_IsEndConversion
 .text.ADC_DelSig_1_GetResult32
                0x00001524       0x6c .\CortexM3\ARM_GCC_541\Debug\Design01.a(ADC_DelSig_1.o)
                0x00001524                ADC_DelSig_1_GetResult32
 .text.ADC_DelSig_1_CountsTo_mVolts
                0x00001590       0x24 .\CortexM3\ARM_GCC_541\Debug\Design01.a(ADC_DelSig_1.o)
                0x00001590                ADC_DelSig_1_CountsTo_mVolts
 .text.ADC_DelSig_1_Read32
                0x000015b4       0x28 .\CortexM3\ARM_GCC_541\Debug\Design01.a(ADC_DelSig_1.o)
                0x000015b4                ADC_DelSig_1_Read32
 .text.ADC_DelSig_1_ISR1
                0x000015dc        0x4 .\CortexM3\ARM_GCC_541\Debug\Design01.a(ADC_DelSig_1_INT.o)
                0x000015dc                ADC_DelSig_1_ISR1
 .text.ADC_DelSig_1_ISR2
                0x000015e0        0x4 .\CortexM3\ARM_GCC_541\Debug\Design01.a(ADC_DelSig_1_INT.o)
                0x000015e0                ADC_DelSig_1_ISR2
 .text.ADC_DelSig_1_ISR3
                0x000015e4        0x4 .\CortexM3\ARM_GCC_541\Debug\Design01.a(ADC_DelSig_1_INT.o)
                0x000015e4                ADC_DelSig_1_ISR3
 .text.ADC_DelSig_1_ISR4
                0x000015e8        0x4 .\CortexM3\ARM_GCC_541\Debug\Design01.a(ADC_DelSig_1_INT.o)
                0x000015e8                ADC_DelSig_1_ISR4
 .text.ADC_DelSig_1_AMux_Start
                0x000015ec       0x20 .\CortexM3\ARM_GCC_541\Debug\Design01.a(ADC_DelSig_1_AMux.o)
                0x000015ec                ADC_DelSig_1_AMux_Start
 .text.ADC_DelSig_1_AMux_Select
                0x0000160c       0x18 .\CortexM3\ARM_GCC_541\Debug\Design01.a(ADC_DelSig_1_AMux.o)
                0x0000160c                ADC_DelSig_1_AMux_Select
 .text.ADC_DelSig_1_Ext_CP_Clk_GetDividerRegister
                0x00001624        0xc .\CortexM3\ARM_GCC_541\Debug\Design01.a(ADC_DelSig_1_Ext_CP_Clk.o)
                0x00001624                ADC_DelSig_1_Ext_CP_Clk_GetDividerRegister
 .text.ADC_DelSig_1_Ext_CP_Clk_SetModeRegister
                0x00001630       0x14 .\CortexM3\ARM_GCC_541\Debug\Design01.a(ADC_DelSig_1_Ext_CP_Clk.o)
                0x00001630                ADC_DelSig_1_Ext_CP_Clk_SetModeRegister
 .text.ADC_DelSig_1_Ext_CP_Clk_GetSourceRegister
                0x00001644       0x10 .\CortexM3\ARM_GCC_541\Debug\Design01.a(ADC_DelSig_1_Ext_CP_Clk.o)
                0x00001644                ADC_DelSig_1_Ext_CP_Clk_GetSourceRegister
 .text.ADC_DelSig_1_Ext_CP_Clk_SetDividerRegister
                0x00001654       0xd8 .\CortexM3\ARM_GCC_541\Debug\Design01.a(ADC_DelSig_1_Ext_CP_Clk.o)
                0x00001654                ADC_DelSig_1_Ext_CP_Clk_SetDividerRegister
 .text.ADC_DelSig_1_theACLK_GetDividerRegister
                0x0000172c        0xc .\CortexM3\ARM_GCC_541\Debug\Design01.a(ADC_DelSig_1_theACLK.o)
                0x0000172c                ADC_DelSig_1_theACLK_GetDividerRegister
 .text.ADC_DelSig_1_theACLK_SetModeRegister
                0x00001738       0x14 .\CortexM3\ARM_GCC_541\Debug\Design01.a(ADC_DelSig_1_theACLK.o)
                0x00001738                ADC_DelSig_1_theACLK_SetModeRegister
 .text.ADC_DelSig_1_theACLK_GetSourceRegister
                0x0000174c       0x10 .\CortexM3\ARM_GCC_541\Debug\Design01.a(ADC_DelSig_1_theACLK.o)
                0x0000174c                ADC_DelSig_1_theACLK_GetSourceRegister
 .text.ADC_DelSig_1_theACLK_SetDividerRegister
                0x0000175c       0xd8 .\CortexM3\ARM_GCC_541\Debug\Design01.a(ADC_DelSig_1_theACLK.o)
                0x0000175c                ADC_DelSig_1_theACLK_SetDividerRegister
 *fill*         0x00001834        0x4 
 .text          0x00001838       0x20 .\CortexM3\ARM_GCC_541\Debug\Design01.a(CyBootAsmGnu.o)
                0x00001838                CyDelayCycles
                0x00001848                CyEnterCriticalSection
                0x00001850                CyExitCriticalSection
 .text.__errno  0x00001858        0xc c:/program files (x86)/cypress/psoc creator/4.4/psoc creator/import/gnu/arm/5.4.1/bin/../lib/gcc/arm-none-eabi/5.4.1/../../../../arm-none-eabi/lib/armv7-m\libg_nano.a(lib_a-errno.o)
                0x00001858                __errno
 .text.__libc_init_array
                0x00001864       0x4c c:/program files (x86)/cypress/psoc creator/4.4/psoc creator/import/gnu/arm/5.4.1/bin/../lib/gcc/arm-none-eabi/5.4.1/../../../../arm-none-eabi/lib/armv7-m\libg_nano.a(lib_a-init.o)
                0x00001864                __libc_init_array
 .text.memcpy   0x000018b0       0x16 c:/program files (x86)/cypress/psoc creator/4.4/psoc creator/import/gnu/arm/5.4.1/bin/../lib/gcc/arm-none-eabi/5.4.1/../../../../arm-none-eabi/lib/armv7-m\libg_nano.a(lib_a-memcpy-stub.o)
                0x000018b0                memcpy
 .text.memset   0x000018c6       0x10 c:/program files (x86)/cypress/psoc creator/4.4/psoc creator/import/gnu/arm/5.4.1/bin/../lib/gcc/arm-none-eabi/5.4.1/../../../../arm-none-eabi/lib/armv7-m\libg_nano.a(lib_a-memset.o)
                0x000018c6                memset
 *(.plt)
 *(.gnu.warning)
 *(.glue_7t)
 .glue_7t       0x000018d6        0x0 linker stubs
 *(.glue_7)
 .glue_7        0x000018d6        0x0 linker stubs
 *(.vfp11_veneer)
 .vfp11_veneer  0x000018d6        0x0 linker stubs
 *(.bootloader)
 *(.ARM.extab* .gnu.linkonce.armextab.*)
 *(.gcc_except_table)

.v4_bx          0x000018d8        0x0
 .v4_bx         0x000018d8        0x0 linker stubs

.iplt           0x000018d8        0x0
 .iplt          0x000018d8        0x0 c:/program files (x86)/cypress/psoc creator/4.4/psoc creator/import/gnu/arm/5.4.1/bin/../lib/gcc/arm-none-eabi/5.4.1/armv7-m/crtbegin.o

.eh_frame_hdr
 *(.eh_frame_hdr)

.eh_frame       0x000018d8        0x4
 *(.eh_frame)
 .eh_frame      0x000018d8        0x0 c:/program files (x86)/cypress/psoc creator/4.4/psoc creator/import/gnu/arm/5.4.1/bin/../lib/gcc/arm-none-eabi/5.4.1/armv7-m/crtbegin.o
 .eh_frame      0x000018d8        0x4 c:/program files (x86)/cypress/psoc creator/4.4/psoc creator/import/gnu/arm/5.4.1/bin/../lib/gcc/arm-none-eabi/5.4.1/armv7-m/crtend.o
                [!provide]                PROVIDE (__exidx_start, .)

.ARM.exidx
 *(.ARM.exidx* .gnu.linkonce.armexidx.*)
                0x000018dc                __exidx_end = .

.rodata         0x000018dc      0x1dc
 *(.rodata .rodata.* .gnu.linkonce.r.*)
 .rodata        0x000018dc       0x42 .\CortexM3\ARM_GCC_541\Debug\cyfitter_cfg.o
                0x000018dc                ADC_DelSig_1_AMux__addrTable
                0x000018e4                ADC_DelSig_1_AMux__maskTable
 *fill*         0x0000191e        0x2 
 .rodata        0x00001920      0x160 .\CortexM3\ARM_GCC_541\Debug\Design01.a(CAN.o)
 .rodata.str1.1
                0x00001a80        0x2 c:/program files (x86)/cypress/psoc creator/4.4/psoc creator/import/gnu/arm/5.4.1/bin/../lib/gcc/arm-none-eabi/5.4.1/../../../../arm-none-eabi/lib/armv7-m\libg_nano.a(lib_a-impure.o)
                0x00001a84                . = ALIGN (0x4)
 *fill*         0x00001a82        0x2 
 *(.init)
 .init          0x00001a84        0x4 c:/program files (x86)/cypress/psoc creator/4.4/psoc creator/import/gnu/arm/5.4.1/bin/../lib/gcc/arm-none-eabi/5.4.1/armv7-m/crti.o
                0x00001a84                _init
 .init          0x00001a88        0x8 c:/program files (x86)/cypress/psoc creator/4.4/psoc creator/import/gnu/arm/5.4.1/bin/../lib/gcc/arm-none-eabi/5.4.1/armv7-m/crtn.o
                0x00001a90                . = ALIGN (0x4)
                0x00001a90                __preinit_array_start = .
 *(.preinit_array)
                0x00001a90                __preinit_array_end = .
                0x00001a90                . = ALIGN (0x4)
                0x00001a90                __init_array_start = .
 *(SORT(.init_array.*))
 *(.init_array)
 .init_array    0x00001a90        0x4 c:/program files (x86)/cypress/psoc creator/4.4/psoc creator/import/gnu/arm/5.4.1/bin/../lib/gcc/arm-none-eabi/5.4.1/armv7-m/crtbegin.o
 .init_array    0x00001a94        0x4 .\CortexM3\ARM_GCC_541\Debug\Cm3Start.o
                0x00001a98                __init_array_end = .
                0x00001a98                . = ALIGN (0x4)
 *(.fini)
 .fini          0x00001a98        0x4 c:/program files (x86)/cypress/psoc creator/4.4/psoc creator/import/gnu/arm/5.4.1/bin/../lib/gcc/arm-none-eabi/5.4.1/armv7-m/crti.o
                0x00001a98                _fini
 .fini          0x00001a9c        0x8 c:/program files (x86)/cypress/psoc creator/4.4/psoc creator/import/gnu/arm/5.4.1/bin/../lib/gcc/arm-none-eabi/5.4.1/armv7-m/crtn.o
                0x00001aa4                . = ALIGN (0x4)
                0x00001aa4                __fini_array_start = .
 *(.fini_array)
 .fini_array    0x00001aa4        0x4 c:/program files (x86)/cypress/psoc creator/4.4/psoc creator/import/gnu/arm/5.4.1/bin/../lib/gcc/arm-none-eabi/5.4.1/armv7-m/crtbegin.o
 *(SORT(.fini_array.*))
                0x00001aa8                __fini_array_end = .
                0x00001aa8                . = ALIGN (0x4)
 *crtbegin.o(.ctors)
 *(EXCLUDE_FILE(*crtend.o) .ctors)
 *(SORT(.ctors.*))
 *crtend.o(.ctors)
                0x00001aa8                . = ALIGN (0x4)
 *crtbegin.o(.dtors)
 *(EXCLUDE_FILE(*crtend.o) .dtors)
 *(SORT(.dtors.*))
 *crtend.o(.dtors)
                0x00001aa8                . = ALIGN (0x4)
                0x00001aa8                __cy_regions = .
                0x00001aa8        0x4 LONG 0x1ab8 __cy_region_init_ram
                0x00001aac        0x4 LONG 0x1fff80c8 __cy_region_start_data
                0x00001ab0        0x4 LONG 0x80 __cy_region_init_size_ram
                0x00001ab4        0x4 LONG 0x50 __cy_region_zero_size_ram
                0x00001ab8                __cy_regions_end = .
                0x00001ab8                . = ALIGN (0x8)
                0x00001ab8                _etext = .

.cy_checksum_exclude
                0x00001ab8        0x0
 *(.cy_checksum_exclude)

.ramvectors     0x1fff8000       0xc0
                0x1fff8000                __cy_region_start_ram = .
 *(.ramvectors)
 .ramvectors    0x1fff8000       0xc0 .\CortexM3\ARM_GCC_541\Debug\Cm3Start.o
                0x1fff8000                CyRamVectors

.noinit         0x1fff80c0        0x1
 *(.noinit)
 .noinit        0x1fff80c0        0x1 .\CortexM3\ARM_GCC_541\Debug\Design01.a(CyLib.o)
                0x1fff80c0                CyResetStatus

.data           0x1fff80c8       0x80 load address 0x00001ab8
                0x1fff80c8                __cy_region_start_data = .
 *(.jcr)
 .jcr           0x1fff80c8        0x0 c:/program files (x86)/cypress/psoc creator/4.4/psoc creator/import/gnu/arm/5.4.1/bin/../lib/gcc/arm-none-eabi/5.4.1/armv7-m/crtbegin.o
 .jcr           0x1fff80c8        0x4 c:/program files (x86)/cypress/psoc creator/4.4/psoc creator/import/gnu/arm/5.4.1/bin/../lib/gcc/arm-none-eabi/5.4.1/armv7-m/crtend.o
 *(.got.plt)
 *(.got)
 *(.shdata)
 *(.data .data.* .gnu.linkonce.d.*)
 .data          0x1fff80cc        0x4 .\CortexM3\ARM_GCC_541\Debug\main.o
                0x1fff80cc                state
 .data          0x1fff80d0       0x10 .\CortexM3\ARM_GCC_541\Debug\Design01.a(CyLib.o)
                0x1fff80d0                cydelay_32k_ms
                0x1fff80d4                cydelay_freq_khz
                0x1fff80d8                cydelay_freq_mhz
                0x1fff80dc                cydelay_freq_hz
 .data          0x1fff80e0        0x1 .\CortexM3\ARM_GCC_541\Debug\Design01.a(ADC_DelSig_1.o)
                0x1fff80e0                ADC_DelSig_1_Config
 .data          0x1fff80e1        0x1 .\CortexM3\ARM_GCC_541\Debug\Design01.a(ADC_DelSig_1_AMux.o)
 *fill*         0x1fff80e2        0x2 
 .data.impure_data
                0x1fff80e4       0x60 c:/program files (x86)/cypress/psoc creator/4.4/psoc creator/import/gnu/arm/5.4.1/bin/../lib/gcc/arm-none-eabi/5.4.1/../../../../arm-none-eabi/lib/armv7-m\libg_nano.a(lib_a-impure.o)
 .data._impure_ptr
                0x1fff8144        0x4 c:/program files (x86)/cypress/psoc creator/4.4/psoc creator/import/gnu/arm/5.4.1/bin/../lib/gcc/arm-none-eabi/5.4.1/../../../../arm-none-eabi/lib/armv7-m\libg_nano.a(lib_a-impure.o)
                0x1fff8144                _impure_ptr
                0x1fff8148                . = ALIGN (0x8)
 *(.ram)
                0x1fff8148                _edata = .

.igot.plt       0x1fff8148        0x0 load address 0x00001b38
 .igot.plt      0x1fff8148        0x0 c:/program files (x86)/cypress/psoc creator/4.4/psoc creator/import/gnu/arm/5.4.1/bin/../lib/gcc/arm-none-eabi/5.4.1/armv7-m/crtbegin.o

.bss            0x1fff8148       0x50 load address 0x00001b38
                0x1fff8148                PROVIDE (__bss_start__, .)
 *(.shbss)
 *(.bss .bss.* .gnu.linkonce.b.*)
 .bss           0x1fff8148       0x1c c:/program files (x86)/cypress/psoc creator/4.4/psoc creator/import/gnu/arm/5.4.1/bin/../lib/gcc/arm-none-eabi/5.4.1/armv7-m/crtbegin.o
 .bss           0x1fff8164       0x11 .\CortexM3\ARM_GCC_541\Debug\can_manager.o
                0x1fff8164                HV_REQUEST_TR
                0x1fff8165                VEHICLE_STATE
                0x1fff8166                THROTTLE
                0x1fff8167                STATE
                0x1fff8168                POST_FAULT_LO_1
                0x1fff8169                POST_FAULT_LO_2
                0x1fff816a                POST_FAULT_HI_1
                0x1fff816b                POST_FAULT_HI_2
                0x1fff816c                RUN_FAULT_LO_1
                0x1fff816d                RUN_FAULT_LO_2
                0x1fff816e                RUN_FAULT_HI_1
                0x1fff816f                RUN_FAULT_HI_2
                0x1fff8170                SET_INTERLOCK
                0x1fff8171                HV_REQUEST_MC
                0x1fff8172                ESTOP_MC
                0x1fff8173                THROTTLE_HIGH
                0x1fff8174                THROTTLE_LOW
 .bss           0x1fff8175        0x1 .\CortexM3\ARM_GCC_541\Debug\Design01.a(CAN.o)
                0x1fff8175                CAN_initVar
 *fill*         0x1fff8176        0x2 
 .bss           0x1fff8178       0x18 .\CortexM3\ARM_GCC_541\Debug\Design01.a(ADC_DelSig_1.o)
                0x1fff8188                ADC_DelSig_1_stopConversion
                0x1fff8189                ADC_DelSig_1_convDone
                0x1fff818a                ADC_DelSig_1_initVar
                0x1fff818b                ADC_DelSig_1_started
                0x1fff818c                ADC_DelSig_1_Offset
 *(COMMON)
 COMMON         0x1fff8190        0x1 .\CortexM3\ARM_GCC_541\Debug\main.o
                0x1fff8190                e_stop
 COMMON         0x1fff8191        0x2 .\CortexM3\ARM_GCC_541\Debug\can_manager.o
                0x1fff8191                MC_VOLTAGE_UPPER
                0x1fff8192                MC_VOLTAGE_LOWER
 *fill*         0x1fff8193        0x1 
 COMMON         0x1fff8194        0x4 .\CortexM3\ARM_GCC_541\Debug\Design01.a(ADC_DelSig_1.o)
                0x1fff8194                ADC_DelSig_1_CountsPerVolt
                0x1fff8198                . = ALIGN (0x8)
 *(.ram.b)
                0x1fff8198                _end = .
                0x1fff8198                __end = .
                0x1fff8198                PROVIDE (end, .)
                0x1fff8198                PROVIDE (__bss_end__, .)
                0x00001ab8                __cy_region_init_ram = LOADADDR (.data)
                0x00000080                __cy_region_init_size_ram = (_edata - ADDR (.data))
                0x00000050                __cy_region_zero_size_ram = (_end - _edata)

.heap           0x1fff8198       0x80 load address 0x00001b38
                0x1fff8198                . = _end
                0x1fff8218                . = (. + 0x80)
 *fill*         0x1fff8198       0x80 
                0x1fff8218                __cy_heap_limit = .

.stack          0x20007800      0x800
                0x20007800                __cy_stack_limit = .
                0x20008000                . = (. + 0x800)
 *fill*         0x20007800      0x800 
                0x00000001                ASSERT ((__cy_stack_limit >= __cy_heap_limit), region RAM overflowed with stack)
                0x00000000                cy_checksum_exclude_size = (CY_APPL_LOADABLE == 0x1)?SIZEOF (.cy_checksum_exclude):0x0
                0x00000001                ASSERT ((cy_checksum_exclude_size <= CY_CHECKSUM_EXCLUDE_SIZE), CY_BOOT: Section .cy_checksum_exclude size exceedes specified limit.)

.cyloadermeta
 *(.cyloadermeta)

.cyloadablemeta
 *(.cyloadablemeta)

.cyconfigecc    0x80000000      0x2d8
 *(.cyconfigecc)
 .cyconfigecc   0x80000000      0x2d8 .\CortexM3\ARM_GCC_541\Debug\cymetadata.o
                0x80000000                cy_meta_configecc

.cycustnvl      0x90000000        0x4
 *(.cycustnvl)
 .cycustnvl     0x90000000        0x4 .\CortexM3\ARM_GCC_541\Debug\cymetadata.o
                0x90000000                cy_meta_custnvl

.cywolatch      0x90100000        0x4
 *(.cywolatch)
 .cywolatch     0x90100000        0x4 .\CortexM3\ARM_GCC_541\Debug\cymetadata.o
                0x90100000                cy_meta_wonvl

.cyeeprom       0x90200000        0x0
 *(.cyeeprom)
                0x00000001                ASSERT ((. <= ((0x90200000 + ee_offset) + ee_size)), .cyeeprom data will not fit in EEPROM)

.cyflashprotect
                0x90400000      0x100
 *(.cyflashprotect)
 .cyflashprotect
                0x90400000      0x100 .\CortexM3\ARM_GCC_541\Debug\cymetadata.o
                0x90400000                cy_meta_flashprotect

.cymeta         0x90500000        0xc
 *(.cymeta)
 .cymeta        0x90500000        0xc .\CortexM3\ARM_GCC_541\Debug\cymetadata.o
                0x90500000                cy_metadata

.rel.dyn        0x00001b38        0x0 load address 0x9050000c
 .rel.iplt      0x00001b38        0x0 c:/program files (x86)/cypress/psoc creator/4.4/psoc creator/import/gnu/arm/5.4.1/bin/../lib/gcc/arm-none-eabi/5.4.1/armv7-m/crtbegin.o

.stab
 *(.stab)

.stabstr
 *(.stabstr)

.debug
 *(.debug)

.line
 *(.line)

.debug_srcinfo
 *(.debug_srcinfo)

.debug_sfnames
 *(.debug_sfnames)

.debug_aranges  0x00000000      0xb68
 *(.debug_aranges)
 .debug_aranges
                0x00000000       0x20 .\CortexM3\ARM_GCC_541\Debug\main.o
 .debug_aranges
                0x00000020       0xe8 .\CortexM3\ARM_GCC_541\Debug\can_manager.o
 .debug_aranges
                0x00000108       0x68 .\CortexM3\ARM_GCC_541\Debug\cyfitter_cfg.o
 .debug_aranges
                0x00000170       0x18 .\CortexM3\ARM_GCC_541\Debug\cymetadata.o
 .debug_aranges
                0x00000188       0x48 .\CortexM3\ARM_GCC_541\Debug\Cm3Start.o
 .debug_aranges
                0x000001d0       0x38 .\CortexM3\ARM_GCC_541\Debug\Design01.a(SD_IN.o)
 .debug_aranges
                0x00000208       0x38 .\CortexM3\ARM_GCC_541\Debug\Design01.a(SD_FINAL.o)
 .debug_aranges
                0x00000240       0xc8 .\CortexM3\ARM_GCC_541\Debug\Design01.a(CAN.o)
 .debug_aranges
                0x00000308       0x28 .\CortexM3\ARM_GCC_541\Debug\Design01.a(CAN_INT.o)
 .debug_aranges
                0x00000330       0x80 .\CortexM3\ARM_GCC_541\Debug\Design01.a(CAN_TX_RX_func.o)
 .debug_aranges
                0x000003b0       0x38 .\CortexM3\ARM_GCC_541\Debug\Design01.a(AIR_NEG.o)
 .debug_aranges
                0x000003e8       0x38 .\CortexM3\ARM_GCC_541\Debug\Design01.a(AIR_POS.o)
 .debug_aranges
                0x00000420       0x38 .\CortexM3\ARM_GCC_541\Debug\Design01.a(Precharge.o)
 .debug_aranges
                0x00000458       0x38 .\CortexM3\ARM_GCC_541\Debug\Design01.a(IMD_Fault.o)
 .debug_aranges
                0x00000490       0x38 .\CortexM3\ARM_GCC_541\Debug\Design01.a(BMS_Fault.o)
 .debug_aranges
                0x000004c8      0x2a0 .\CortexM3\ARM_GCC_541\Debug\Design01.a(CyLib.o)
 .debug_aranges
                0x00000768       0x98 .\CortexM3\ARM_GCC_541\Debug\Design01.a(cyPm.o)
 .debug_aranges
                0x00000800       0xe8 .\CortexM3\ARM_GCC_541\Debug\Design01.a(ADC_DelSig_1.o)
 .debug_aranges
                0x000008e8       0x38 .\CortexM3\ARM_GCC_541\Debug\Design01.a(ADC_DelSig_1_INT.o)
 .debug_aranges
                0x00000920       0x30 .\CortexM3\ARM_GCC_541\Debug\Design01.a(ADC_DelSig_1_AMux.o)
 .debug_aranges
                0x00000950       0x70 .\CortexM3\ARM_GCC_541\Debug\Design01.a(ADC_DelSig_1_Ext_CP_Clk.o)
 .debug_aranges
                0x000009c0       0x80 .\CortexM3\ARM_GCC_541\Debug\Design01.a(ADC_DelSig_1_theACLK.o)
 .debug_aranges
                0x00000a40       0x20 .\CortexM3\ARM_GCC_541\Debug\Design01.a(CyBootAsmGnu.o)
 .debug_aranges
                0x00000a60       0x88 .\CortexM3\ARM_GCC_541\Debug\Design01.a(CyFlash.o)
 .debug_aranges
                0x00000ae8       0x80 .\CortexM3\ARM_GCC_541\Debug\Design01.a(CySpc.o)

.debug_pubnames
 *(.debug_pubnames)

.debug_info     0x00000000     0x6df0
 *(.debug_info .gnu.linkonce.wi.*)
 .debug_info    0x00000000      0x36f .\CortexM3\ARM_GCC_541\Debug\main.o
 .debug_info    0x0000036f      0x883 .\CortexM3\ARM_GCC_541\Debug\can_manager.o
 .debug_info    0x00000bf2      0x720 .\CortexM3\ARM_GCC_541\Debug\cyfitter_cfg.o
 .debug_info    0x00001312      0x135 .\CortexM3\ARM_GCC_541\Debug\cymetadata.o
 .debug_info    0x00001447      0x3bb .\CortexM3\ARM_GCC_541\Debug\Cm3Start.o
 .debug_info    0x00001802      0x11f .\CortexM3\ARM_GCC_541\Debug\Design01.a(SD_IN.o)
 .debug_info    0x00001921      0x11f .\CortexM3\ARM_GCC_541\Debug\Design01.a(SD_FINAL.o)
 .debug_info    0x00001a40      0x905 .\CortexM3\ARM_GCC_541\Debug\Design01.a(CAN.o)
 .debug_info    0x00002345      0x28c .\CortexM3\ARM_GCC_541\Debug\Design01.a(CAN_INT.o)
 .debug_info    0x000025d1      0x53c .\CortexM3\ARM_GCC_541\Debug\Design01.a(CAN_TX_RX_func.o)
 .debug_info    0x00002b0d      0x11f .\CortexM3\ARM_GCC_541\Debug\Design01.a(AIR_NEG.o)
 .debug_info    0x00002c2c      0x11f .\CortexM3\ARM_GCC_541\Debug\Design01.a(AIR_POS.o)
 .debug_info    0x00002d4b      0x11f .\CortexM3\ARM_GCC_541\Debug\Design01.a(Precharge.o)
 .debug_info    0x00002e6a      0x11f .\CortexM3\ARM_GCC_541\Debug\Design01.a(IMD_Fault.o)
 .debug_info    0x00002f89      0x11f .\CortexM3\ARM_GCC_541\Debug\Design01.a(BMS_Fault.o)
 .debug_info    0x000030a8     0x1374 .\CortexM3\ARM_GCC_541\Debug\Design01.a(CyLib.o)
 .debug_info    0x0000441c      0xa2a .\CortexM3\ARM_GCC_541\Debug\Design01.a(cyPm.o)
 .debug_info    0x00004e46      0xbee .\CortexM3\ARM_GCC_541\Debug\Design01.a(ADC_DelSig_1.o)
 .debug_info    0x00005a34       0xd3 .\CortexM3\ARM_GCC_541\Debug\Design01.a(ADC_DelSig_1_INT.o)
 .debug_info    0x00005b07      0x165 .\CortexM3\ARM_GCC_541\Debug\Design01.a(ADC_DelSig_1_AMux.o)
 .debug_info    0x00005c6c      0x283 .\CortexM3\ARM_GCC_541\Debug\Design01.a(ADC_DelSig_1_Ext_CP_Clk.o)
 .debug_info    0x00005eef      0x2c4 .\CortexM3\ARM_GCC_541\Debug\Design01.a(ADC_DelSig_1_theACLK.o)
 .debug_info    0x000061b3       0xa0 .\CortexM3\ARM_GCC_541\Debug\Design01.a(CyBootAsmGnu.o)
 .debug_info    0x00006253      0x64d .\CortexM3\ARM_GCC_541\Debug\Design01.a(CyFlash.o)
 .debug_info    0x000068a0      0x550 .\CortexM3\ARM_GCC_541\Debug\Design01.a(CySpc.o)

.debug_abbrev   0x00000000     0x1bec
 *(.debug_abbrev)
 .debug_abbrev  0x00000000       0xf5 .\CortexM3\ARM_GCC_541\Debug\main.o
 .debug_abbrev  0x000000f5      0x224 .\CortexM3\ARM_GCC_541\Debug\can_manager.o
 .debug_abbrev  0x00000319      0x22d .\CortexM3\ARM_GCC_541\Debug\cyfitter_cfg.o
 .debug_abbrev  0x00000546       0x66 .\CortexM3\ARM_GCC_541\Debug\cymetadata.o
 .debug_abbrev  0x000005ac      0x1e8 .\CortexM3\ARM_GCC_541\Debug\Cm3Start.o
 .debug_abbrev  0x00000794       0x90 .\CortexM3\ARM_GCC_541\Debug\Design01.a(SD_IN.o)
 .debug_abbrev  0x00000824       0x90 .\CortexM3\ARM_GCC_541\Debug\Design01.a(SD_FINAL.o)
 .debug_abbrev  0x000008b4      0x195 .\CortexM3\ARM_GCC_541\Debug\Design01.a(CAN.o)
 .debug_abbrev  0x00000a49       0xd5 .\CortexM3\ARM_GCC_541\Debug\Design01.a(CAN_INT.o)
 .debug_abbrev  0x00000b1e      0x178 .\CortexM3\ARM_GCC_541\Debug\Design01.a(CAN_TX_RX_func.o)
 .debug_abbrev  0x00000c96       0x90 .\CortexM3\ARM_GCC_541\Debug\Design01.a(AIR_NEG.o)
 .debug_abbrev  0x00000d26       0x90 .\CortexM3\ARM_GCC_541\Debug\Design01.a(AIR_POS.o)
 .debug_abbrev  0x00000db6       0x90 .\CortexM3\ARM_GCC_541\Debug\Design01.a(Precharge.o)
 .debug_abbrev  0x00000e46       0x90 .\CortexM3\ARM_GCC_541\Debug\Design01.a(IMD_Fault.o)
 .debug_abbrev  0x00000ed6       0x90 .\CortexM3\ARM_GCC_541\Debug\Design01.a(BMS_Fault.o)
 .debug_abbrev  0x00000f66      0x254 .\CortexM3\ARM_GCC_541\Debug\Design01.a(CyLib.o)
 .debug_abbrev  0x000011ba      0x1ab .\CortexM3\ARM_GCC_541\Debug\Design01.a(cyPm.o)
 .debug_abbrev  0x00001365      0x1eb .\CortexM3\ARM_GCC_541\Debug\Design01.a(ADC_DelSig_1.o)
 .debug_abbrev  0x00001550       0x42 .\CortexM3\ARM_GCC_541\Debug\Design01.a(ADC_DelSig_1_INT.o)
 .debug_abbrev  0x00001592       0xb1 .\CortexM3\ARM_GCC_541\Debug\Design01.a(ADC_DelSig_1_AMux.o)
 .debug_abbrev  0x00001643      0x139 .\CortexM3\ARM_GCC_541\Debug\Design01.a(ADC_DelSig_1_Ext_CP_Clk.o)
 .debug_abbrev  0x0000177c      0x121 .\CortexM3\ARM_GCC_541\Debug\Design01.a(ADC_DelSig_1_theACLK.o)
 .debug_abbrev  0x0000189d       0x14 .\CortexM3\ARM_GCC_541\Debug\Design01.a(CyBootAsmGnu.o)
 .debug_abbrev  0x000018b1      0x1a7 .\CortexM3\ARM_GCC_541\Debug\Design01.a(CyFlash.o)
 .debug_abbrev  0x00001a58      0x194 .\CortexM3\ARM_GCC_541\Debug\Design01.a(CySpc.o)

.debug_line     0x00000000     0x2f38
 *(.debug_line)
 .debug_line    0x00000000      0x20f .\CortexM3\ARM_GCC_541\Debug\main.o
 .debug_line    0x0000020f      0x3ce .\CortexM3\ARM_GCC_541\Debug\can_manager.o
 .debug_line    0x000005dd      0x226 .\CortexM3\ARM_GCC_541\Debug\cyfitter_cfg.o
 .debug_line    0x00000803      0x141 .\CortexM3\ARM_GCC_541\Debug\cymetadata.o
 .debug_line    0x00000944      0x234 .\CortexM3\ARM_GCC_541\Debug\Cm3Start.o
 .debug_line    0x00000b78       0x92 .\CortexM3\ARM_GCC_541\Debug\Design01.a(SD_IN.o)
 .debug_line    0x00000c0a       0x95 .\CortexM3\ARM_GCC_541\Debug\Design01.a(SD_FINAL.o)
 .debug_line    0x00000c9f      0x37e .\CortexM3\ARM_GCC_541\Debug\Design01.a(CAN.o)
 .debug_line    0x0000101d       0xa8 .\CortexM3\ARM_GCC_541\Debug\Design01.a(CAN_INT.o)
 .debug_line    0x000010c5      0x2d4 .\CortexM3\ARM_GCC_541\Debug\Design01.a(CAN_TX_RX_func.o)
 .debug_line    0x00001399       0x94 .\CortexM3\ARM_GCC_541\Debug\Design01.a(AIR_NEG.o)
 .debug_line    0x0000142d       0x94 .\CortexM3\ARM_GCC_541\Debug\Design01.a(AIR_POS.o)
 .debug_line    0x000014c1       0x96 .\CortexM3\ARM_GCC_541\Debug\Design01.a(Precharge.o)
 .debug_line    0x00001557       0x96 .\CortexM3\ARM_GCC_541\Debug\Design01.a(IMD_Fault.o)
 .debug_line    0x000015ed       0x96 .\CortexM3\ARM_GCC_541\Debug\Design01.a(BMS_Fault.o)
 .debug_line    0x00001683      0x816 .\CortexM3\ARM_GCC_541\Debug\Design01.a(CyLib.o)
 .debug_line    0x00001e99      0x367 .\CortexM3\ARM_GCC_541\Debug\Design01.a(cyPm.o)
 .debug_line    0x00002200      0x3ee .\CortexM3\ARM_GCC_541\Debug\Design01.a(ADC_DelSig_1.o)
 .debug_line    0x000025ee       0x89 .\CortexM3\ARM_GCC_541\Debug\Design01.a(ADC_DelSig_1_INT.o)
 .debug_line    0x00002677       0xb5 .\CortexM3\ARM_GCC_541\Debug\Design01.a(ADC_DelSig_1_AMux.o)
 .debug_line    0x0000272c      0x186 .\CortexM3\ARM_GCC_541\Debug\Design01.a(ADC_DelSig_1_Ext_CP_Clk.o)
 .debug_line    0x000028b2      0x1a6 .\CortexM3\ARM_GCC_541\Debug\Design01.a(ADC_DelSig_1_theACLK.o)
 .debug_line    0x00002a58       0x66 .\CortexM3\ARM_GCC_541\Debug\Design01.a(CyBootAsmGnu.o)
 .debug_line    0x00002abe      0x21a .\CortexM3\ARM_GCC_541\Debug\Design01.a(CyFlash.o)
 .debug_line    0x00002cd8      0x260 .\CortexM3\ARM_GCC_541\Debug\Design01.a(CySpc.o)

.debug_frame    0x00000000     0x1b6c
 *(.debug_frame)
 .debug_frame   0x00000000       0x30 .\CortexM3\ARM_GCC_541\Debug\main.o
 .debug_frame   0x00000030      0x22c .\CortexM3\ARM_GCC_541\Debug\can_manager.o
 .debug_frame   0x0000025c      0x104 .\CortexM3\ARM_GCC_541\Debug\cyfitter_cfg.o
 .debug_frame   0x00000360       0xb8 .\CortexM3\ARM_GCC_541\Debug\Cm3Start.o
 .debug_frame   0x00000418       0x50 .\CortexM3\ARM_GCC_541\Debug\Design01.a(SD_IN.o)
 .debug_frame   0x00000468       0x50 .\CortexM3\ARM_GCC_541\Debug\Design01.a(SD_FINAL.o)
 .debug_frame   0x000004b8      0x1cc .\CortexM3\ARM_GCC_541\Debug\Design01.a(CAN.o)
 .debug_frame   0x00000684       0x4c .\CortexM3\ARM_GCC_541\Debug\Design01.a(CAN_INT.o)
 .debug_frame   0x000006d0       0xf4 .\CortexM3\ARM_GCC_541\Debug\Design01.a(CAN_TX_RX_func.o)
 .debug_frame   0x000007c4       0x50 .\CortexM3\ARM_GCC_541\Debug\Design01.a(AIR_NEG.o)
 .debug_frame   0x00000814       0x50 .\CortexM3\ARM_GCC_541\Debug\Design01.a(AIR_POS.o)
 .debug_frame   0x00000864       0x50 .\CortexM3\ARM_GCC_541\Debug\Design01.a(Precharge.o)
 .debug_frame   0x000008b4       0x50 .\CortexM3\ARM_GCC_541\Debug\Design01.a(IMD_Fault.o)
 .debug_frame   0x00000904       0x50 .\CortexM3\ARM_GCC_541\Debug\Design01.a(BMS_Fault.o)
 .debug_frame   0x00000954      0x738 .\CortexM3\ARM_GCC_541\Debug\Design01.a(CyLib.o)
 .debug_frame   0x0000108c      0x1f8 .\CortexM3\ARM_GCC_541\Debug\Design01.a(cyPm.o)
 .debug_frame   0x00001284      0x284 .\CortexM3\ARM_GCC_541\Debug\Design01.a(ADC_DelSig_1.o)
 .debug_frame   0x00001508       0x50 .\CortexM3\ARM_GCC_541\Debug\Design01.a(ADC_DelSig_1_INT.o)
 .debug_frame   0x00001558       0x64 .\CortexM3\ARM_GCC_541\Debug\Design01.a(ADC_DelSig_1_AMux.o)
 .debug_frame   0x000015bc       0xe0 .\CortexM3\ARM_GCC_541\Debug\Design01.a(ADC_DelSig_1_Ext_CP_Clk.o)
 .debug_frame   0x0000169c      0x100 .\CortexM3\ARM_GCC_541\Debug\Design01.a(ADC_DelSig_1_theACLK.o)
 .debug_frame   0x0000179c      0x194 .\CortexM3\ARM_GCC_541\Debug\Design01.a(CyFlash.o)
 .debug_frame   0x00001930      0x180 .\CortexM3\ARM_GCC_541\Debug\Design01.a(CySpc.o)
 .debug_frame   0x00001ab0       0x20 c:/program files (x86)/cypress/psoc creator/4.4/psoc creator/import/gnu/arm/5.4.1/bin/../lib/gcc/arm-none-eabi/5.4.1/../../../../arm-none-eabi/lib/armv7-m\libg_nano.a(lib_a-errno.o)
 .debug_frame   0x00001ad0       0x28 c:/program files (x86)/cypress/psoc creator/4.4/psoc creator/import/gnu/arm/5.4.1/bin/../lib/gcc/arm-none-eabi/5.4.1/../../../../arm-none-eabi/lib/armv7-m\libg_nano.a(lib_a-exit.o)
 .debug_frame   0x00001af8       0x2c c:/program files (x86)/cypress/psoc creator/4.4/psoc creator/import/gnu/arm/5.4.1/bin/../lib/gcc/arm-none-eabi/5.4.1/../../../../arm-none-eabi/lib/armv7-m\libg_nano.a(lib_a-init.o)
 .debug_frame   0x00001b24       0x28 c:/program files (x86)/cypress/psoc creator/4.4/psoc creator/import/gnu/arm/5.4.1/bin/../lib/gcc/arm-none-eabi/5.4.1/../../../../arm-none-eabi/lib/armv7-m\libg_nano.a(lib_a-memcpy-stub.o)
 .debug_frame   0x00001b4c       0x20 c:/program files (x86)/cypress/psoc creator/4.4/psoc creator/import/gnu/arm/5.4.1/bin/../lib/gcc/arm-none-eabi/5.4.1/../../../../arm-none-eabi/lib/armv7-m\libg_nano.a(lib_a-memset.o)

.debug_str      0x00000000     0x27bd
 *(.debug_str)
 .debug_str     0x00000000      0x320 .\CortexM3\ARM_GCC_541\Debug\main.o
                                0x382 (size before relaxing)
 .debug_str     0x00000320      0x2ff .\CortexM3\ARM_GCC_541\Debug\can_manager.o
                                0x69c (size before relaxing)
 .debug_str     0x0000061f      0x218 .\CortexM3\ARM_GCC_541\Debug\cyfitter_cfg.o
                                0x3c4 (size before relaxing)
 .debug_str     0x00000837       0x75 .\CortexM3\ARM_GCC_541\Debug\cymetadata.o
                                0x1f4 (size before relaxing)
 .debug_str     0x000008ac      0x144 .\CortexM3\ARM_GCC_541\Debug\Cm3Start.o
                                0x31a (size before relaxing)
 .debug_str     0x000009f0       0x60 .\CortexM3\ARM_GCC_541\Debug\Design01.a(SD_IN.o)
                                0x1f2 (size before relaxing)
 .debug_str     0x00000a50       0x5c .\CortexM3\ARM_GCC_541\Debug\Design01.a(SD_FINAL.o)
                                0x201 (size before relaxing)
 .debug_str     0x00000aac      0x2e0 .\CortexM3\ARM_GCC_541\Debug\Design01.a(CAN.o)
                                0x4f1 (size before relaxing)
 .debug_str     0x00000d8c       0xf5 .\CortexM3\ARM_GCC_541\Debug\Design01.a(CAN_INT.o)
                                0x2f1 (size before relaxing)
 .debug_str     0x00000e81       0xb7 .\CortexM3\ARM_GCC_541\Debug\Design01.a(CAN_TX_RX_func.o)
                                0x4d8 (size before relaxing)
 .debug_str     0x00000f38       0x57 .\CortexM3\ARM_GCC_541\Debug\Design01.a(AIR_NEG.o)
                                0x1fc (size before relaxing)
 .debug_str     0x00000f8f       0x57 .\CortexM3\ARM_GCC_541\Debug\Design01.a(AIR_POS.o)
                                0x1fc (size before relaxing)
 .debug_str     0x00000fe6       0x5f .\CortexM3\ARM_GCC_541\Debug\Design01.a(Precharge.o)
                                0x206 (size before relaxing)
 .debug_str     0x00001045       0x60 .\CortexM3\ARM_GCC_541\Debug\Design01.a(IMD_Fault.o)
                                0x206 (size before relaxing)
 .debug_str     0x000010a5       0x60 .\CortexM3\ARM_GCC_541\Debug\Design01.a(BMS_Fault.o)
                                0x206 (size before relaxing)
 .debug_str     0x00001105      0x7e1 .\CortexM3\ARM_GCC_541\Debug\Design01.a(CyLib.o)
                                0xa57 (size before relaxing)
 .debug_str     0x000018e6      0x365 .\CortexM3\ARM_GCC_541\Debug\Design01.a(cyPm.o)
                                0x743 (size before relaxing)
 .debug_str     0x00001c4b      0x494 .\CortexM3\ARM_GCC_541\Debug\Design01.a(ADC_DelSig_1.o)
                                0x74a (size before relaxing)
 .debug_str     0x000020df       0x72 .\CortexM3\ARM_GCC_541\Debug\Design01.a(ADC_DelSig_1_INT.o)
                                0x1fd (size before relaxing)
 .debug_str     0x00002151       0x83 .\CortexM3\ARM_GCC_541\Debug\Design01.a(ADC_DelSig_1_AMux.o)
                                0x24e (size before relaxing)
 .debug_str     0x000021d4      0x1c7 .\CortexM3\ARM_GCC_541\Debug\Design01.a(ADC_DelSig_1_Ext_CP_Clk.o)
                                0x3be (size before relaxing)
 .debug_str     0x0000239b      0x1bb .\CortexM3\ARM_GCC_541\Debug\Design01.a(ADC_DelSig_1_theACLK.o)
                                0x3ef (size before relaxing)
 .debug_str     0x00002556      0x1bb .\CortexM3\ARM_GCC_541\Debug\Design01.a(CyFlash.o)
                                0x3d0 (size before relaxing)
 .debug_str     0x00002711       0xac .\CortexM3\ARM_GCC_541\Debug\Design01.a(CySpc.o)
                                0x348 (size before relaxing)

.debug_loc      0x00000000     0x34e8
 *(.debug_loc)
 .debug_loc     0x00000000       0x8d .\CortexM3\ARM_GCC_541\Debug\main.o
 .debug_loc     0x0000008d      0x2d7 .\CortexM3\ARM_GCC_541\Debug\can_manager.o
 .debug_loc     0x00000364      0x29c .\CortexM3\ARM_GCC_541\Debug\cyfitter_cfg.o
 .debug_loc     0x00000600      0x144 .\CortexM3\ARM_GCC_541\Debug\Cm3Start.o
 .debug_loc     0x00000744       0x42 .\CortexM3\ARM_GCC_541\Debug\Design01.a(SD_IN.o)
 .debug_loc     0x00000786       0x42 .\CortexM3\ARM_GCC_541\Debug\Design01.a(SD_FINAL.o)
 .debug_loc     0x000007c8      0x980 .\CortexM3\ARM_GCC_541\Debug\Design01.a(CAN.o)
 .debug_loc     0x00001148       0x54 .\CortexM3\ARM_GCC_541\Debug\Design01.a(CAN_INT.o)
 .debug_loc     0x0000119c      0x1f0 .\CortexM3\ARM_GCC_541\Debug\Design01.a(CAN_TX_RX_func.o)
 .debug_loc     0x0000138c       0x42 .\CortexM3\ARM_GCC_541\Debug\Design01.a(AIR_NEG.o)
 .debug_loc     0x000013ce       0x42 .\CortexM3\ARM_GCC_541\Debug\Design01.a(AIR_POS.o)
 .debug_loc     0x00001410       0x42 .\CortexM3\ARM_GCC_541\Debug\Design01.a(Precharge.o)
 .debug_loc     0x00001452       0x42 .\CortexM3\ARM_GCC_541\Debug\Design01.a(IMD_Fault.o)
 .debug_loc     0x00001494       0x42 .\CortexM3\ARM_GCC_541\Debug\Design01.a(BMS_Fault.o)
 .debug_loc     0x000014d6      0xa11 .\CortexM3\ARM_GCC_541\Debug\Design01.a(CyLib.o)
 .debug_loc     0x00001ee7      0x1e4 .\CortexM3\ARM_GCC_541\Debug\Design01.a(cyPm.o)
 .debug_loc     0x000020cb      0x681 .\CortexM3\ARM_GCC_541\Debug\Design01.a(ADC_DelSig_1.o)
 .debug_loc     0x0000274c       0x6c .\CortexM3\ARM_GCC_541\Debug\Design01.a(ADC_DelSig_1_AMux.o)
 .debug_loc     0x000027b8      0x12c .\CortexM3\ARM_GCC_541\Debug\Design01.a(ADC_DelSig_1_Ext_CP_Clk.o)
 .debug_loc     0x000028e4      0x14d .\CortexM3\ARM_GCC_541\Debug\Design01.a(ADC_DelSig_1_theACLK.o)
 .debug_loc     0x00002a31      0x3b2 .\CortexM3\ARM_GCC_541\Debug\Design01.a(CyFlash.o)
 .debug_loc     0x00002de3      0x705 .\CortexM3\ARM_GCC_541\Debug\Design01.a(CySpc.o)

.debug_macinfo
 *(.debug_macinfo)

.debug_ranges   0x00000000      0x9c0
 *(.debug_ranges)
 .debug_ranges  0x00000000       0x10 .\CortexM3\ARM_GCC_541\Debug\main.o
 .debug_ranges  0x00000010       0xd8 .\CortexM3\ARM_GCC_541\Debug\can_manager.o
 .debug_ranges  0x000000e8       0x58 .\CortexM3\ARM_GCC_541\Debug\cyfitter_cfg.o
 .debug_ranges  0x00000140       0x38 .\CortexM3\ARM_GCC_541\Debug\Cm3Start.o
 .debug_ranges  0x00000178       0x28 .\CortexM3\ARM_GCC_541\Debug\Design01.a(SD_IN.o)
 .debug_ranges  0x000001a0       0x28 .\CortexM3\ARM_GCC_541\Debug\Design01.a(SD_FINAL.o)
 .debug_ranges  0x000001c8       0xb8 .\CortexM3\ARM_GCC_541\Debug\Design01.a(CAN.o)
 .debug_ranges  0x00000280       0x18 .\CortexM3\ARM_GCC_541\Debug\Design01.a(CAN_INT.o)
 .debug_ranges  0x00000298       0x70 .\CortexM3\ARM_GCC_541\Debug\Design01.a(CAN_TX_RX_func.o)
 .debug_ranges  0x00000308       0x28 .\CortexM3\ARM_GCC_541\Debug\Design01.a(AIR_NEG.o)
 .debug_ranges  0x00000330       0x28 .\CortexM3\ARM_GCC_541\Debug\Design01.a(AIR_POS.o)
 .debug_ranges  0x00000358       0x28 .\CortexM3\ARM_GCC_541\Debug\Design01.a(Precharge.o)
 .debug_ranges  0x00000380       0x28 .\CortexM3\ARM_GCC_541\Debug\Design01.a(IMD_Fault.o)
 .debug_ranges  0x000003a8       0x28 .\CortexM3\ARM_GCC_541\Debug\Design01.a(BMS_Fault.o)
 .debug_ranges  0x000003d0      0x290 .\CortexM3\ARM_GCC_541\Debug\Design01.a(CyLib.o)
 .debug_ranges  0x00000660       0x88 .\CortexM3\ARM_GCC_541\Debug\Design01.a(cyPm.o)
 .debug_ranges  0x000006e8       0xd8 .\CortexM3\ARM_GCC_541\Debug\Design01.a(ADC_DelSig_1.o)
 .debug_ranges  0x000007c0       0x28 .\CortexM3\ARM_GCC_541\Debug\Design01.a(ADC_DelSig_1_INT.o)
 .debug_ranges  0x000007e8       0x20 .\CortexM3\ARM_GCC_541\Debug\Design01.a(ADC_DelSig_1_AMux.o)
 .debug_ranges  0x00000808       0x60 .\CortexM3\ARM_GCC_541\Debug\Design01.a(ADC_DelSig_1_Ext_CP_Clk.o)
 .debug_ranges  0x00000868       0x70 .\CortexM3\ARM_GCC_541\Debug\Design01.a(ADC_DelSig_1_theACLK.o)
 .debug_ranges  0x000008d8       0x78 .\CortexM3\ARM_GCC_541\Debug\Design01.a(CyFlash.o)
 .debug_ranges  0x00000950       0x70 .\CortexM3\ARM_GCC_541\Debug\Design01.a(CySpc.o)

.comment        0x00000000       0x6e
 .comment       0x00000000       0x6e .\CortexM3\ARM_GCC_541\Debug\main.o
                                 0x6f (size before relaxing)
 .comment       0x0000006e       0x6f .\CortexM3\ARM_GCC_541\Debug\can_manager.o
 .comment       0x0000006e       0x6f .\CortexM3\ARM_GCC_541\Debug\cyfitter_cfg.o
 .comment       0x0000006e       0x6f .\CortexM3\ARM_GCC_541\Debug\cymetadata.o
 .comment       0x0000006e       0x6f .\CortexM3\ARM_GCC_541\Debug\Cm3Start.o
 .comment       0x0000006e       0x6f .\CortexM3\ARM_GCC_541\Debug\Design01.a(SD_IN.o)
 .comment       0x0000006e       0x6f .\CortexM3\ARM_GCC_541\Debug\Design01.a(SD_FINAL.o)
 .comment       0x0000006e       0x6f .\CortexM3\ARM_GCC_541\Debug\Design01.a(CAN.o)
 .comment       0x0000006e       0x6f .\CortexM3\ARM_GCC_541\Debug\Design01.a(CAN_INT.o)
 .comment       0x0000006e       0x6f .\CortexM3\ARM_GCC_541\Debug\Design01.a(CAN_TX_RX_func.o)
 .comment       0x0000006e       0x6f .\CortexM3\ARM_GCC_541\Debug\Design01.a(AIR_NEG.o)
 .comment       0x0000006e       0x6f .\CortexM3\ARM_GCC_541\Debug\Design01.a(AIR_POS.o)
 .comment       0x0000006e       0x6f .\CortexM3\ARM_GCC_541\Debug\Design01.a(Precharge.o)
 .comment       0x0000006e       0x6f .\CortexM3\ARM_GCC_541\Debug\Design01.a(IMD_Fault.o)
 .comment       0x0000006e       0x6f .\CortexM3\ARM_GCC_541\Debug\Design01.a(BMS_Fault.o)
 .comment       0x0000006e       0x6f .\CortexM3\ARM_GCC_541\Debug\Design01.a(CyLib.o)
 .comment       0x0000006e       0x6f .\CortexM3\ARM_GCC_541\Debug\Design01.a(cyPm.o)
 .comment       0x0000006e       0x6f .\CortexM3\ARM_GCC_541\Debug\Design01.a(ADC_DelSig_1.o)
 .comment       0x0000006e       0x6f .\CortexM3\ARM_GCC_541\Debug\Design01.a(ADC_DelSig_1_INT.o)
 .comment       0x0000006e       0x6f .\CortexM3\ARM_GCC_541\Debug\Design01.a(ADC_DelSig_1_AMux.o)
 .comment       0x0000006e       0x6f .\CortexM3\ARM_GCC_541\Debug\Design01.a(ADC_DelSig_1_Ext_CP_Clk.o)
 .comment       0x0000006e       0x6f .\CortexM3\ARM_GCC_541\Debug\Design01.a(ADC_DelSig_1_theACLK.o)
 .comment       0x0000006e       0x6f .\CortexM3\ARM_GCC_541\Debug\Design01.a(CyFlash.o)
 .comment       0x0000006e       0x6f .\CortexM3\ARM_GCC_541\Debug\Design01.a(CySpc.o)

.debug_weaknames
 *(.debug_weaknames)

.debug_funcnames
 *(.debug_funcnames)

.debug_typenames
 *(.debug_typenames)

.debug_varnames
 *(.debug_varnames)

.note.gnu.arm.ident
 *(.note.gnu.arm.ident)

.ARM.attributes
                0x00000000       0x29
 *(.ARM.attributes)
 .ARM.attributes
                0x00000000       0x1d c:/program files (x86)/cypress/psoc creator/4.4/psoc creator/import/gnu/arm/5.4.1/bin/../lib/gcc/arm-none-eabi/5.4.1/armv7-m/crti.o
 .ARM.attributes
                0x0000001d       0x2d c:/program files (x86)/cypress/psoc creator/4.4/psoc creator/import/gnu/arm/5.4.1/bin/../lib/gcc/arm-none-eabi/5.4.1/armv7-m/crtbegin.o
 .ARM.attributes
                0x0000004a       0x1b c:/program files (x86)/cypress/psoc creator/4.4/psoc creator/import/gnu/arm/5.4.1/bin/../lib/gcc/arm-none-eabi/5.4.1/../../../../arm-none-eabi/lib/armv7-m/crt0.o
 .ARM.attributes
                0x00000065       0x33 .\CortexM3\ARM_GCC_541\Debug\main.o
 .ARM.attributes
                0x00000098       0x33 .\CortexM3\ARM_GCC_541\Debug\can_manager.o
 .ARM.attributes
                0x000000cb       0x33 .\CortexM3\ARM_GCC_541\Debug\cyfitter_cfg.o
 .ARM.attributes
                0x000000fe       0x33 .\CortexM3\ARM_GCC_541\Debug\cymetadata.o
 .ARM.attributes
                0x00000131       0x33 .\CortexM3\ARM_GCC_541\Debug\Cm3Start.o
 .ARM.attributes
                0x00000164       0x33 .\CortexM3\ARM_GCC_541\Debug\Design01.a(SD_IN.o)
 .ARM.attributes
                0x00000197       0x33 .\CortexM3\ARM_GCC_541\Debug\Design01.a(SD_FINAL.o)
 .ARM.attributes
                0x000001ca       0x33 .\CortexM3\ARM_GCC_541\Debug\Design01.a(CAN.o)
 .ARM.attributes
                0x000001fd       0x33 .\CortexM3\ARM_GCC_541\Debug\Design01.a(CAN_INT.o)
 .ARM.attributes
                0x00000230       0x33 .\CortexM3\ARM_GCC_541\Debug\Design01.a(CAN_TX_RX_func.o)
 .ARM.attributes
                0x00000263       0x33 .\CortexM3\ARM_GCC_541\Debug\Design01.a(AIR_NEG.o)
 .ARM.attributes
                0x00000296       0x33 .\CortexM3\ARM_GCC_541\Debug\Design01.a(AIR_POS.o)
 .ARM.attributes
                0x000002c9       0x33 .\CortexM3\ARM_GCC_541\Debug\Design01.a(Precharge.o)
 .ARM.attributes
                0x000002fc       0x33 .\CortexM3\ARM_GCC_541\Debug\Design01.a(IMD_Fault.o)
 .ARM.attributes
                0x0000032f       0x33 .\CortexM3\ARM_GCC_541\Debug\Design01.a(BMS_Fault.o)
 .ARM.attributes
                0x00000362       0x33 .\CortexM3\ARM_GCC_541\Debug\Design01.a(CyLib.o)
 .ARM.attributes
                0x00000395       0x33 .\CortexM3\ARM_GCC_541\Debug\Design01.a(cyPm.o)
 .ARM.attributes
                0x000003c8       0x33 .\CortexM3\ARM_GCC_541\Debug\Design01.a(ADC_DelSig_1.o)
 .ARM.attributes
                0x000003fb       0x33 .\CortexM3\ARM_GCC_541\Debug\Design01.a(ADC_DelSig_1_INT.o)
 .ARM.attributes
                0x0000042e       0x33 .\CortexM3\ARM_GCC_541\Debug\Design01.a(ADC_DelSig_1_AMux.o)
 .ARM.attributes
                0x00000461       0x33 .\CortexM3\ARM_GCC_541\Debug\Design01.a(ADC_DelSig_1_Ext_CP_Clk.o)
 .ARM.attributes
                0x00000494       0x33 .\CortexM3\ARM_GCC_541\Debug\Design01.a(ADC_DelSig_1_theACLK.o)
 .ARM.attributes
                0x000004c7       0x21 .\CortexM3\ARM_GCC_541\Debug\Design01.a(CyBootAsmGnu.o)
 .ARM.attributes
                0x000004e8       0x33 .\CortexM3\ARM_GCC_541\Debug\Design01.a(CyFlash.o)
 .ARM.attributes
                0x0000051b       0x33 .\CortexM3\ARM_GCC_541\Debug\Design01.a(CySpc.o)
 .ARM.attributes
                0x0000054e       0x1d c:/program files (x86)/cypress/psoc creator/4.4/psoc creator/import/gnu/arm/5.4.1/bin/../lib/gcc/arm-none-eabi/5.4.1/armv7-m\libgcc.a(_arm_addsubdf3.o)
 .ARM.attributes
                0x0000056b       0x1d c:/program files (x86)/cypress/psoc creator/4.4/psoc creator/import/gnu/arm/5.4.1/bin/../lib/gcc/arm-none-eabi/5.4.1/armv7-m\libgcc.a(_arm_cmpdf2.o)
 .ARM.attributes
                0x00000588       0x1d c:/program files (x86)/cypress/psoc creator/4.4/psoc creator/import/gnu/arm/5.4.1/bin/../lib/gcc/arm-none-eabi/5.4.1/armv7-m\libgcc.a(_arm_addsubsf3.o)
 .ARM.attributes
                0x000005a5       0x1d c:/program files (x86)/cypress/psoc creator/4.4/psoc creator/import/gnu/arm/5.4.1/bin/../lib/gcc/arm-none-eabi/5.4.1/armv7-m\libgcc.a(_arm_muldivsf3.o)
 .ARM.attributes
                0x000005c2       0x1d c:/program files (x86)/cypress/psoc creator/4.4/psoc creator/import/gnu/arm/5.4.1/bin/../lib/gcc/arm-none-eabi/5.4.1/armv7-m\libgcc.a(_arm_fixunssfsi.o)
 .ARM.attributes
                0x000005df       0x2d c:/program files (x86)/cypress/psoc creator/4.4/psoc creator/import/gnu/arm/5.4.1/bin/../lib/gcc/arm-none-eabi/5.4.1/../../../../arm-none-eabi/lib/armv7-m\libg_nano.a(lib_a-errno.o)
 .ARM.attributes
                0x0000060c       0x2d c:/program files (x86)/cypress/psoc creator/4.4/psoc creator/import/gnu/arm/5.4.1/bin/../lib/gcc/arm-none-eabi/5.4.1/../../../../arm-none-eabi/lib/armv7-m\libg_nano.a(lib_a-exit.o)
 .ARM.attributes
                0x00000639       0x2d c:/program files (x86)/cypress/psoc creator/4.4/psoc creator/import/gnu/arm/5.4.1/bin/../lib/gcc/arm-none-eabi/5.4.1/../../../../arm-none-eabi/lib/armv7-m\libg_nano.a(lib_a-impure.o)
 .ARM.attributes
                0x00000666       0x2d c:/program files (x86)/cypress/psoc creator/4.4/psoc creator/import/gnu/arm/5.4.1/bin/../lib/gcc/arm-none-eabi/5.4.1/../../../../arm-none-eabi/lib/armv7-m\libg_nano.a(lib_a-init.o)
 .ARM.attributes
                0x00000693       0x2d c:/program files (x86)/cypress/psoc creator/4.4/psoc creator/import/gnu/arm/5.4.1/bin/../lib/gcc/arm-none-eabi/5.4.1/../../../../arm-none-eabi/lib/armv7-m\libg_nano.a(lib_a-memcpy-stub.o)
 .ARM.attributes
                0x000006c0       0x2d c:/program files (x86)/cypress/psoc creator/4.4/psoc creator/import/gnu/arm/5.4.1/bin/../lib/gcc/arm-none-eabi/5.4.1/../../../../arm-none-eabi/lib/armv7-m\libg_nano.a(lib_a-memset.o)
 .ARM.attributes
                0x000006ed       0x2d c:/program files (x86)/cypress/psoc creator/4.4/psoc creator/import/gnu/arm/5.4.1/bin/../lib/gcc/arm-none-eabi/5.4.1/armv7-m/crtend.o
 .ARM.attributes
                0x0000071a       0x1d c:/program files (x86)/cypress/psoc creator/4.4/psoc creator/import/gnu/arm/5.4.1/bin/../lib/gcc/arm-none-eabi/5.4.1/armv7-m/crtn.o

/DISCARD/
 *(.note.GNU-stack)
OUTPUT(C:\Users\leoja\Documents\GitHub\PEI-Firmware-FE10\PSOC_VCU_Example\Design01.cydsn\CortexM3\ARM_GCC_541\Debug\Design01.elf elf32-littlearm)
