Archive member included to satisfy reference by file (symbol)

.\CortexM3\ARM_GCC_541\Debug\Design01.a(SD_FINAL.o)
                              .\CortexM3\ARM_GCC_541\Debug\main.o (SD_FINAL_Read)
.\CortexM3\ARM_GCC_541\Debug\Design01.a(CAN.o)
                              .\CortexM3\ARM_GCC_541\Debug\can_manager.o (CAN_Stop)
.\CortexM3\ARM_GCC_541\Debug\Design01.a(CAN_INT.o)
                              .\CortexM3\ARM_GCC_541\Debug\Design01.a(CAN.o) (CAN_ISR)
.\CortexM3\ARM_GCC_541\Debug\Design01.a(CAN_TX_RX_func.o)
                              .\CortexM3\ARM_GCC_541\Debug\can_manager.o (CAN_SendMsgPEI_CHARGER)
.\CortexM3\ARM_GCC_541\Debug\Design01.a(AIR_NEG.o)
                              .\CortexM3\ARM_GCC_541\Debug\relays.o (AIR_NEG_Write)
.\CortexM3\ARM_GCC_541\Debug\Design01.a(AIR_POS.o)
                              .\CortexM3\ARM_GCC_541\Debug\relays.o (AIR_POS_Write)
.\CortexM3\ARM_GCC_541\Debug\Design01.a(Precharge.o)
                              .\CortexM3\ARM_GCC_541\Debug\relays.o (Precharge_Write)
.\CortexM3\ARM_GCC_541\Debug\Design01.a(IMD_Fault.o)
                              .\CortexM3\ARM_GCC_541\Debug\main.o (IMD_Fault_Read)
.\CortexM3\ARM_GCC_541\Debug\Design01.a(BMS_Fault.o)
                              .\CortexM3\ARM_GCC_541\Debug\main.o (BMS_Fault_Read)
.\CortexM3\ARM_GCC_541\Debug\Design01.a(ADC_DelSig_1.o)
                              .\CortexM3\ARM_GCC_541\Debug\main.o (ADC_DelSig_1_Start)
.\CortexM3\ARM_GCC_541\Debug\Design01.a(ADC_DelSig_1_INT.o)
                              .\CortexM3\ARM_GCC_541\Debug\Design01.a(ADC_DelSig_1.o) (ADC_DelSig_1_ISR1)
.\CortexM3\ARM_GCC_541\Debug\Design01.a(LCD.o)
                              .\CortexM3\ARM_GCC_541\Debug\display.o (LCD_PrintString)
.\CortexM3\ARM_GCC_541\Debug\Design01.a(ADC_DelSig_1_AMux.o)
                              .\CortexM3\ARM_GCC_541\Debug\Design01.a(ADC_DelSig_1.o) (ADC_DelSig_1_AMux_Select)
.\CortexM3\ARM_GCC_541\Debug\Design01.a(ADC_DelSig_1_Ext_CP_Clk.o)
                              .\CortexM3\ARM_GCC_541\Debug\Design01.a(ADC_DelSig_1.o) (ADC_DelSig_1_Ext_CP_Clk_SetModeRegister)
.\CortexM3\ARM_GCC_541\Debug\Design01.a(ADC_DelSig_1_theACLK.o)
                              .\CortexM3\ARM_GCC_541\Debug\Design01.a(ADC_DelSig_1.o) (ADC_DelSig_1_theACLK_SetModeRegister)
.\CortexM3\ARM_GCC_541\Debug\Design01.a(CyLib.o)
                              .\CortexM3\ARM_GCC_541\Debug\Cm3Start.o (CyHalt)
.\CortexM3\ARM_GCC_541\Debug\Design01.a(cyPm.o)
                              .\CortexM3\ARM_GCC_541\Debug\Design01.a(CyLib.o) (CyPmReadStatus)
.\CortexM3\ARM_GCC_541\Debug\Design01.a(CyBootAsmGnu.o)
                              .\CortexM3\ARM_GCC_541\Debug\cyfitter_cfg.o (CyDelayCycles)
.\CortexM3\ARM_GCC_541\Debug\Design01.a(CyFlash.o)
                              .\CortexM3\ARM_GCC_541\Debug\Design01.a(cyPm.o) (CyFlash_SetWaitCycles)
.\CortexM3\ARM_GCC_541\Debug\Design01.a(CySpc.o)
                              .\CortexM3\ARM_GCC_541\Debug\Design01.a(CyFlash.o) (CySpcStart)
c:/program files (x86)/cypress/psoc creator/4.4/psoc creator/import/gnu/arm/5.4.1/bin/../lib/gcc/arm-none-eabi/5.4.1/armv7-m\libgcc.a(_arm_addsubdf3.o)
                              .\CortexM3\ARM_GCC_541\Debug\main.o (__aeabi_dsub)
c:/program files (x86)/cypress/psoc creator/4.4/psoc creator/import/gnu/arm/5.4.1/bin/../lib/gcc/arm-none-eabi/5.4.1/armv7-m\libgcc.a(_arm_muldivdf3.o)
                              .\CortexM3\ARM_GCC_541\Debug\main.o (__aeabi_dmul)
c:/program files (x86)/cypress/psoc creator/4.4/psoc creator/import/gnu/arm/5.4.1/bin/../lib/gcc/arm-none-eabi/5.4.1/armv7-m\libgcc.a(_arm_cmpdf2.o)
                              .\CortexM3\ARM_GCC_541\Debug\Design01.a(ADC_DelSig_1.o) (__aeabi_dcmpgt)
c:/program files (x86)/cypress/psoc creator/4.4/psoc creator/import/gnu/arm/5.4.1/bin/../lib/gcc/arm-none-eabi/5.4.1/armv7-m\libgcc.a(_arm_fixdfsi.o)
                              .\CortexM3\ARM_GCC_541\Debug\main.o (__aeabi_d2iz)
c:/program files (x86)/cypress/psoc creator/4.4/psoc creator/import/gnu/arm/5.4.1/bin/../lib/gcc/arm-none-eabi/5.4.1/armv7-m\libgcc.a(_arm_fixunsdfsi.o)
                              .\CortexM3\ARM_GCC_541\Debug\fsm.o (__aeabi_d2uiz)
c:/program files (x86)/cypress/psoc creator/4.4/psoc creator/import/gnu/arm/5.4.1/bin/../lib/gcc/arm-none-eabi/5.4.1/armv7-m\libgcc.a(_arm_addsubsf3.o)
                              .\CortexM3\ARM_GCC_541\Debug\fsm.o (__aeabi_ui2f)
c:/program files (x86)/cypress/psoc creator/4.4/psoc creator/import/gnu/arm/5.4.1/bin/../lib/gcc/arm-none-eabi/5.4.1/armv7-m\libgcc.a(_arm_muldivsf3.o)
                              .\CortexM3\ARM_GCC_541\Debug\Design01.a(ADC_DelSig_1.o) (__aeabi_fmul)
c:/program files (x86)/cypress/psoc creator/4.4/psoc creator/import/gnu/arm/5.4.1/bin/../lib/gcc/arm-none-eabi/5.4.1/armv7-m\libgcc.a(_arm_fixunssfsi.o)
                              .\CortexM3\ARM_GCC_541\Debug\Design01.a(ADC_DelSig_1.o) (__aeabi_f2uiz)
[...]
Memory Configuration

Name             Origin             Length             Attributes
rom              0x00000000         0x00040000         xr
ram              0x1fff8000         0x00010000         xrw
*default*        0x00000000         0xffffffff

Linker script and memory map

LOAD c:/program files (x86)/cypress/psoc creator/4.4/psoc creator/import/gnu/arm/5.4.1/bin/../lib/gcc/arm-none-eabi/5.4.1/armv7-m/crti.o
LOAD c:/program files (x86)/cypress/psoc creator/4.4/psoc creator/import/gnu/arm/5.4.1/bin/../lib/gcc/arm-none-eabi/5.4.1/armv7-m/crtbegin.o
LOAD c:/program files (x86)/cypress/psoc creator/4.4/psoc creator/import/gnu/arm/5.4.1/bin/../lib/gcc/arm-none-eabi/5.4.1/../../../../arm-none-eabi/lib/armv7-m/crt0.o
START GROUP
LOAD .\CortexM3\ARM_GCC_541\Debug\main.o
LOAD .\CortexM3\ARM_GCC_541\Debug\can_manager.o
LOAD .\CortexM3\ARM_GCC_541\Debug\display.o
LOAD .\CortexM3\ARM_GCC_541\Debug\fsm.o
LOAD .\CortexM3\ARM_GCC_541\Debug\relays.o
LOAD .\CortexM3\ARM_GCC_541\Debug\cyfitter_cfg.o
LOAD .\CortexM3\ARM_GCC_541\Debug\cymetadata.o
LOAD .\CortexM3\ARM_GCC_541\Debug\Cm3Start.o
LOAD .\CortexM3\ARM_GCC_541\Debug\Design01.a
LOAD C:\Program Files (x86)\Cypress\PSoC Creator\4.4\PSoC Creator\psoc\content\cycomponentlibrary\CyComponentLibrary.cylib\CortexM3\ARM_GCC_541\Debug\CyComponentLibrary.a
END GROUP
START GROUP
LOAD c:/program files (x86)/cypress/psoc creator/4.4/psoc creator/import/gnu/arm/5.4.1/bin/../lib/gcc/arm-none-eabi/5.4.1/armv7-m\libgcc.a
LOAD c:/program files (x86)/cypress/psoc creator/4.4/psoc creator/import/gnu/arm/5.4.1/bin/../lib/gcc/arm-none-eabi/5.4.1/../../../../arm-none-eabi/lib/armv7-m\libg_nano.a
LOAD c:/program files (x86)/cypress/psoc creator/4.4/psoc creator/import/gnu/arm/5.4.1/bin/../lib/gcc/arm-none-eabi/5.4.1/../../../../arm-none-eabi/lib/armv7-m\libc_nano.a
END GROUP
START GROUP
LOAD c:/program files (x86)/cypress/psoc creator/4.4/psoc creator/import/gnu/arm/5.4.1/bin/../lib/gcc/arm-none-eabi/5.4.1/armv7-m\libgcc.a
LOAD c:/program files (x86)/cypress/psoc creator/4.4/psoc creator/import/gnu/arm/5.4.1/bin/../lib/gcc/arm-none-eabi/5.4.1/../../../../arm-none-eabi/lib/armv7-m\libc_nano.a
END GROUP
LOAD c:/program files (x86)/cypress/psoc creator/4.4/psoc creator/import/gnu/arm/5.4.1/bin/../lib/gcc/arm-none-eabi/5.4.1/armv7-m/crtend.o
LOAD c:/program files (x86)/cypress/psoc creator/4.4/psoc creator/import/gnu/arm/5.4.1/bin/../lib/gcc/arm-none-eabi/5.4.1/armv7-m/crtn.o
START GROUP
LOAD c:/program files (x86)/cypress/psoc creator/4.4/psoc creator/import/gnu/arm/5.4.1/bin/../lib/gcc/arm-none-eabi/5.4.1/armv7-m\libgcc.a
LOAD c:/program files (x86)/cypress/psoc creator/4.4/psoc creator/import/gnu/arm/5.4.1/bin/../lib/gcc/arm-none-eabi/5.4.1/../../../../arm-none-eabi/lib/armv7-m\libc.a
LOAD c:/program files (x86)/cypress/psoc creator/4.4/psoc creator/import/gnu/arm/5.4.1/bin/../lib/gcc/arm-none-eabi/5.4.1/../../../../arm-none-eabi/lib/armv7-m\libnosys.a
END GROUP
                0x00000000                CY_APPL_ORIGIN = 0x0
                0x00000100                CY_FLASH_ROW_SIZE = 0x100
                0x00000020                CY_ECC_ROW_SIZE = 0x20
                0x00000000                CY_EE_IN_BTLDR = 0x0
                0x00000000                CY_APPL_LOADABLE = 0x0
                0x00000800                CY_EE_SIZE = 0x800
                0x00000001                CY_APPL_NUM = 0x1
                0x00000001                CY_APPL_MAX = 0x1
                0x00000040                CY_METADATA_SIZE = 0x40
                0x00000000                CY_APPL_LOADABLE = 0x0
                0x00000000                CY_CHECKSUM_EXCLUDE_SIZE = ALIGN (0x0, CY_FLASH_ROW_SIZE)
                [!provide]                PROVIDE (__cy_heap_start, _end)
                0x00000001                PROVIDE (__cy_region_num, ((__cy_regions_end - __cy_regions) / 0x10))
                0x20008000                PROVIDE (__cy_stack, (ORIGIN (ram) + LENGTH (ram)))
                [!provide]                PROVIDE (__cy_heap_end, (__cy_stack - 0x800))

.cybootloader   0x00000000        0x0
 *(.cybootloader)
                0x00000000                appl1_start = CY_APPL_ORIGIN?CY_APPL_ORIGIN:ALIGN (CY_FLASH_ROW_SIZE)
                0x0001ff00                appl2_start = (appl1_start + ALIGN ((((LENGTH (rom) - appl1_start) - (0x2 * CY_FLASH_ROW_SIZE)) / 0x2), CY_FLASH_ROW_SIZE))
                0x00000000                appl_start = (CY_APPL_NUM == 0x1)?appl1_start:appl2_start
                0x00000000                ecc_offset = ((appl_start / CY_FLASH_ROW_SIZE) * CY_ECC_ROW_SIZE)
                0x00000000                ee_offset = (CY_APPL_LOADABLE && ! (CY_EE_IN_BTLDR))?((CY_EE_SIZE / CY_APPL_MAX) * (CY_APPL_NUM - 0x1)):0x0
                0x00000800                ee_size = (CY_APPL_LOADABLE && ! (CY_EE_IN_BTLDR))?(CY_EE_SIZE / CY_APPL_MAX):CY_EE_SIZE
                [!provide]                PROVIDE (CY_ECC_OFFSET, ecc_offset)

.text           0x00000000     0x2f58
 CREATE_OBJECT_SYMBOLS
                0x00000000                PROVIDE (__cy_interrupt_vector, RomVectors)
 *(.romvectors)
 .romvectors    0x00000000       0x10 .\CortexM3\ARM_GCC_541\Debug\Cm3Start.o
                0x00000000                RomVectors
                0x00000001                ASSERT ((. != __cy_interrupt_vector), No interrupt vector)
                0x00000001                ASSERT (CY_APPL_ORIGIN?(SIZEOF (.cybootloader) <= CY_APPL_ORIGIN):0x1, Wrong image location)
                0x00000010                PROVIDE (__cy_reset, Reset)
 *(.text.Reset)
 .text.Reset    0x00000010       0x18 .\CortexM3\ARM_GCC_541\Debug\Cm3Start.o
                0x00000010                Reset
                0x00000001                ASSERT ((. != __cy_reset), No reset code)
 *(.dma_init)
                0x00000001                ASSERT ((((appl_start + .) <= 0x10000) || 0x1), DMA Init must be within the first 64k of flash)
 *(.text .text.* .gnu.linkonce.t.*)
 .text          0x00000028       0x5c c:/program files (x86)/cypress/psoc creator/4.4/psoc creator/import/gnu/arm/5.4.1/bin/../lib/gcc/arm-none-eabi/5.4.1/armv7-m/crtbegin.o
 *fill*         0x00000084        0x4 
 .text.get_current
                0x00000088       0x64 .\CortexM3\ARM_GCC_541\Debug\main.o
                0x00000088                get_current
 .text.main     0x000000ec      0x14c .\CortexM3\ARM_GCC_541\Debug\main.o
                0x000000ec                main
 .text.can_send_PEI
                0x00000238       0x1c .\CortexM3\ARM_GCC_541\Debug\can_manager.o
                0x00000238                can_send_PEI
 .text.can_send_CHARGER
                0x00000254       0x20 .\CortexM3\ARM_GCC_541\Debug\can_manager.o
                0x00000254                can_send_CHARGER
 .text.check_can
                0x00000274       0x5c .\CortexM3\ARM_GCC_541\Debug\can_manager.o
                0x00000274                check_can
 .text.update_display
                0x000002d0      0x1e4 .\CortexM3\ARM_GCC_541\Debug\display.o
                0x000002d0                update_display
 .text.hv_request
                0x000004b4       0x38 .\CortexM3\ARM_GCC_541\Debug\fsm.o
                0x000004b4                hv_request
 .text.hv_allowed
                0x000004ec       0x90 .\CortexM3\ARM_GCC_541\Debug\fsm.o
                0x000004ec                hv_allowed
 .text.precharge_ready
                0x0000057c       0x18 .\CortexM3\ARM_GCC_541\Debug\fsm.o
                0x0000057c                precharge_ready
 *fill*         0x00000594        0x4 
 .text.precharge_complete
                0x00000598       0x40 .\CortexM3\ARM_GCC_541\Debug\fsm.o
                0x00000598                precharge_complete
 .text.add_status
                0x000005d8       0x10 .\CortexM3\ARM_GCC_541\Debug\fsm.o
                0x000005d8                add_status
 .text.update_status
                0x000005e8       0xb8 .\CortexM3\ARM_GCC_541\Debug\fsm.o
                0x000005e8                update_status
 .text.start_precharge
                0x000006a0       0x20 .\CortexM3\ARM_GCC_541\Debug\relays.o
                0x000006a0                start_precharge
 .text.finish_precharge
                0x000006c0       0x20 .\CortexM3\ARM_GCC_541\Debug\relays.o
                0x000006c0                finish_precharge
 .text.clear_interlock
                0x000006e0       0x20 .\CortexM3\ARM_GCC_541\Debug\relays.o
                0x000006e0                clear_interlock
 .text.CyClockStartupError
                0x00000700        0x4 .\CortexM3\ARM_GCC_541\Debug\cyfitter_cfg.o
 .text.cfg_write_bytes32
                0x00000704       0x34 .\CortexM3\ARM_GCC_541\Debug\cyfitter_cfg.o
 .text.AnalogSetDefault
                0x00000738       0x3c .\CortexM3\ARM_GCC_541\Debug\cyfitter_cfg.o
 .text.CYMEMZERO
                0x00000774        0xc .\CortexM3\ARM_GCC_541\Debug\cyfitter_cfg.o
 .text.CYCONFIGCPY
                0x00000780        0x8 .\CortexM3\ARM_GCC_541\Debug\cyfitter_cfg.o
 .text.ClockSetup
                0x00000788       0xf0 .\CortexM3\ARM_GCC_541\Debug\cyfitter_cfg.o
 .text.ADC_DelSig_1_AMux_Set
                0x00000878       0x1c .\CortexM3\ARM_GCC_541\Debug\cyfitter_cfg.o
                0x00000878                ADC_DelSig_1_AMux_Set
 .text.ADC_DelSig_1_AMux_Unset
                0x00000894       0x1c .\CortexM3\ARM_GCC_541\Debug\cyfitter_cfg.o
                0x00000894                ADC_DelSig_1_AMux_Unset
 .text.cyfitter_cfg
                0x000008b0      0x120 .\CortexM3\ARM_GCC_541\Debug\cyfitter_cfg.o
                0x000008b0                cyfitter_cfg
 .text.IntDefaultHandler
                0x000009d0       0x10 .\CortexM3\ARM_GCC_541\Debug\Cm3Start.o
                0x000009d0                IntDefaultHandler
 .text._sbrk    0x000009e0       0x30 .\CortexM3\ARM_GCC_541\Debug\Cm3Start.o
                0x000009e0                _sbrk
 .text.Start_c  0x00000a10       0x4c .\CortexM3\ARM_GCC_541\Debug\Cm3Start.o
                0x00000a10                Start_c
 .text.initialize_psoc
                0x00000a5c       0x68 .\CortexM3\ARM_GCC_541\Debug\Cm3Start.o
                0x00000a5c                initialize_psoc
 .text.SD_FINAL_Read
                0x00000ac4       0x10 .\CortexM3\ARM_GCC_541\Debug\Design01.a(SD_FINAL.o)
                0x00000ac4                SD_FINAL_Read
 .text.CAN_GlobalIntEnable
                0x00000ad4       0x20 .\CortexM3\ARM_GCC_541\Debug\Design01.a(CAN.o)
                0x00000ad4                CAN_GlobalIntEnable
 .text.CAN_Enable
                0x00000af4       0x6c .\CortexM3\ARM_GCC_541\Debug\Design01.a(CAN.o)
                0x00000af4                CAN_Enable
 .text.CAN_SetPreScaler
                0x00000b60       0x24 .\CortexM3\ARM_GCC_541\Debug\Design01.a(CAN.o)
                0x00000b60                CAN_SetPreScaler
 .text.CAN_SetArbiter
                0x00000b84       0x3c .\CortexM3\ARM_GCC_541\Debug\Design01.a(CAN.o)
                0x00000b84                CAN_SetArbiter
 .text.CAN_SetTsegSample
                0x00000bc0       0x84 .\CortexM3\ARM_GCC_541\Debug\Design01.a(CAN.o)
                0x00000bc0                CAN_SetTsegSample
 .text.CAN_SetRestartType
                0x00000c44       0x3c .\CortexM3\ARM_GCC_541\Debug\Design01.a(CAN.o)
                0x00000c44                CAN_SetRestartType
 .text.CAN_SetEdgeMode
                0x00000c80       0x3c .\CortexM3\ARM_GCC_541\Debug\Design01.a(CAN.o)
                0x00000c80                CAN_SetEdgeMode
 .text.CAN_SetIrqMask
                0x00000cbc       0x18 .\CortexM3\ARM_GCC_541\Debug\Design01.a(CAN.o)
                0x00000cbc                CAN_SetIrqMask
 .text.CAN_RxBufConfig
                0x00000cd4       0x90 .\CortexM3\ARM_GCC_541\Debug\Design01.a(CAN.o)
                0x00000cd4                CAN_RxBufConfig
 .text.CAN_TxBufConfig
                0x00000d64       0x54 .\CortexM3\ARM_GCC_541\Debug\Design01.a(CAN.o)
                0x00000d64                CAN_TxBufConfig
 .text.CAN_RxTxBuffersConfig
                0x00000db8       0x50 .\CortexM3\ARM_GCC_541\Debug\Design01.a(CAN.o)
                0x00000db8                CAN_RxTxBuffersConfig
 .text.CAN_Init
                0x00000e08       0xe0 .\CortexM3\ARM_GCC_541\Debug\Design01.a(CAN.o)
                0x00000e08                CAN_Init
 .text.CAN_Start
                0x00000ee8       0x24 .\CortexM3\ARM_GCC_541\Debug\Design01.a(CAN.o)
                0x00000ee8                CAN_Start
 .text.CAN_MsgRXIsr
                0x00000f0c       0x84 .\CortexM3\ARM_GCC_541\Debug\Design01.a(CAN_INT.o)
                0x00000f0c                CAN_MsgRXIsr
 .text.CAN_ISR  0x00000f90       0x18 .\CortexM3\ARM_GCC_541\Debug\Design01.a(CAN_INT.o)
                0x00000f90                CAN_ISR
 .text.CAN_SendMsgPEI_CHARGER
                0x00000fa8       0x20 .\CortexM3\ARM_GCC_541\Debug\Design01.a(CAN_TX_RX_func.o)
                0x00000fa8                CAN_SendMsgPEI_CHARGER
 .text.CAN_SendMsgPEI_CURRENT
                0x00000fc8       0x20 .\CortexM3\ARM_GCC_541\Debug\Design01.a(CAN_TX_RX_func.o)
                0x00000fc8                CAN_SendMsgPEI_CURRENT
 .text.CAN_ReceiveMsg
                0x00000fe8       0x1c .\CortexM3\ARM_GCC_541\Debug\Design01.a(CAN_TX_RX_func.o)
                0x00000fe8                CAN_ReceiveMsg
 .text.CAN_ReceiveMsgvcu_torque_request
                0x00001004       0x30 .\CortexM3\ARM_GCC_541\Debug\Design01.a(CAN_TX_RX_func.o)
                0x00001004                CAN_ReceiveMsgvcu_torque_request
 .text.CAN_ReceiveMsgbms_status
                0x00001034       0x50 .\CortexM3\ARM_GCC_541\Debug\Design01.a(CAN_TX_RX_func.o)
                0x00001034                CAN_ReceiveMsgbms_status
 .text.CAN_ReceiveMsgcharger_status
                0x00001084       0x30 .\CortexM3\ARM_GCC_541\Debug\Design01.a(CAN_TX_RX_func.o)
                0x00001084                CAN_ReceiveMsgcharger_status
 .text.CAN_ReceiveMsgMC_State
                0x000010b4       0x30 .\CortexM3\ARM_GCC_541\Debug\Design01.a(CAN_TX_RX_func.o)
                0x000010b4                CAN_ReceiveMsgMC_State
 .text.CAN_ReceiveMsgMC_Fault
                0x000010e4       0x58 .\CortexM3\ARM_GCC_541\Debug\Design01.a(CAN_TX_RX_func.o)
                0x000010e4                CAN_ReceiveMsgMC_Fault
 .text.CAN_ReceiveMsgMC_Voltage
                0x0000113c       0x30 .\CortexM3\ARM_GCC_541\Debug\Design01.a(CAN_TX_RX_func.o)
                0x0000113c                CAN_ReceiveMsgMC_Voltage
 .text.CAN_ReceiveMsgMC_Command
                0x0000116c       0x1c .\CortexM3\ARM_GCC_541\Debug\Design01.a(CAN_TX_RX_func.o)
                0x0000116c                CAN_ReceiveMsgMC_Command
 .text.AIR_NEG_Write
                0x00001188       0x18 .\CortexM3\ARM_GCC_541\Debug\Design01.a(AIR_NEG.o)
                0x00001188                AIR_NEG_Write
 .text.AIR_POS_Write
                0x000011a0       0x18 .\CortexM3\ARM_GCC_541\Debug\Design01.a(AIR_POS.o)
                0x000011a0                AIR_POS_Write
 .text.Precharge_Write
                0x000011b8       0x18 .\CortexM3\ARM_GCC_541\Debug\Design01.a(Precharge.o)
                0x000011b8                Precharge_Write
 .text.IMD_Fault_Read
                0x000011d0       0x10 .\CortexM3\ARM_GCC_541\Debug\Design01.a(IMD_Fault.o)
                0x000011d0                IMD_Fault_Read
 .text.BMS_Fault_Read
                0x000011e0        0xc .\CortexM3\ARM_GCC_541\Debug\Design01.a(BMS_Fault.o)
                0x000011e0                BMS_Fault_Read
 .text.ADC_DelSig_1_GainCompensation
                0x000011ec       0xdc .\CortexM3\ARM_GCC_541\Debug\Design01.a(ADC_DelSig_1.o)
 .text.ADC_DelSig_1_SetDSMRef0Reg
                0x000012c8       0x4c .\CortexM3\ARM_GCC_541\Debug\Design01.a(ADC_DelSig_1.o)
 .text.ADC_DelSig_1_InitConfig
                0x00001314       0xe4 .\CortexM3\ARM_GCC_541\Debug\Design01.a(ADC_DelSig_1.o)
 .text.ADC_DelSig_1_Init
                0x000013f8       0xc4 .\CortexM3\ARM_GCC_541\Debug\Design01.a(ADC_DelSig_1.o)
                0x000013f8                ADC_DelSig_1_Init
 .text.ADC_DelSig_1_Enable
                0x000014bc       0xd8 .\CortexM3\ARM_GCC_541\Debug\Design01.a(ADC_DelSig_1.o)
                0x000014bc                ADC_DelSig_1_Enable
 .text.ADC_DelSig_1_Start
                0x00001594       0x28 .\CortexM3\ARM_GCC_541\Debug\Design01.a(ADC_DelSig_1.o)
                0x00001594                ADC_DelSig_1_Start
 .text.ADC_DelSig_1_StartConvert
                0x000015bc       0x10 .\CortexM3\ARM_GCC_541\Debug\Design01.a(ADC_DelSig_1.o)
                0x000015bc                ADC_DelSig_1_StartConvert
 .text.ADC_DelSig_1_StopConvert
                0x000015cc       0x10 .\CortexM3\ARM_GCC_541\Debug\Design01.a(ADC_DelSig_1.o)
                0x000015cc                ADC_DelSig_1_StopConvert
 .text.ADC_DelSig_1_IsEndConversion
                0x000015dc       0x30 .\CortexM3\ARM_GCC_541\Debug\Design01.a(ADC_DelSig_1.o)
                0x000015dc                ADC_DelSig_1_IsEndConversion
 .text.ADC_DelSig_1_GetResult32
                0x0000160c       0x6c .\CortexM3\ARM_GCC_541\Debug\Design01.a(ADC_DelSig_1.o)
                0x0000160c                ADC_DelSig_1_GetResult32
 .text.ADC_DelSig_1_CountsTo_mVolts
                0x00001678       0x24 .\CortexM3\ARM_GCC_541\Debug\Design01.a(ADC_DelSig_1.o)
                0x00001678                ADC_DelSig_1_CountsTo_mVolts
 .text.ADC_DelSig_1_Read32
                0x0000169c       0x28 .\CortexM3\ARM_GCC_541\Debug\Design01.a(ADC_DelSig_1.o)
                0x0000169c                ADC_DelSig_1_Read32
 .text.ADC_DelSig_1_ISR1
                0x000016c4        0x4 .\CortexM3\ARM_GCC_541\Debug\Design01.a(ADC_DelSig_1_INT.o)
                0x000016c4                ADC_DelSig_1_ISR1
 .text.LCD_WrCntrlNib
                0x000016c8       0x34 .\CortexM3\ARM_GCC_541\Debug\Design01.a(LCD.o)
 .text.LCD_WrDatNib
                0x000016fc       0x44 .\CortexM3\ARM_GCC_541\Debug\Design01.a(LCD.o)
 .text.LCD_IsReady
                0x00001740       0xe4 .\CortexM3\ARM_GCC_541\Debug\Design01.a(LCD.o)
                0x00001740                LCD_IsReady
 .text.LCD_WriteData
                0x00001824       0x18 .\CortexM3\ARM_GCC_541\Debug\Design01.a(LCD.o)
                0x00001824                LCD_WriteData
 .text.LCD_PrintString
                0x0000183c       0x1c .\CortexM3\ARM_GCC_541\Debug\Design01.a(LCD.o)
                0x0000183c                LCD_PrintString
 .text.LCD_WriteControl
                0x00001858       0x18 .\CortexM3\ARM_GCC_541\Debug\Design01.a(LCD.o)
                0x00001858                LCD_WriteControl
 .text.LCD_Init
                0x00001870       0x6c .\CortexM3\ARM_GCC_541\Debug\Design01.a(LCD.o)
                0x00001870                LCD_Init
 .text.LCD_Enable
                0x000018dc       0x14 .\CortexM3\ARM_GCC_541\Debug\Design01.a(LCD.o)
                0x000018dc                LCD_Enable
 .text.LCD_Start
                0x000018f0       0x1c .\CortexM3\ARM_GCC_541\Debug\Design01.a(LCD.o)
                0x000018f0                LCD_Start
 .text.LCD_Position
                0x0000190c       0x3c .\CortexM3\ARM_GCC_541\Debug\Design01.a(LCD.o)
                0x0000190c                LCD_Position
 .text.ADC_DelSig_1_AMux_Start
                0x00001948       0x20 .\CortexM3\ARM_GCC_541\Debug\Design01.a(ADC_DelSig_1_AMux.o)
                0x00001948                ADC_DelSig_1_AMux_Start
 .text.ADC_DelSig_1_AMux_Select
                0x00001968       0x18 .\CortexM3\ARM_GCC_541\Debug\Design01.a(ADC_DelSig_1_AMux.o)
                0x00001968                ADC_DelSig_1_AMux_Select
 .text.ADC_DelSig_1_Ext_CP_Clk_GetDividerRegister
                0x00001980        0xc .\CortexM3\ARM_GCC_541\Debug\Design01.a(ADC_DelSig_1_Ext_CP_Clk.o)
                0x00001980                ADC_DelSig_1_Ext_CP_Clk_GetDividerRegister
 .text.ADC_DelSig_1_Ext_CP_Clk_SetModeRegister
                0x0000198c       0x14 .\CortexM3\ARM_GCC_541\Debug\Design01.a(ADC_DelSig_1_Ext_CP_Clk.o)
                0x0000198c                ADC_DelSig_1_Ext_CP_Clk_SetModeRegister
 .text.ADC_DelSig_1_Ext_CP_Clk_GetSourceRegister
                0x000019a0       0x10 .\CortexM3\ARM_GCC_541\Debug\Design01.a(ADC_DelSig_1_Ext_CP_Clk.o)
                0x000019a0                ADC_DelSig_1_Ext_CP_Clk_GetSourceRegister
 .text.ADC_DelSig_1_Ext_CP_Clk_SetDividerRegister
                0x000019b0       0xd8 .\CortexM3\ARM_GCC_541\Debug\Design01.a(ADC_DelSig_1_Ext_CP_Clk.o)
                0x000019b0                ADC_DelSig_1_Ext_CP_Clk_SetDividerRegister
 .text.ADC_DelSig_1_theACLK_GetDividerRegister
                0x00001a88        0xc .\CortexM3\ARM_GCC_541\Debug\Design01.a(ADC_DelSig_1_theACLK.o)
                0x00001a88                ADC_DelSig_1_theACLK_GetDividerRegister
 .text.ADC_DelSig_1_theACLK_SetModeRegister
                0x00001a94       0x14 .\CortexM3\ARM_GCC_541\Debug\Design01.a(ADC_DelSig_1_theACLK.o)
                0x00001a94                ADC_DelSig_1_theACLK_SetModeRegister
 .text.ADC_DelSig_1_theACLK_GetSourceRegister
                0x00001aa8       0x10 .\CortexM3\ARM_GCC_541\Debug\Design01.a(ADC_DelSig_1_theACLK.o)
                0x00001aa8                ADC_DelSig_1_theACLK_GetSourceRegister
 .text.ADC_DelSig_1_theACLK_SetDividerRegister
                0x00001ab8       0xd8 .\CortexM3\ARM_GCC_541\Debug\Design01.a(ADC_DelSig_1_theACLK.o)
                0x00001ab8                ADC_DelSig_1_theACLK_SetDividerRegister
 .text.CyHalt   0x00001b90        0x4 .\CortexM3\ARM_GCC_541\Debug\Design01.a(CyLib.o)
                0x00001b90                CyHalt
 .text.CyDelay  0x00001b94       0x2c .\CortexM3\ARM_GCC_541\Debug\Design01.a(CyLib.o)
                0x00001b94                CyDelay
 .text.CyDelayUs
                0x00001bc0       0x14 .\CortexM3\ARM_GCC_541\Debug\Design01.a(CyLib.o)
                0x00001bc0                CyDelayUs
 .text.CyIntSetVector
                0x00001bd4       0x28 .\CortexM3\ARM_GCC_541\Debug\Design01.a(CyLib.o)
                0x00001bd4                CyIntSetVector
 .text.CyIntSetPriority
                0x00001bfc       0x30 .\CortexM3\ARM_GCC_541\Debug\Design01.a(CyLib.o)
                0x00001bfc                CyIntSetPriority
 *fill*         0x00001c2c        0x4 
 .text          0x00001c30       0x20 .\CortexM3\ARM_GCC_541\Debug\Design01.a(CyBootAsmGnu.o)
                0x00001c30                CyDelayCycles
                0x00001c40                CyEnterCriticalSection
                0x00001c48                CyExitCriticalSection
 .text          0x00001c50      0x370 c:/program files (x86)/cypress/psoc creator/4.4/psoc creator/import/gnu/arm/5.4.1/bin/../lib/gcc/arm-none-eabi/5.4.1/armv7-m\libgcc.a(_arm_addsubdf3.o)
                0x00001c50                __aeabi_drsub
                0x00001c58                __aeabi_dsub
                0x00001c58                __subdf3
                0x00001c5c                __aeabi_dadd
                0x00001c5c                __adddf3
                0x00001ed4                __floatunsidf
                0x00001ed4                __aeabi_ui2d
                0x00001ef4                __floatsidf
                0x00001ef4                __aeabi_i2d
                0x00001f18                __aeabi_f2d
                0x00001f18                __extendsfdf2
                0x00001f54                __floatundidf
                0x00001f54                __aeabi_ul2d
                0x00001f64                __floatdidf
                0x00001f64                __aeabi_l2d
 .text          0x00001fc0      0x424 c:/program files (x86)/cypress/psoc creator/4.4/psoc creator/import/gnu/arm/5.4.1/bin/../lib/gcc/arm-none-eabi/5.4.1/armv7-m\libgcc.a(_arm_muldivdf3.o)
                0x00001fc0                __aeabi_dmul
                0x00001fc0                __muldf3
                0x00002214                __divdf3
                0x00002214                __aeabi_ddiv
 .text          0x000023e4       0x50 c:/program files (x86)/cypress/psoc creator/4.4/psoc creator/import/gnu/arm/5.4.1/bin/../lib/gcc/arm-none-eabi/5.4.1/armv7-m\libgcc.a(_arm_fixdfsi.o)
                0x000023e4                __aeabi_d2iz
                0x000023e4                __fixdfsi
 .text          0x00002434       0x40 c:/program files (x86)/cypress/psoc creator/4.4/psoc creator/import/gnu/arm/5.4.1/bin/../lib/gcc/arm-none-eabi/5.4.1/armv7-m\libgcc.a(_arm_fixunsdfsi.o)
                0x00002434                __aeabi_d2uiz
                0x00002434                __fixunsdfsi
 .text          0x00002474      0x21c c:/program files (x86)/cypress/psoc creator/4.4/psoc creator/import/gnu/arm/5.4.1/bin/../lib/gcc/arm-none-eabi/5.4.1/armv7-m\libgcc.a(_arm_addsubsf3.o)
                0x00002474                __aeabi_frsub
                0x0000247c                __subsf3
                0x0000247c                __aeabi_fsub
                0x00002480                __aeabi_fadd
                0x00002480                __addsf3
                0x000025e0                __aeabi_ui2f
                0x000025e0                __floatunsisf
                0x000025e8                __aeabi_i2f
                0x000025e8                __floatsisf
                0x00002604                __aeabi_ul2f
                0x00002604                __floatundisf
                0x00002614                __aeabi_l2f
                0x00002614                __floatdisf
 .text.__errno  0x00002690        0xc c:/program files (x86)/cypress/psoc creator/4.4/psoc creator/import/gnu/arm/5.4.1/bin/../lib/gcc/arm-none-eabi/5.4.1/../../../../arm-none-eabi/lib/armv7-m\libg_nano.a(lib_a-errno.o)
                0x00002690                __errno
 .text.__libc_init_array
                0x0000269c       0x4c c:/program files (x86)/cypress/psoc creator/4.4/psoc creator/import/gnu/arm/5.4.1/bin/../lib/gcc/arm-none-eabi/5.4.1/../../../../arm-none-eabi/lib/armv7-m\libg_nano.a(lib_a-init.o)
                0x0000269c                __libc_init_array
 .text.memcpy   0x000026e8       0x16 c:/program files (x86)/cypress/psoc creator/4.4/psoc creator/import/gnu/arm/5.4.1/bin/../lib/gcc/arm-none-eabi/5.4.1/../../../../arm-none-eabi/lib/armv7-m\libg_nano.a(lib_a-memcpy-stub.o)
                0x000026e8                memcpy
 .text.memset   0x000026fe       0x10 c:/program files (x86)/cypress/psoc creator/4.4/psoc creator/import/gnu/arm/5.4.1/bin/../lib/gcc/arm-none-eabi/5.4.1/../../../../arm-none-eabi/lib/armv7-m\libg_nano.a(lib_a-memset.o)
                0x000026fe                memset
 *fill*         0x0000270e        0x2 
 .text.sprintf  0x00002710       0x48 c:/program files (x86)/cypress/psoc creator/4.4/psoc creator/import/gnu/arm/5.4.1/bin/../lib/gcc/arm-none-eabi/5.4.1/../../../../arm-none-eabi/lib/armv7-m\libg_nano.a(lib_a-sprintf.o)
                0x00002710                siprintf
                0x00002710                sprintf
 .text.__ssputs_r
                0x00002758       0xb2 c:/program files (x86)/cypress/psoc creator/4.4/psoc creator/import/gnu/arm/5.4.1/bin/../lib/gcc/arm-none-eabi/5.4.1/../../../../arm-none-eabi/lib/armv7-m\libg_nano.a(lib_a-nano-svfprintf.o)
                0x00002758                __ssputs_r
 *fill*         0x0000280a        0x2 
 .text._svfprintf_r
                0x0000280c      0x1e8 c:/program files (x86)/cypress/psoc creator/4.4/psoc creator/import/gnu/arm/5.4.1/bin/../lib/gcc/arm-none-eabi/5.4.1/../../../../arm-none-eabi/lib/armv7-m\libg_nano.a(lib_a-nano-svfprintf.o)
                0x0000280c                _svfiprintf_r
                0x0000280c                _svfprintf_r
 .text._printf_common
                0x000029f4       0xec c:/program files (x86)/cypress/psoc creator/4.4/psoc creator/import/gnu/arm/5.4.1/bin/../lib/gcc/arm-none-eabi/5.4.1/../../../../arm-none-eabi/lib/armv7-m\libg_nano.a(lib_a-nano-vfprintf_i.o)
                0x000029f4                _printf_common
 .text._printf_i
                0x00002ae0      0x24c c:/program files (x86)/cypress/psoc creator/4.4/psoc creator/import/gnu/arm/5.4.1/bin/../lib/gcc/arm-none-eabi/5.4.1/../../../../arm-none-eabi/lib/armv7-m\libg_nano.a(lib_a-nano-vfprintf_i.o)
                0x00002ae0                _printf_i
 .text.memchr   0x00002d2c       0x1c c:/program files (x86)/cypress/psoc creator/4.4/psoc creator/import/gnu/arm/5.4.1/bin/../lib/gcc/arm-none-eabi/5.4.1/../../../../arm-none-eabi/lib/armv7-m\libg_nano.a(lib_a-memchr-stub.o)
                0x00002d2c                memchr
 .text.memmove  0x00002d48       0x36 c:/program files (x86)/cypress/psoc creator/4.4/psoc creator/import/gnu/arm/5.4.1/bin/../lib/gcc/arm-none-eabi/5.4.1/../../../../arm-none-eabi/lib/armv7-m\libg_nano.a(lib_a-memmove.o)
                0x00002d48                memmove
 *fill*         0x00002d7e        0x2 
 .text._free_r  0x00002d80       0x98 c:/program files (x86)/cypress/psoc creator/4.4/psoc creator/import/gnu/arm/5.4.1/bin/../lib/gcc/arm-none-eabi/5.4.1/../../../../arm-none-eabi/lib/armv7-m\libg_nano.a(lib_a-nano-freer.o)
                0x00002d80                _free_r
 .text._malloc_r
                0x00002e18       0xbc c:/program files (x86)/cypress/psoc creator/4.4/psoc creator/import/gnu/arm/5.4.1/bin/../lib/gcc/arm-none-eabi/5.4.1/../../../../arm-none-eabi/lib/armv7-m\libg_nano.a(lib_a-nano-mallocr.o)
                0x00002e18                _malloc_r
 .text._realloc_r
                0x00002ed4       0x4c c:/program files (x86)/cypress/psoc creator/4.4/psoc creator/import/gnu/arm/5.4.1/bin/../lib/gcc/arm-none-eabi/5.4.1/../../../../arm-none-eabi/lib/armv7-m\libg_nano.a(lib_a-nano-reallocr.o)
                0x00002ed4                _realloc_r
 .text._sbrk_r  0x00002f20       0x20 c:/program files (x86)/cypress/psoc creator/4.4/psoc creator/import/gnu/arm/5.4.1/bin/../lib/gcc/arm-none-eabi/5.4.1/../../../../arm-none-eabi/lib/armv7-m\libg_nano.a(lib_a-sbrkr.o)
                0x00002f20                _sbrk_r
 .text.__malloc_lock
                0x00002f40        0x2 c:/program files (x86)/cypress/psoc creator/4.4/psoc creator/import/gnu/arm/5.4.1/bin/../lib/gcc/arm-none-eabi/5.4.1/../../../../arm-none-eabi/lib/armv7-m\libg_nano.a(lib_a-mlock.o)
                0x00002f40                __malloc_lock
 .text.__malloc_unlock
                0x00002f42        0x2 c:/program files (x86)/cypress/psoc creator/4.4/psoc creator/import/gnu/arm/5.4.1/bin/../lib/gcc/arm-none-eabi/5.4.1/../../../../arm-none-eabi/lib/armv7-m\libg_nano.a(lib_a-mlock.o)
                0x00002f42                __malloc_unlock
 .text._malloc_usable_size_r
                0x00002f44       0x14 c:/program files (x86)/cypress/psoc creator/4.4/psoc creator/import/gnu/arm/5.4.1/bin/../lib/gcc/arm-none-eabi/5.4.1/../../../../arm-none-eabi/lib/armv7-m\libg_nano.a(lib_a-nano-msizer.o)
                0x00002f44                _malloc_usable_size_r
 *(.plt)
 *(.gnu.warning)
 *(.glue_7t)
 .glue_7t       0x00002f58        0x0 linker stubs
 *(.glue_7)
 .glue_7        0x00002f58        0x0 linker stubs
 *(.vfp11_veneer)
 .vfp11_veneer  0x00002f58        0x0 linker stubs
 *(.bootloader)
 *(.ARM.extab* .gnu.linkonce.armextab.*)
 *(.gcc_except_table)

.v4_bx          0x00002f58        0x0
 .v4_bx         0x00002f58        0x0 linker stubs

.iplt           0x00002f58        0x0
 .iplt          0x00002f58        0x0 c:/program files (x86)/cypress/psoc creator/4.4/psoc creator/import/gnu/arm/5.4.1/bin/../lib/gcc/arm-none-eabi/5.4.1/armv7-m/crtbegin.o

.eh_frame_hdr
 *(.eh_frame_hdr)

.eh_frame       0x00002f58        0x4
 *(.eh_frame)
 .eh_frame      0x00002f58        0x0 c:/program files (x86)/cypress/psoc creator/4.4/psoc creator/import/gnu/arm/5.4.1/bin/../lib/gcc/arm-none-eabi/5.4.1/armv7-m/crtbegin.o
 .eh_frame      0x00002f58        0x4 c:/program files (x86)/cypress/psoc creator/4.4/psoc creator/import/gnu/arm/5.4.1/bin/../lib/gcc/arm-none-eabi/5.4.1/armv7-m/crtend.o
                [!provide]                PROVIDE (__exidx_start, .)

.ARM.exidx
 *(.ARM.exidx* .gnu.linkonce.armexidx.*)
                0x00002f5c                __exidx_end = .

.rodata         0x00002f5c      0x344
 *(.rodata .rodata.* .gnu.linkonce.r.*)
 .rodata.str1.4
                0x00002f5c      0x138 .\CortexM3\ARM_GCC_541\Debug\display.o
                                0x136 (size before relaxing)
 .rodata        0x00003094       0x3c .\CortexM3\ARM_GCC_541\Debug\cyfitter_cfg.o
                0x00003094                ADC_DelSig_1_AMux__addrTable
                0x0000309c                ADC_DelSig_1_AMux__maskTable
 .rodata        0x000030d0      0x160 .\CortexM3\ARM_GCC_541\Debug\Design01.a(CAN.o)
 .rodata.str1.1
                0x00003230        0x2 c:/program files (x86)/cypress/psoc creator/4.4/psoc creator/import/gnu/arm/5.4.1/bin/../lib/gcc/arm-none-eabi/5.4.1/../../../../arm-none-eabi/lib/armv7-m\libg_nano.a(lib_a-impure.o)
 .rodata.str1.1
                0x00003232       0x11 c:/program files (x86)/cypress/psoc creator/4.4/psoc creator/import/gnu/arm/5.4.1/bin/../lib/gcc/arm-none-eabi/5.4.1/../../../../arm-none-eabi/lib/armv7-m\libg_nano.a(lib_a-nano-svfprintf.o)
 .rodata.str1.1
                0x00003243       0x22 c:/program files (x86)/cypress/psoc creator/4.4/psoc creator/import/gnu/arm/5.4.1/bin/../lib/gcc/arm-none-eabi/5.4.1/../../../../arm-none-eabi/lib/armv7-m\libg_nano.a(lib_a-nano-vfprintf_i.o)
                0x00003268                . = ALIGN (0x4)
 *fill*         0x00003265        0x3 
 *(.init)
 .init          0x00003268        0x4 c:/program files (x86)/cypress/psoc creator/4.4/psoc creator/import/gnu/arm/5.4.1/bin/../lib/gcc/arm-none-eabi/5.4.1/armv7-m/crti.o
                0x00003268                _init
 .init          0x0000326c        0x8 c:/program files (x86)/cypress/psoc creator/4.4/psoc creator/import/gnu/arm/5.4.1/bin/../lib/gcc/arm-none-eabi/5.4.1/armv7-m/crtn.o
                0x00003274                . = ALIGN (0x4)
                0x00003274                __preinit_array_start = .
 *(.preinit_array)
                0x00003274                __preinit_array_end = .
                0x00003274                . = ALIGN (0x4)
                0x00003274                __init_array_start = .
 *(SORT(.init_array.*))
 *(.init_array)
 .init_array    0x00003274        0x4 c:/program files (x86)/cypress/psoc creator/4.4/psoc creator/import/gnu/arm/5.4.1/bin/../lib/gcc/arm-none-eabi/5.4.1/armv7-m/crtbegin.o
 .init_array    0x00003278        0x4 .\CortexM3\ARM_GCC_541\Debug\Cm3Start.o
                0x0000327c                __init_array_end = .
                0x0000327c                . = ALIGN (0x4)
 *(.fini)
 .fini          0x0000327c        0x4 c:/program files (x86)/cypress/psoc creator/4.4/psoc creator/import/gnu/arm/5.4.1/bin/../lib/gcc/arm-none-eabi/5.4.1/armv7-m/crti.o
                0x0000327c                _fini
 .fini          0x00003280        0x8 c:/program files (x86)/cypress/psoc creator/4.4/psoc creator/import/gnu/arm/5.4.1/bin/../lib/gcc/arm-none-eabi/5.4.1/armv7-m/crtn.o
                0x00003288                . = ALIGN (0x4)
                0x00003288                __fini_array_start = .
 *(.fini_array)
 .fini_array    0x00003288        0x4 c:/program files (x86)/cypress/psoc creator/4.4/psoc creator/import/gnu/arm/5.4.1/bin/../lib/gcc/arm-none-eabi/5.4.1/armv7-m/crtbegin.o
 *(SORT(.fini_array.*))
                0x0000328c                __fini_array_end = .
                0x0000328c                . = ALIGN (0x4)
 *crtbegin.o(.ctors)
 *(EXCLUDE_FILE(*crtend.o) .ctors)
 *(SORT(.ctors.*))
 *crtend.o(.ctors)
                0x0000328c                . = ALIGN (0x4)
 *crtbegin.o(.dtors)
 *(EXCLUDE_FILE(*crtend.o) .dtors)
 *(SORT(.dtors.*))
 *crtend.o(.dtors)
                0x0000328c                . = ALIGN (0x4)
                0x0000328c                __cy_regions = .
                0x0000328c        0x4 LONG 0x32a0 __cy_region_init_ram
                0x00003290        0x4 LONG 0x1fff80c8 __cy_region_start_data
                0x00003294        0x4 LONG 0x88 __cy_region_init_size_ram
                0x00003298        0x4 LONG 0x68 __cy_region_zero_size_ram
                0x0000329c                __cy_regions_end = .
                0x000032a0                . = ALIGN (0x8)
 *fill*         0x0000329c        0x4 
                0x000032a0                _etext = .

.cy_checksum_exclude
                0x000032a0        0x0
 *(.cy_checksum_exclude)

.ramvectors     0x1fff8000       0xc0
                0x1fff8000                __cy_region_start_ram = .
 *(.ramvectors)
 .ramvectors    0x1fff8000       0xc0 .\CortexM3\ARM_GCC_541\Debug\Cm3Start.o
                0x1fff8000                CyRamVectors

.noinit         0x1fff80c0        0x1
 *(.noinit)
 .noinit        0x1fff80c0        0x1 .\CortexM3\ARM_GCC_541\Debug\Design01.a(CyLib.o)
                0x1fff80c0                CyResetStatus

.data           0x1fff80c8       0x88 load address 0x000032a0
                0x1fff80c8                __cy_region_start_data = .
 *(.jcr)
 .jcr           0x1fff80c8        0x0 c:/program files (x86)/cypress/psoc creator/4.4/psoc creator/import/gnu/arm/5.4.1/bin/../lib/gcc/arm-none-eabi/5.4.1/armv7-m/crtbegin.o
 .jcr           0x1fff80c8        0x4 c:/program files (x86)/cypress/psoc creator/4.4/psoc creator/import/gnu/arm/5.4.1/bin/../lib/gcc/arm-none-eabi/5.4.1/armv7-m/crtend.o
 *(.got.plt)
 *(.got)
 *(.shdata)
 *(.data .data.* .gnu.linkonce.d.*)
 .data          0x1fff80cc        0x1 .\CortexM3\ARM_GCC_541\Debug\fsm.o
                0x1fff80cc                hv_lockout
 *fill*         0x1fff80cd        0x3 
 .data          0x1fff80d0        0x4 .\CortexM3\ARM_GCC_541\Debug\Cm3Start.o
 .data          0x1fff80d4        0x1 .\CortexM3\ARM_GCC_541\Debug\Design01.a(ADC_DelSig_1.o)
                0x1fff80d4                ADC_DelSig_1_Config
 .data          0x1fff80d5        0x1 .\CortexM3\ARM_GCC_541\Debug\Design01.a(ADC_DelSig_1_AMux.o)
 *fill*         0x1fff80d6        0x2 
 .data          0x1fff80d8       0x10 .\CortexM3\ARM_GCC_541\Debug\Design01.a(CyLib.o)
                0x1fff80d8                cydelay_32k_ms
                0x1fff80dc                cydelay_freq_khz
                0x1fff80e0                cydelay_freq_mhz
                0x1fff80e4                cydelay_freq_hz
 .data.impure_data
                0x1fff80e8       0x60 c:/program files (x86)/cypress/psoc creator/4.4/psoc creator/import/gnu/arm/5.4.1/bin/../lib/gcc/arm-none-eabi/5.4.1/../../../../arm-none-eabi/lib/armv7-m\libg_nano.a(lib_a-impure.o)
 .data._impure_ptr
                0x1fff8148        0x4 c:/program files (x86)/cypress/psoc creator/4.4/psoc creator/import/gnu/arm/5.4.1/bin/../lib/gcc/arm-none-eabi/5.4.1/../../../../arm-none-eabi/lib/armv7-m\libg_nano.a(lib_a-impure.o)
                0x1fff8148                _impure_ptr
                0x1fff8150                . = ALIGN (0x8)
 *fill*         0x1fff814c        0x4 
 *(.ram)
                0x1fff8150                _edata = .

.igot.plt       0x1fff8150        0x0 load address 0x00003328
 .igot.plt      0x1fff8150        0x0 c:/program files (x86)/cypress/psoc creator/4.4/psoc creator/import/gnu/arm/5.4.1/bin/../lib/gcc/arm-none-eabi/5.4.1/armv7-m/crtbegin.o

.bss            0x1fff8150       0x68 load address 0x00003328
                0x1fff8150                PROVIDE (__bss_start__, .)
 *(.shbss)
 *(.bss .bss.* .gnu.linkonce.b.*)
 .bss           0x1fff8150       0x1c c:/program files (x86)/cypress/psoc creator/4.4/psoc creator/import/gnu/arm/5.4.1/bin/../lib/gcc/arm-none-eabi/5.4.1/armv7-m/crtbegin.o
 .bss           0x1fff816c       0x21 .\CortexM3\ARM_GCC_541\Debug\main.o
                0x1fff816c                relay_flags
                0x1fff816d                pei_state
                0x1fff816e                vcu_attached
                0x1fff816f                charger_attached
                0x1fff8170                loops_since_charger_message
                0x1fff8172                loops_since_mc_message
                0x1fff8174                loops_since_bms_message
                0x1fff8176                loops_since_vcu_message
                0x1fff8178                loop_counter
                0x1fff817a                charger_status
                0x1fff817c                mc_run_faults
                0x1fff817e                mc_post_faults
                0x1fff8180                mc_discharge_state
                0x1fff8181                mc_vsm_state
                0x1fff8182                mc_voltage
                0x1fff8184                bms_temp
                0x1fff8185                bms_soc
                0x1fff8186                bms_voltage
                0x1fff8188                bms_status
                0x1fff818a                enable_commands
                0x1fff818b                vcu_state
                0x1fff818c                pei_status
 .bss           0x1fff818d        0x1 .\CortexM3\ARM_GCC_541\Debug\Design01.a(CAN.o)
                0x1fff818d                CAN_initVar
 *fill*         0x1fff818e        0x2 
 .bss           0x1fff8190        0xc .\CortexM3\ARM_GCC_541\Debug\Design01.a(ADC_DelSig_1.o)
                0x1fff8194                ADC_DelSig_1_stopConversion
                0x1fff8195                ADC_DelSig_1_convDone
                0x1fff8196                ADC_DelSig_1_initVar
                0x1fff8197                ADC_DelSig_1_started
                0x1fff8198                ADC_DelSig_1_Offset
 .bss           0x1fff819c        0x2 .\CortexM3\ARM_GCC_541\Debug\Design01.a(LCD.o)
                0x1fff819c                LCD_enableState
                0x1fff819d                LCD_initVar
 *fill*         0x1fff819e        0x2 
 .bss.__malloc_sbrk_start
                0x1fff81a0        0x4 c:/program files (x86)/cypress/psoc creator/4.4/psoc creator/import/gnu/arm/5.4.1/bin/../lib/gcc/arm-none-eabi/5.4.1/../../../../arm-none-eabi/lib/armv7-m\libg_nano.a(lib_a-nano-mallocr.o)
                0x1fff81a0                __malloc_sbrk_start
 .bss.__malloc_free_list
                0x1fff81a4        0x4 c:/program files (x86)/cypress/psoc creator/4.4/psoc creator/import/gnu/arm/5.4.1/bin/../lib/gcc/arm-none-eabi/5.4.1/../../../../arm-none-eabi/lib/armv7-m\libg_nano.a(lib_a-nano-mallocr.o)
                0x1fff81a4                __malloc_free_list
 *(COMMON)
 COMMON         0x1fff81a8        0x2 .\CortexM3\ARM_GCC_541\Debug\main.o
                0x1fff81a8                current
 *fill*         0x1fff81aa        0x2 
 COMMON         0x1fff81ac        0x4 .\CortexM3\ARM_GCC_541\Debug\Design01.a(ADC_DelSig_1.o)
                0x1fff81ac                ADC_DelSig_1_CountsPerVolt
 COMMON         0x1fff81b0        0x4 c:/program files (x86)/cypress/psoc creator/4.4/psoc creator/import/gnu/arm/5.4.1/bin/../lib/gcc/arm-none-eabi/5.4.1/../../../../arm-none-eabi/lib/armv7-m\libg_nano.a(lib_a-reent.o)
                0x1fff81b0                errno
                0x1fff81b8                . = ALIGN (0x8)
 *fill*         0x1fff81b4        0x4 
 *(.ram.b)
                0x1fff81b8                _end = .
                0x1fff81b8                __end = .
                0x1fff81b8                PROVIDE (end, .)
                0x1fff81b8                PROVIDE (__bss_end__, .)
                0x000032a0                __cy_region_init_ram = LOADADDR (.data)
                0x00000088                __cy_region_init_size_ram = (_edata - ADDR (.data))
                0x00000068                __cy_region_zero_size_ram = (_end - _edata)

.heap           0x1fff81b8       0x80 load address 0x00003328
                0x1fff81b8                . = _end
                0x1fff8238                . = (. + 0x80)
 *fill*         0x1fff81b8       0x80 
                0x1fff8238                __cy_heap_limit = .

.stack          0x20007800      0x800
                0x20007800                __cy_stack_limit = .
                0x20008000                . = (. + 0x800)
 *fill*         0x20007800      0x800 
                0x00000001                ASSERT ((__cy_stack_limit >= __cy_heap_limit), region RAM overflowed with stack)
                0x00000000                cy_checksum_exclude_size = (CY_APPL_LOADABLE == 0x1)?SIZEOF (.cy_checksum_exclude):0x0
                0x00000001                ASSERT ((cy_checksum_exclude_size <= CY_CHECKSUM_EXCLUDE_SIZE), CY_BOOT: Section .cy_checksum_exclude size exceedes specified limit.)

.cyloadermeta
 *(.cyloadermeta)

.cyloadablemeta
 *(.cyloadablemeta)

.cyconfigecc    0x80000000       0xc0
 *(.cyconfigecc)
 .cyconfigecc   0x80000000       0xc0 .\CortexM3\ARM_GCC_541\Debug\cymetadata.o
                0x80000000                cy_meta_configecc

.cycustnvl      0x90000000        0x4
 *(.cycustnvl)
 .cycustnvl     0x90000000        0x4 .\CortexM3\ARM_GCC_541\Debug\cymetadata.o
                0x90000000                cy_meta_custnvl

.cywolatch      0x90100000        0x4
 *(.cywolatch)
 .cywolatch     0x90100000        0x4 .\CortexM3\ARM_GCC_541\Debug\cymetadata.o
                0x90100000                cy_meta_wonvl

.cyeeprom       0x90200000        0x0
 *(.cyeeprom)
                0x00000001                ASSERT ((. <= ((0x90200000 + ee_offset) + ee_size)), .cyeeprom data will not fit in EEPROM)

.cyflashprotect
                0x90400000      0x100
 *(.cyflashprotect)
 .cyflashprotect
                0x90400000      0x100 .\CortexM3\ARM_GCC_541\Debug\cymetadata.o
                0x90400000                cy_meta_flashprotect

.cymeta         0x90500000        0xc
 *(.cymeta)
 .cymeta        0x90500000        0xc .\CortexM3\ARM_GCC_541\Debug\cymetadata.o
                0x90500000                cy_metadata

.rel.dyn        0x00003328        0x0 load address 0x9050000c
 .rel.iplt      0x00003328        0x0 c:/program files (x86)/cypress/psoc creator/4.4/psoc creator/import/gnu/arm/5.4.1/bin/../lib/gcc/arm-none-eabi/5.4.1/armv7-m/crtbegin.o

.stab
 *(.stab)

.stabstr
 *(.stabstr)

.debug
 *(.debug)

.line
 *(.line)

.debug_srcinfo
 *(.debug_srcinfo)

.debug_sfnames
 *(.debug_sfnames)

.debug_aranges  0x00000000      0xbc0
 *(.debug_aranges)
 .debug_aranges
                0x00000000       0x28 .\CortexM3\ARM_GCC_541\Debug\main.o
 .debug_aranges
                0x00000028       0x48 .\CortexM3\ARM_GCC_541\Debug\can_manager.o
 .debug_aranges
                0x00000070       0x20 .\CortexM3\ARM_GCC_541\Debug\display.o
 .debug_aranges
                0x00000090       0x48 .\CortexM3\ARM_GCC_541\Debug\fsm.o
 .debug_aranges
                0x000000d8       0x30 .\CortexM3\ARM_GCC_541\Debug\relays.o
 .debug_aranges
                0x00000108       0x68 .\CortexM3\ARM_GCC_541\Debug\cyfitter_cfg.o
 .debug_aranges
                0x00000170       0x18 .\CortexM3\ARM_GCC_541\Debug\cymetadata.o
 .debug_aranges
                0x00000188       0x48 .\CortexM3\ARM_GCC_541\Debug\Cm3Start.o
 .debug_aranges
                0x000001d0       0x38 .\CortexM3\ARM_GCC_541\Debug\Design01.a(SD_FINAL.o)
 .debug_aranges
                0x00000208       0xc8 .\CortexM3\ARM_GCC_541\Debug\Design01.a(CAN.o)
 .debug_aranges
                0x000002d0       0x28 .\CortexM3\ARM_GCC_541\Debug\Design01.a(CAN_INT.o)
 .debug_aranges
                0x000002f8       0x78 .\CortexM3\ARM_GCC_541\Debug\Design01.a(CAN_TX_RX_func.o)
 .debug_aranges
                0x00000370       0x38 .\CortexM3\ARM_GCC_541\Debug\Design01.a(AIR_NEG.o)
 .debug_aranges
                0x000003a8       0x38 .\CortexM3\ARM_GCC_541\Debug\Design01.a(AIR_POS.o)
 .debug_aranges
                0x000003e0       0x38 .\CortexM3\ARM_GCC_541\Debug\Design01.a(Precharge.o)
 .debug_aranges
                0x00000418       0x38 .\CortexM3\ARM_GCC_541\Debug\Design01.a(IMD_Fault.o)
 .debug_aranges
                0x00000450       0x38 .\CortexM3\ARM_GCC_541\Debug\Design01.a(BMS_Fault.o)
 .debug_aranges
                0x00000488       0xe8 .\CortexM3\ARM_GCC_541\Debug\Design01.a(ADC_DelSig_1.o)
 .debug_aranges
                0x00000570       0x38 .\CortexM3\ARM_GCC_541\Debug\Design01.a(ADC_DelSig_1_INT.o)
 .debug_aranges
                0x000005a8       0x98 .\CortexM3\ARM_GCC_541\Debug\Design01.a(LCD.o)
 .debug_aranges
                0x00000640       0x30 .\CortexM3\ARM_GCC_541\Debug\Design01.a(ADC_DelSig_1_AMux.o)
 .debug_aranges
                0x00000670       0x70 .\CortexM3\ARM_GCC_541\Debug\Design01.a(ADC_DelSig_1_Ext_CP_Clk.o)
 .debug_aranges
                0x000006e0       0x80 .\CortexM3\ARM_GCC_541\Debug\Design01.a(ADC_DelSig_1_theACLK.o)
 .debug_aranges
                0x00000760      0x2a0 .\CortexM3\ARM_GCC_541\Debug\Design01.a(CyLib.o)
 .debug_aranges
                0x00000a00       0x98 .\CortexM3\ARM_GCC_541\Debug\Design01.a(cyPm.o)
 .debug_aranges
                0x00000a98       0x20 .\CortexM3\ARM_GCC_541\Debug\Design01.a(CyBootAsmGnu.o)
 .debug_aranges
                0x00000ab8       0x88 .\CortexM3\ARM_GCC_541\Debug\Design01.a(CyFlash.o)
 .debug_aranges
                0x00000b40       0x80 .\CortexM3\ARM_GCC_541\Debug\Design01.a(CySpc.o)

.debug_pubnames
 *(.debug_pubnames)

.debug_info     0x00000000     0x783e
 *(.debug_info .gnu.linkonce.wi.*)
 .debug_info    0x00000000      0x61a .\CortexM3\ARM_GCC_541\Debug\main.o
 .debug_info    0x0000061a      0x391 .\CortexM3\ARM_GCC_541\Debug\can_manager.o
 .debug_info    0x000009ab      0x441 .\CortexM3\ARM_GCC_541\Debug\display.o
 .debug_info    0x00000dec      0x37e .\CortexM3\ARM_GCC_541\Debug\fsm.o
 .debug_info    0x0000116a      0x1d9 .\CortexM3\ARM_GCC_541\Debug\relays.o
 .debug_info    0x00001343      0x60a .\CortexM3\ARM_GCC_541\Debug\cyfitter_cfg.o
 .debug_info    0x0000194d      0x134 .\CortexM3\ARM_GCC_541\Debug\cymetadata.o
 .debug_info    0x00001a81      0x3bb .\CortexM3\ARM_GCC_541\Debug\Cm3Start.o
 .debug_info    0x00001e3c      0x11f .\CortexM3\ARM_GCC_541\Debug\Design01.a(SD_FINAL.o)
 .debug_info    0x00001f5b      0x905 .\CortexM3\ARM_GCC_541\Debug\Design01.a(CAN.o)
 .debug_info    0x00002860      0x2a1 .\CortexM3\ARM_GCC_541\Debug\Design01.a(CAN_INT.o)
 .debug_info    0x00002b01      0x514 .\CortexM3\ARM_GCC_541\Debug\Design01.a(CAN_TX_RX_func.o)
 .debug_info    0x00003015      0x11f .\CortexM3\ARM_GCC_541\Debug\Design01.a(AIR_NEG.o)
 .debug_info    0x00003134      0x11f .\CortexM3\ARM_GCC_541\Debug\Design01.a(AIR_POS.o)
 .debug_info    0x00003253      0x11f .\CortexM3\ARM_GCC_541\Debug\Design01.a(Precharge.o)
 .debug_info    0x00003372      0x11f .\CortexM3\ARM_GCC_541\Debug\Design01.a(IMD_Fault.o)
 .debug_info    0x00003491      0x11f .\CortexM3\ARM_GCC_541\Debug\Design01.a(BMS_Fault.o)
 .debug_info    0x000035b0      0xa19 .\CortexM3\ARM_GCC_541\Debug\Design01.a(ADC_DelSig_1.o)
 .debug_info    0x00003fc9       0xd3 .\CortexM3\ARM_GCC_541\Debug\Design01.a(ADC_DelSig_1_INT.o)
 .debug_info    0x0000409c      0x715 .\CortexM3\ARM_GCC_541\Debug\Design01.a(LCD.o)
 .debug_info    0x000047b1      0x165 .\CortexM3\ARM_GCC_541\Debug\Design01.a(ADC_DelSig_1_AMux.o)
 .debug_info    0x00004916      0x283 .\CortexM3\ARM_GCC_541\Debug\Design01.a(ADC_DelSig_1_Ext_CP_Clk.o)
 .debug_info    0x00004b99      0x2c4 .\CortexM3\ARM_GCC_541\Debug\Design01.a(ADC_DelSig_1_theACLK.o)
 .debug_info    0x00004e5d     0x1374 .\CortexM3\ARM_GCC_541\Debug\Design01.a(CyLib.o)
 .debug_info    0x000061d1      0xa2a .\CortexM3\ARM_GCC_541\Debug\Design01.a(cyPm.o)
 .debug_info    0x00006bfb       0xa6 .\CortexM3\ARM_GCC_541\Debug\Design01.a(CyBootAsmGnu.o)
 .debug_info    0x00006ca1      0x64d .\CortexM3\ARM_GCC_541\Debug\Design01.a(CyFlash.o)
 .debug_info    0x000072ee      0x550 .\CortexM3\ARM_GCC_541\Debug\Design01.a(CySpc.o)

.debug_abbrev   0x00000000     0x1ef5
 *(.debug_abbrev)
 .debug_abbrev  0x00000000      0x132 .\CortexM3\ARM_GCC_541\Debug\main.o
 .debug_abbrev  0x00000132      0x149 .\CortexM3\ARM_GCC_541\Debug\can_manager.o
 .debug_abbrev  0x0000027b       0xe6 .\CortexM3\ARM_GCC_541\Debug\display.o
 .debug_abbrev  0x00000361      0x165 .\CortexM3\ARM_GCC_541\Debug\fsm.o
 .debug_abbrev  0x000004c6       0xad .\CortexM3\ARM_GCC_541\Debug\relays.o
 .debug_abbrev  0x00000573      0x21e .\CortexM3\ARM_GCC_541\Debug\cyfitter_cfg.o
 .debug_abbrev  0x00000791       0x5d .\CortexM3\ARM_GCC_541\Debug\cymetadata.o
 .debug_abbrev  0x000007ee      0x1e8 .\CortexM3\ARM_GCC_541\Debug\Cm3Start.o
 .debug_abbrev  0x000009d6       0x90 .\CortexM3\ARM_GCC_541\Debug\Design01.a(SD_FINAL.o)
 .debug_abbrev  0x00000a66      0x195 .\CortexM3\ARM_GCC_541\Debug\Design01.a(CAN.o)
 .debug_abbrev  0x00000bfb       0xd5 .\CortexM3\ARM_GCC_541\Debug\Design01.a(CAN_INT.o)
 .debug_abbrev  0x00000cd0      0x178 .\CortexM3\ARM_GCC_541\Debug\Design01.a(CAN_TX_RX_func.o)
 .debug_abbrev  0x00000e48       0x90 .\CortexM3\ARM_GCC_541\Debug\Design01.a(AIR_NEG.o)
 .debug_abbrev  0x00000ed8       0x90 .\CortexM3\ARM_GCC_541\Debug\Design01.a(AIR_POS.o)
 .debug_abbrev  0x00000f68       0x90 .\CortexM3\ARM_GCC_541\Debug\Design01.a(Precharge.o)
 .debug_abbrev  0x00000ff8       0x90 .\CortexM3\ARM_GCC_541\Debug\Design01.a(IMD_Fault.o)
 .debug_abbrev  0x00001088       0x90 .\CortexM3\ARM_GCC_541\Debug\Design01.a(BMS_Fault.o)
 .debug_abbrev  0x00001118      0x1eb .\CortexM3\ARM_GCC_541\Debug\Design01.a(ADC_DelSig_1.o)
 .debug_abbrev  0x00001303       0x42 .\CortexM3\ARM_GCC_541\Debug\Design01.a(ADC_DelSig_1_INT.o)
 .debug_abbrev  0x00001345      0x157 .\CortexM3\ARM_GCC_541\Debug\Design01.a(LCD.o)
 .debug_abbrev  0x0000149c       0xb1 .\CortexM3\ARM_GCC_541\Debug\Design01.a(ADC_DelSig_1_AMux.o)
 .debug_abbrev  0x0000154d      0x139 .\CortexM3\ARM_GCC_541\Debug\Design01.a(ADC_DelSig_1_Ext_CP_Clk.o)
 .debug_abbrev  0x00001686      0x121 .\CortexM3\ARM_GCC_541\Debug\Design01.a(ADC_DelSig_1_theACLK.o)
 .debug_abbrev  0x000017a7      0x254 .\CortexM3\ARM_GCC_541\Debug\Design01.a(CyLib.o)
 .debug_abbrev  0x000019fb      0x1ab .\CortexM3\ARM_GCC_541\Debug\Design01.a(cyPm.o)
 .debug_abbrev  0x00001ba6       0x14 .\CortexM3\ARM_GCC_541\Debug\Design01.a(CyBootAsmGnu.o)
 .debug_abbrev  0x00001bba      0x1a7 .\CortexM3\ARM_GCC_541\Debug\Design01.a(CyFlash.o)
 .debug_abbrev  0x00001d61      0x194 .\CortexM3\ARM_GCC_541\Debug\Design01.a(CySpc.o)

.debug_line     0x00000000     0x3455
 *(.debug_line)
 .debug_line    0x00000000      0x283 .\CortexM3\ARM_GCC_541\Debug\main.o
 .debug_line    0x00000283      0x1e8 .\CortexM3\ARM_GCC_541\Debug\can_manager.o
 .debug_line    0x0000046b      0x20e .\CortexM3\ARM_GCC_541\Debug\display.o
 .debug_line    0x00000679      0x236 .\CortexM3\ARM_GCC_541\Debug\fsm.o
 .debug_line    0x000008af      0x1ad .\CortexM3\ARM_GCC_541\Debug\relays.o
 .debug_line    0x00000a5c      0x206 .\CortexM3\ARM_GCC_541\Debug\cyfitter_cfg.o
 .debug_line    0x00000c62      0x141 .\CortexM3\ARM_GCC_541\Debug\cymetadata.o
 .debug_line    0x00000da3      0x234 .\CortexM3\ARM_GCC_541\Debug\Cm3Start.o
 .debug_line    0x00000fd7       0x95 .\CortexM3\ARM_GCC_541\Debug\Design01.a(SD_FINAL.o)
 .debug_line    0x0000106c      0x37e .\CortexM3\ARM_GCC_541\Debug\Design01.a(CAN.o)
 .debug_line    0x000013ea       0xaa .\CortexM3\ARM_GCC_541\Debug\Design01.a(CAN_INT.o)
 .debug_line    0x00001494      0x2b7 .\CortexM3\ARM_GCC_541\Debug\Design01.a(CAN_TX_RX_func.o)
 .debug_line    0x0000174b       0x94 .\CortexM3\ARM_GCC_541\Debug\Design01.a(AIR_NEG.o)
 .debug_line    0x000017df       0x94 .\CortexM3\ARM_GCC_541\Debug\Design01.a(AIR_POS.o)
 .debug_line    0x00001873       0x96 .\CortexM3\ARM_GCC_541\Debug\Design01.a(Precharge.o)
 .debug_line    0x00001909       0x96 .\CortexM3\ARM_GCC_541\Debug\Design01.a(IMD_Fault.o)
 .debug_line    0x0000199f       0x96 .\CortexM3\ARM_GCC_541\Debug\Design01.a(BMS_Fault.o)
 .debug_line    0x00001a35      0x37d .\CortexM3\ARM_GCC_541\Debug\Design01.a(ADC_DelSig_1.o)
 .debug_line    0x00001db2       0x89 .\CortexM3\ARM_GCC_541\Debug\Design01.a(ADC_DelSig_1_INT.o)
 .debug_line    0x00001e3b      0x1dc .\CortexM3\ARM_GCC_541\Debug\Design01.a(LCD.o)
 .debug_line    0x00002017       0xb5 .\CortexM3\ARM_GCC_541\Debug\Design01.a(ADC_DelSig_1_AMux.o)
 .debug_line    0x000020cc      0x186 .\CortexM3\ARM_GCC_541\Debug\Design01.a(ADC_DelSig_1_Ext_CP_Clk.o)
 .debug_line    0x00002252      0x1a6 .\CortexM3\ARM_GCC_541\Debug\Design01.a(ADC_DelSig_1_theACLK.o)
 .debug_line    0x000023f8      0x816 .\CortexM3\ARM_GCC_541\Debug\Design01.a(CyLib.o)
 .debug_line    0x00002c0e      0x367 .\CortexM3\ARM_GCC_541\Debug\Design01.a(cyPm.o)
 .debug_line    0x00002f75       0x66 .\CortexM3\ARM_GCC_541\Debug\Design01.a(CyBootAsmGnu.o)
 .debug_line    0x00002fdb      0x21a .\CortexM3\ARM_GCC_541\Debug\Design01.a(CyFlash.o)
 .debug_line    0x000031f5      0x260 .\CortexM3\ARM_GCC_541\Debug\Design01.a(CySpc.o)

.debug_frame    0x00000000     0x1fec
 *(.debug_frame)
 .debug_frame   0x00000000       0x4c .\CortexM3\ARM_GCC_541\Debug\main.o
 .debug_frame   0x0000004c       0xac .\CortexM3\ARM_GCC_541\Debug\can_manager.o
 .debug_frame   0x000000f8       0x30 .\CortexM3\ARM_GCC_541\Debug\display.o
 .debug_frame   0x00000128       0x94 .\CortexM3\ARM_GCC_541\Debug\fsm.o
 .debug_frame   0x000001bc       0x64 .\CortexM3\ARM_GCC_541\Debug\relays.o
 .debug_frame   0x00000220      0x104 .\CortexM3\ARM_GCC_541\Debug\cyfitter_cfg.o
 .debug_frame   0x00000324       0xb8 .\CortexM3\ARM_GCC_541\Debug\Cm3Start.o
 .debug_frame   0x000003dc       0x50 .\CortexM3\ARM_GCC_541\Debug\Design01.a(SD_FINAL.o)
 .debug_frame   0x0000042c      0x1cc .\CortexM3\ARM_GCC_541\Debug\Design01.a(CAN.o)
 .debug_frame   0x000005f8       0x4c .\CortexM3\ARM_GCC_541\Debug\Design01.a(CAN_INT.o)
 .debug_frame   0x00000644       0xf0 .\CortexM3\ARM_GCC_541\Debug\Design01.a(CAN_TX_RX_func.o)
 .debug_frame   0x00000734       0x50 .\CortexM3\ARM_GCC_541\Debug\Design01.a(AIR_NEG.o)
 .debug_frame   0x00000784       0x50 .\CortexM3\ARM_GCC_541\Debug\Design01.a(AIR_POS.o)
 .debug_frame   0x000007d4       0x50 .\CortexM3\ARM_GCC_541\Debug\Design01.a(Precharge.o)
 .debug_frame   0x00000824       0x50 .\CortexM3\ARM_GCC_541\Debug\Design01.a(IMD_Fault.o)
 .debug_frame   0x00000874       0x50 .\CortexM3\ARM_GCC_541\Debug\Design01.a(BMS_Fault.o)
 .debug_frame   0x000008c4      0x284 .\CortexM3\ARM_GCC_541\Debug\Design01.a(ADC_DelSig_1.o)
 .debug_frame   0x00000b48       0x50 .\CortexM3\ARM_GCC_541\Debug\Design01.a(ADC_DelSig_1_INT.o)
 .debug_frame   0x00000b98      0x1e8 .\CortexM3\ARM_GCC_541\Debug\Design01.a(LCD.o)
 .debug_frame   0x00000d80       0x64 .\CortexM3\ARM_GCC_541\Debug\Design01.a(ADC_DelSig_1_AMux.o)
 .debug_frame   0x00000de4       0xe0 .\CortexM3\ARM_GCC_541\Debug\Design01.a(ADC_DelSig_1_Ext_CP_Clk.o)
 .debug_frame   0x00000ec4      0x100 .\CortexM3\ARM_GCC_541\Debug\Design01.a(ADC_DelSig_1_theACLK.o)
 .debug_frame   0x00000fc4      0x738 .\CortexM3\ARM_GCC_541\Debug\Design01.a(CyLib.o)
 .debug_frame   0x000016fc      0x1f8 .\CortexM3\ARM_GCC_541\Debug\Design01.a(cyPm.o)
 .debug_frame   0x000018f4      0x194 .\CortexM3\ARM_GCC_541\Debug\Design01.a(CyFlash.o)
 .debug_frame   0x00001a88      0x180 .\CortexM3\ARM_GCC_541\Debug\Design01.a(CySpc.o)
 .debug_frame   0x00001c08       0x20 c:/program files (x86)/cypress/psoc creator/4.4/psoc creator/import/gnu/arm/5.4.1/bin/../lib/gcc/arm-none-eabi/5.4.1/../../../../arm-none-eabi/lib/armv7-m\libg_nano.a(lib_a-errno.o)
 .debug_frame   0x00001c28       0x28 c:/program files (x86)/cypress/psoc creator/4.4/psoc creator/import/gnu/arm/5.4.1/bin/../lib/gcc/arm-none-eabi/5.4.1/../../../../arm-none-eabi/lib/armv7-m\libg_nano.a(lib_a-exit.o)
 .debug_frame   0x00001c50       0x2c c:/program files (x86)/cypress/psoc creator/4.4/psoc creator/import/gnu/arm/5.4.1/bin/../lib/gcc/arm-none-eabi/5.4.1/../../../../arm-none-eabi/lib/armv7-m\libg_nano.a(lib_a-init.o)
 .debug_frame   0x00001c7c       0x28 c:/program files (x86)/cypress/psoc creator/4.4/psoc creator/import/gnu/arm/5.4.1/bin/../lib/gcc/arm-none-eabi/5.4.1/../../../../arm-none-eabi/lib/armv7-m\libg_nano.a(lib_a-memcpy-stub.o)
 .debug_frame   0x00001ca4       0x20 c:/program files (x86)/cypress/psoc creator/4.4/psoc creator/import/gnu/arm/5.4.1/bin/../lib/gcc/arm-none-eabi/5.4.1/../../../../arm-none-eabi/lib/armv7-m\libg_nano.a(lib_a-memset.o)
 .debug_frame   0x00001cc4       0x70 c:/program files (x86)/cypress/psoc creator/4.4/psoc creator/import/gnu/arm/5.4.1/bin/../lib/gcc/arm-none-eabi/5.4.1/../../../../arm-none-eabi/lib/armv7-m\libg_nano.a(lib_a-sprintf.o)
 .debug_frame   0x00001d34       0x90 c:/program files (x86)/cypress/psoc creator/4.4/psoc creator/import/gnu/arm/5.4.1/bin/../lib/gcc/arm-none-eabi/5.4.1/../../../../arm-none-eabi/lib/armv7-m\libg_nano.a(lib_a-nano-svfprintf.o)
 .debug_frame   0x00001dc4       0x60 c:/program files (x86)/cypress/psoc creator/4.4/psoc creator/import/gnu/arm/5.4.1/bin/../lib/gcc/arm-none-eabi/5.4.1/../../../../arm-none-eabi/lib/armv7-m\libg_nano.a(lib_a-nano-vfprintf_i.o)
 .debug_frame   0x00001e24       0x28 c:/program files (x86)/cypress/psoc creator/4.4/psoc creator/import/gnu/arm/5.4.1/bin/../lib/gcc/arm-none-eabi/5.4.1/../../../../arm-none-eabi/lib/armv7-m\libg_nano.a(lib_a-memchr-stub.o)
 .debug_frame   0x00001e4c       0x28 c:/program files (x86)/cypress/psoc creator/4.4/psoc creator/import/gnu/arm/5.4.1/bin/../lib/gcc/arm-none-eabi/5.4.1/../../../../arm-none-eabi/lib/armv7-m\libg_nano.a(lib_a-memmove.o)
 .debug_frame   0x00001e74       0x38 c:/program files (x86)/cypress/psoc creator/4.4/psoc creator/import/gnu/arm/5.4.1/bin/../lib/gcc/arm-none-eabi/5.4.1/../../../../arm-none-eabi/lib/armv7-m\libg_nano.a(lib_a-nano-freer.o)
 .debug_frame   0x00001eac       0x2c c:/program files (x86)/cypress/psoc creator/4.4/psoc creator/import/gnu/arm/5.4.1/bin/../lib/gcc/arm-none-eabi/5.4.1/../../../../arm-none-eabi/lib/armv7-m\libg_nano.a(lib_a-nano-mallocr.o)
 .debug_frame   0x00001ed8       0x3c c:/program files (x86)/cypress/psoc creator/4.4/psoc creator/import/gnu/arm/5.4.1/bin/../lib/gcc/arm-none-eabi/5.4.1/../../../../arm-none-eabi/lib/armv7-m\libg_nano.a(lib_a-nano-reallocr.o)
 .debug_frame   0x00001f14       0x2c c:/program files (x86)/cypress/psoc creator/4.4/psoc creator/import/gnu/arm/5.4.1/bin/../lib/gcc/arm-none-eabi/5.4.1/../../../../arm-none-eabi/lib/armv7-m\libg_nano.a(lib_a-sbrkr.o)
 .debug_frame   0x00001f40       0x30 c:/program files (x86)/cypress/psoc creator/4.4/psoc creator/import/gnu/arm/5.4.1/bin/../lib/gcc/arm-none-eabi/5.4.1/../../../../arm-none-eabi/lib/armv7-m\libg_nano.a(lib_a-mlock.o)
 .debug_frame   0x00001f70       0x20 c:/program files (x86)/cypress/psoc creator/4.4/psoc creator/import/gnu/arm/5.4.1/bin/../lib/gcc/arm-none-eabi/5.4.1/../../../../arm-none-eabi/lib/armv7-m\libg_nano.a(lib_a-nano-msizer.o)
 .debug_frame   0x00001f90       0x5c c:/program files (x86)/cypress/psoc creator/4.4/psoc creator/import/gnu/arm/5.4.1/bin/../lib/gcc/arm-none-eabi/5.4.1/../../../../arm-none-eabi/lib/armv7-m\libg_nano.a(lib_a-reent.o)

.debug_str      0x00000000     0x2961
 *(.debug_str)
 .debug_str     0x00000000      0x5af .\CortexM3\ARM_GCC_541\Debug\main.o
                                0x638 (size before relaxing)
 .debug_str     0x000005af       0xdc .\CortexM3\ARM_GCC_541\Debug\can_manager.o
                                0x3ac (size before relaxing)
 .debug_str     0x0000068b       0x2f .\CortexM3\ARM_GCC_541\Debug\display.o
                                0x285 (size before relaxing)
 .debug_str     0x000006ba       0x26 .\CortexM3\ARM_GCC_541\Debug\fsm.o
                                0x44f (size before relaxing)
 .debug_str     0x000006e0       0x35 .\CortexM3\ARM_GCC_541\Debug\relays.o
                                0x234 (size before relaxing)
 .debug_str     0x00000715      0x1e5 .\CortexM3\ARM_GCC_541\Debug\cyfitter_cfg.o
                                0x395 (size before relaxing)
 .debug_str     0x000008fa       0xc3 .\CortexM3\ARM_GCC_541\Debug\cymetadata.o
                                0x1f0 (size before relaxing)
 .debug_str     0x000009bd      0x144 .\CortexM3\ARM_GCC_541\Debug\Cm3Start.o
                                0x320 (size before relaxing)
 .debug_str     0x00000b01       0x6c .\CortexM3\ARM_GCC_541\Debug\Design01.a(SD_FINAL.o)
                                0x207 (size before relaxing)
 .debug_str     0x00000b6d      0x2ae .\CortexM3\ARM_GCC_541\Debug\Design01.a(CAN.o)
                                0x4f7 (size before relaxing)
 .debug_str     0x00000e1b      0x110 .\CortexM3\ARM_GCC_541\Debug\Design01.a(CAN_INT.o)
                                0x312 (size before relaxing)
 .debug_str     0x00000f2b       0x80 .\CortexM3\ARM_GCC_541\Debug\Design01.a(CAN_TX_RX_func.o)
                                0x4fd (size before relaxing)
 .debug_str     0x00000fab       0x57 .\CortexM3\ARM_GCC_541\Debug\Design01.a(AIR_NEG.o)
                                0x202 (size before relaxing)
 .debug_str     0x00001002       0x57 .\CortexM3\ARM_GCC_541\Debug\Design01.a(AIR_POS.o)
                                0x202 (size before relaxing)
 .debug_str     0x00001059       0x5f .\CortexM3\ARM_GCC_541\Debug\Design01.a(Precharge.o)
                                0x20c (size before relaxing)
 .debug_str     0x000010b8       0x60 .\CortexM3\ARM_GCC_541\Debug\Design01.a(IMD_Fault.o)
                                0x20c (size before relaxing)
 .debug_str     0x00001118       0x60 .\CortexM3\ARM_GCC_541\Debug\Design01.a(BMS_Fault.o)
                                0x20c (size before relaxing)
 .debug_str     0x00001178      0x49e .\CortexM3\ARM_GCC_541\Debug\Design01.a(ADC_DelSig_1.o)
                                0x750 (size before relaxing)
 .debug_str     0x00001616       0x72 .\CortexM3\ARM_GCC_541\Debug\Design01.a(ADC_DelSig_1_INT.o)
                                0x203 (size before relaxing)
 .debug_str     0x00001688      0x142 .\CortexM3\ARM_GCC_541\Debug\Design01.a(LCD.o)
                                0x341 (size before relaxing)
 .debug_str     0x000017ca       0x83 .\CortexM3\ARM_GCC_541\Debug\Design01.a(ADC_DelSig_1_AMux.o)
                                0x254 (size before relaxing)
 .debug_str     0x0000184d      0x1c7 .\CortexM3\ARM_GCC_541\Debug\Design01.a(ADC_DelSig_1_Ext_CP_Clk.o)
                                0x3c4 (size before relaxing)
 .debug_str     0x00001a14      0x1bb .\CortexM3\ARM_GCC_541\Debug\Design01.a(ADC_DelSig_1_theACLK.o)
                                0x3f5 (size before relaxing)
 .debug_str     0x00001bcf      0x7c6 .\CortexM3\ARM_GCC_541\Debug\Design01.a(CyLib.o)
                                0xa5d (size before relaxing)
 .debug_str     0x00002395      0x365 .\CortexM3\ARM_GCC_541\Debug\Design01.a(cyPm.o)
                                0x749 (size before relaxing)
 .debug_str     0x000026fa      0x1bb .\CortexM3\ARM_GCC_541\Debug\Design01.a(CyFlash.o)
                                0x3d6 (size before relaxing)
 .debug_str     0x000028b5       0xac .\CortexM3\ARM_GCC_541\Debug\Design01.a(CySpc.o)
                                0x34e (size before relaxing)

.debug_loc      0x00000000     0x35bc
 *(.debug_loc)
 .debug_loc     0x00000000       0xd3 .\CortexM3\ARM_GCC_541\Debug\main.o
 .debug_loc     0x000000d3       0x63 .\CortexM3\ARM_GCC_541\Debug\can_manager.o
 .debug_loc     0x00000136       0x34 .\CortexM3\ARM_GCC_541\Debug\fsm.o
 .debug_loc     0x0000016a      0x219 .\CortexM3\ARM_GCC_541\Debug\cyfitter_cfg.o
 .debug_loc     0x00000383      0x144 .\CortexM3\ARM_GCC_541\Debug\Cm3Start.o
 .debug_loc     0x000004c7       0x42 .\CortexM3\ARM_GCC_541\Debug\Design01.a(SD_FINAL.o)
 .debug_loc     0x00000509      0x980 .\CortexM3\ARM_GCC_541\Debug\Design01.a(CAN.o)
 .debug_loc     0x00000e89       0x54 .\CortexM3\ARM_GCC_541\Debug\Design01.a(CAN_INT.o)
 .debug_loc     0x00000edd      0x1b2 .\CortexM3\ARM_GCC_541\Debug\Design01.a(CAN_TX_RX_func.o)
 .debug_loc     0x0000108f       0x42 .\CortexM3\ARM_GCC_541\Debug\Design01.a(AIR_NEG.o)
 .debug_loc     0x000010d1       0x42 .\CortexM3\ARM_GCC_541\Debug\Design01.a(AIR_POS.o)
 .debug_loc     0x00001113       0x42 .\CortexM3\ARM_GCC_541\Debug\Design01.a(Precharge.o)
 .debug_loc     0x00001155       0x42 .\CortexM3\ARM_GCC_541\Debug\Design01.a(IMD_Fault.o)
 .debug_loc     0x00001197       0x42 .\CortexM3\ARM_GCC_541\Debug\Design01.a(BMS_Fault.o)
 .debug_loc     0x000011d9      0x68c .\CortexM3\ARM_GCC_541\Debug\Design01.a(ADC_DelSig_1.o)
 .debug_loc     0x00001865      0x3c6 .\CortexM3\ARM_GCC_541\Debug\Design01.a(LCD.o)
 .debug_loc     0x00001c2b       0x6c .\CortexM3\ARM_GCC_541\Debug\Design01.a(ADC_DelSig_1_AMux.o)
 .debug_loc     0x00001c97      0x12c .\CortexM3\ARM_GCC_541\Debug\Design01.a(ADC_DelSig_1_Ext_CP_Clk.o)
 .debug_loc     0x00001dc3      0x14d .\CortexM3\ARM_GCC_541\Debug\Design01.a(ADC_DelSig_1_theACLK.o)
 .debug_loc     0x00001f10      0xa11 .\CortexM3\ARM_GCC_541\Debug\Design01.a(CyLib.o)
 .debug_loc     0x00002921      0x1e4 .\CortexM3\ARM_GCC_541\Debug\Design01.a(cyPm.o)
 .debug_loc     0x00002b05      0x3b2 .\CortexM3\ARM_GCC_541\Debug\Design01.a(CyFlash.o)
 .debug_loc     0x00002eb7      0x705 .\CortexM3\ARM_GCC_541\Debug\Design01.a(CySpc.o)

.debug_macinfo
 *(.debug_macinfo)

.debug_ranges   0x00000000      0x9e8
 *(.debug_ranges)
 .debug_ranges  0x00000000       0x18 .\CortexM3\ARM_GCC_541\Debug\main.o
 .debug_ranges  0x00000018       0x38 .\CortexM3\ARM_GCC_541\Debug\can_manager.o
 .debug_ranges  0x00000050       0x10 .\CortexM3\ARM_GCC_541\Debug\display.o
 .debug_ranges  0x00000060       0x38 .\CortexM3\ARM_GCC_541\Debug\fsm.o
 .debug_ranges  0x00000098       0x20 .\CortexM3\ARM_GCC_541\Debug\relays.o
 .debug_ranges  0x000000b8       0x58 .\CortexM3\ARM_GCC_541\Debug\cyfitter_cfg.o
 .debug_ranges  0x00000110       0x38 .\CortexM3\ARM_GCC_541\Debug\Cm3Start.o
 .debug_ranges  0x00000148       0x28 .\CortexM3\ARM_GCC_541\Debug\Design01.a(SD_FINAL.o)
 .debug_ranges  0x00000170       0xb8 .\CortexM3\ARM_GCC_541\Debug\Design01.a(CAN.o)
 .debug_ranges  0x00000228       0x18 .\CortexM3\ARM_GCC_541\Debug\Design01.a(CAN_INT.o)
 .debug_ranges  0x00000240       0x68 .\CortexM3\ARM_GCC_541\Debug\Design01.a(CAN_TX_RX_func.o)
 .debug_ranges  0x000002a8       0x28 .\CortexM3\ARM_GCC_541\Debug\Design01.a(AIR_NEG.o)
 .debug_ranges  0x000002d0       0x28 .\CortexM3\ARM_GCC_541\Debug\Design01.a(AIR_POS.o)
 .debug_ranges  0x000002f8       0x28 .\CortexM3\ARM_GCC_541\Debug\Design01.a(Precharge.o)
 .debug_ranges  0x00000320       0x28 .\CortexM3\ARM_GCC_541\Debug\Design01.a(IMD_Fault.o)
 .debug_ranges  0x00000348       0x28 .\CortexM3\ARM_GCC_541\Debug\Design01.a(BMS_Fault.o)
 .debug_ranges  0x00000370       0xd8 .\CortexM3\ARM_GCC_541\Debug\Design01.a(ADC_DelSig_1.o)
 .debug_ranges  0x00000448       0x28 .\CortexM3\ARM_GCC_541\Debug\Design01.a(ADC_DelSig_1_INT.o)
 .debug_ranges  0x00000470       0x88 .\CortexM3\ARM_GCC_541\Debug\Design01.a(LCD.o)
 .debug_ranges  0x000004f8       0x20 .\CortexM3\ARM_GCC_541\Debug\Design01.a(ADC_DelSig_1_AMux.o)
 .debug_ranges  0x00000518       0x60 .\CortexM3\ARM_GCC_541\Debug\Design01.a(ADC_DelSig_1_Ext_CP_Clk.o)
 .debug_ranges  0x00000578       0x70 .\CortexM3\ARM_GCC_541\Debug\Design01.a(ADC_DelSig_1_theACLK.o)
 .debug_ranges  0x000005e8      0x290 .\CortexM3\ARM_GCC_541\Debug\Design01.a(CyLib.o)
 .debug_ranges  0x00000878       0x88 .\CortexM3\ARM_GCC_541\Debug\Design01.a(cyPm.o)
 .debug_ranges  0x00000900       0x78 .\CortexM3\ARM_GCC_541\Debug\Design01.a(CyFlash.o)
 .debug_ranges  0x00000978       0x70 .\CortexM3\ARM_GCC_541\Debug\Design01.a(CySpc.o)

.comment        0x00000000       0x6e
 .comment       0x00000000       0x6e .\CortexM3\ARM_GCC_541\Debug\main.o
                                 0x6f (size before relaxing)
 .comment       0x0000006e       0x6f .\CortexM3\ARM_GCC_541\Debug\can_manager.o
 .comment       0x0000006e       0x6f .\CortexM3\ARM_GCC_541\Debug\display.o
 .comment       0x0000006e       0x6f .\CortexM3\ARM_GCC_541\Debug\fsm.o
 .comment       0x0000006e       0x6f .\CortexM3\ARM_GCC_541\Debug\relays.o
 .comment       0x0000006e       0x6f .\CortexM3\ARM_GCC_541\Debug\cyfitter_cfg.o
 .comment       0x0000006e       0x6f .\CortexM3\ARM_GCC_541\Debug\cymetadata.o
 .comment       0x0000006e       0x6f .\CortexM3\ARM_GCC_541\Debug\Cm3Start.o
 .comment       0x0000006e       0x6f .\CortexM3\ARM_GCC_541\Debug\Design01.a(SD_FINAL.o)
 .comment       0x0000006e       0x6f .\CortexM3\ARM_GCC_541\Debug\Design01.a(CAN.o)
 .comment       0x0000006e       0x6f .\CortexM3\ARM_GCC_541\Debug\Design01.a(CAN_INT.o)
 .comment       0x0000006e       0x6f .\CortexM3\ARM_GCC_541\Debug\Design01.a(CAN_TX_RX_func.o)
 .comment       0x0000006e       0x6f .\CortexM3\ARM_GCC_541\Debug\Design01.a(AIR_NEG.o)
 .comment       0x0000006e       0x6f .\CortexM3\ARM_GCC_541\Debug\Design01.a(AIR_POS.o)
 .comment       0x0000006e       0x6f .\CortexM3\ARM_GCC_541\Debug\Design01.a(Precharge.o)
 .comment       0x0000006e       0x6f .\CortexM3\ARM_GCC_541\Debug\Design01.a(IMD_Fault.o)
 .comment       0x0000006e       0x6f .\CortexM3\ARM_GCC_541\Debug\Design01.a(BMS_Fault.o)
 .comment       0x0000006e       0x6f .\CortexM3\ARM_GCC_541\Debug\Design01.a(ADC_DelSig_1.o)
 .comment       0x0000006e       0x6f .\CortexM3\ARM_GCC_541\Debug\Design01.a(ADC_DelSig_1_INT.o)
 .comment       0x0000006e       0x6f .\CortexM3\ARM_GCC_541\Debug\Design01.a(LCD.o)
 .comment       0x0000006e       0x6f .\CortexM3\ARM_GCC_541\Debug\Design01.a(ADC_DelSig_1_AMux.o)
 .comment       0x0000006e       0x6f .\CortexM3\ARM_GCC_541\Debug\Design01.a(ADC_DelSig_1_Ext_CP_Clk.o)
 .comment       0x0000006e       0x6f .\CortexM3\ARM_GCC_541\Debug\Design01.a(ADC_DelSig_1_theACLK.o)
 .comment       0x0000006e       0x6f .\CortexM3\ARM_GCC_541\Debug\Design01.a(CyLib.o)
 .comment       0x0000006e       0x6f .\CortexM3\ARM_GCC_541\Debug\Design01.a(cyPm.o)
 .comment       0x0000006e       0x6f .\CortexM3\ARM_GCC_541\Debug\Design01.a(CyFlash.o)
 .comment       0x0000006e       0x6f .\CortexM3\ARM_GCC_541\Debug\Design01.a(CySpc.o)

.debug_weaknames
 *(.debug_weaknames)

.debug_funcnames
 *(.debug_funcnames)

.debug_typenames
 *(.debug_typenames)

.debug_varnames
 *(.debug_varnames)

.note.gnu.arm.ident
 *(.note.gnu.arm.ident)

.ARM.attributes
                0x00000000       0x29
 *(.ARM.attributes)
 .ARM.attributes
                0x00000000       0x1d c:/program files (x86)/cypress/psoc creator/4.4/psoc creator/import/gnu/arm/5.4.1/bin/../lib/gcc/arm-none-eabi/5.4.1/armv7-m/crti.o
 .ARM.attributes
                0x0000001d       0x2d c:/program files (x86)/cypress/psoc creator/4.4/psoc creator/import/gnu/arm/5.4.1/bin/../lib/gcc/arm-none-eabi/5.4.1/armv7-m/crtbegin.o
 .ARM.attributes
                0x0000004a       0x1b c:/program files (x86)/cypress/psoc creator/4.4/psoc creator/import/gnu/arm/5.4.1/bin/../lib/gcc/arm-none-eabi/5.4.1/../../../../arm-none-eabi/lib/armv7-m/crt0.o
 .ARM.attributes
                0x00000065       0x33 .\CortexM3\ARM_GCC_541\Debug\main.o
 .ARM.attributes
                0x00000098       0x33 .\CortexM3\ARM_GCC_541\Debug\can_manager.o
 .ARM.attributes
                0x000000cb       0x33 .\CortexM3\ARM_GCC_541\Debug\display.o
 .ARM.attributes
                0x000000fe       0x33 .\CortexM3\ARM_GCC_541\Debug\fsm.o
 .ARM.attributes
                0x00000131       0x33 .\CortexM3\ARM_GCC_541\Debug\relays.o
 .ARM.attributes
                0x00000164       0x33 .\CortexM3\ARM_GCC_541\Debug\cyfitter_cfg.o
 .ARM.attributes
                0x00000197       0x33 .\CortexM3\ARM_GCC_541\Debug\cymetadata.o
 .ARM.attributes
                0x000001ca       0x33 .\CortexM3\ARM_GCC_541\Debug\Cm3Start.o
 .ARM.attributes
                0x000001fd       0x33 .\CortexM3\ARM_GCC_541\Debug\Design01.a(SD_FINAL.o)
 .ARM.attributes
                0x00000230       0x33 .\CortexM3\ARM_GCC_541\Debug\Design01.a(CAN.o)
 .ARM.attributes
                0x00000263       0x33 .\CortexM3\ARM_GCC_541\Debug\Design01.a(CAN_INT.o)
 .ARM.attributes
                0x00000296       0x33 .\CortexM3\ARM_GCC_541\Debug\Design01.a(CAN_TX_RX_func.o)
 .ARM.attributes
                0x000002c9       0x33 .\CortexM3\ARM_GCC_541\Debug\Design01.a(AIR_NEG.o)
 .ARM.attributes
                0x000002fc       0x33 .\CortexM3\ARM_GCC_541\Debug\Design01.a(AIR_POS.o)
 .ARM.attributes
                0x0000032f       0x33 .\CortexM3\ARM_GCC_541\Debug\Design01.a(Precharge.o)
 .ARM.attributes
                0x00000362       0x33 .\CortexM3\ARM_GCC_541\Debug\Design01.a(IMD_Fault.o)
 .ARM.attributes
                0x00000395       0x33 .\CortexM3\ARM_GCC_541\Debug\Design01.a(BMS_Fault.o)
 .ARM.attributes
                0x000003c8       0x33 .\CortexM3\ARM_GCC_541\Debug\Design01.a(ADC_DelSig_1.o)
 .ARM.attributes
                0x000003fb       0x33 .\CortexM3\ARM_GCC_541\Debug\Design01.a(ADC_DelSig_1_INT.o)
 .ARM.attributes
                0x0000042e       0x33 .\CortexM3\ARM_GCC_541\Debug\Design01.a(LCD.o)
 .ARM.attributes
                0x00000461       0x33 .\CortexM3\ARM_GCC_541\Debug\Design01.a(ADC_DelSig_1_AMux.o)
 .ARM.attributes
                0x00000494       0x33 .\CortexM3\ARM_GCC_541\Debug\Design01.a(ADC_DelSig_1_Ext_CP_Clk.o)
 .ARM.attributes
                0x000004c7       0x33 .\CortexM3\ARM_GCC_541\Debug\Design01.a(ADC_DelSig_1_theACLK.o)
 .ARM.attributes
                0x000004fa       0x33 .\CortexM3\ARM_GCC_541\Debug\Design01.a(CyLib.o)
 .ARM.attributes
                0x0000052d       0x33 .\CortexM3\ARM_GCC_541\Debug\Design01.a(cyPm.o)
 .ARM.attributes
                0x00000560       0x21 .\CortexM3\ARM_GCC_541\Debug\Design01.a(CyBootAsmGnu.o)
 .ARM.attributes
                0x00000581       0x33 .\CortexM3\ARM_GCC_541\Debug\Design01.a(CyFlash.o)
 .ARM.attributes
                0x000005b4       0x33 .\CortexM3\ARM_GCC_541\Debug\Design01.a(CySpc.o)
 .ARM.attributes
                0x000005e7       0x1d c:/program files (x86)/cypress/psoc creator/4.4/psoc creator/import/gnu/arm/5.4.1/bin/../lib/gcc/arm-none-eabi/5.4.1/armv7-m\libgcc.a(_arm_addsubdf3.o)
 .ARM.attributes
                0x00000604       0x1d c:/program files (x86)/cypress/psoc creator/4.4/psoc creator/import/gnu/arm/5.4.1/bin/../lib/gcc/arm-none-eabi/5.4.1/armv7-m\libgcc.a(_arm_muldivdf3.o)
 .ARM.attributes
                0x00000621       0x1d c:/program files (x86)/cypress/psoc creator/4.4/psoc creator/import/gnu/arm/5.4.1/bin/../lib/gcc/arm-none-eabi/5.4.1/armv7-m\libgcc.a(_arm_cmpdf2.o)
 .ARM.attributes
                0x0000063e       0x1d c:/program files (x86)/cypress/psoc creator/4.4/psoc creator/import/gnu/arm/5.4.1/bin/../lib/gcc/arm-none-eabi/5.4.1/armv7-m\libgcc.a(_arm_fixdfsi.o)
 .ARM.attributes
                0x0000065b       0x1d c:/program files (x86)/cypress/psoc creator/4.4/psoc creator/import/gnu/arm/5.4.1/bin/../lib/gcc/arm-none-eabi/5.4.1/armv7-m\libgcc.a(_arm_fixunsdfsi.o)
 .ARM.attributes
                0x00000678       0x1d c:/program files (x86)/cypress/psoc creator/4.4/psoc creator/import/gnu/arm/5.4.1/bin/../lib/gcc/arm-none-eabi/5.4.1/armv7-m\libgcc.a(_arm_addsubsf3.o)
 .ARM.attributes
                0x00000695       0x1d c:/program files (x86)/cypress/psoc creator/4.4/psoc creator/import/gnu/arm/5.4.1/bin/../lib/gcc/arm-none-eabi/5.4.1/armv7-m\libgcc.a(_arm_muldivsf3.o)
 .ARM.attributes
                0x000006b2       0x1d c:/program files (x86)/cypress/psoc creator/4.4/psoc creator/import/gnu/arm/5.4.1/bin/../lib/gcc/arm-none-eabi/5.4.1/armv7-m\libgcc.a(_arm_fixunssfsi.o)
 .ARM.attributes
                0x000006cf       0x2d c:/program files (x86)/cypress/psoc creator/4.4/psoc creator/import/gnu/arm/5.4.1/bin/../lib/gcc/arm-none-eabi/5.4.1/../../../../arm-none-eabi/lib/armv7-m\libg_nano.a(lib_a-errno.o)
 .ARM.attributes
                0x000006fc       0x2d c:/program files (x86)/cypress/psoc creator/4.4/psoc creator/import/gnu/arm/5.4.1/bin/../lib/gcc/arm-none-eabi/5.4.1/../../../../arm-none-eabi/lib/armv7-m\libg_nano.a(lib_a-exit.o)
 .ARM.attributes
                0x00000729       0x2d c:/program files (x86)/cypress/psoc creator/4.4/psoc creator/import/gnu/arm/5.4.1/bin/../lib/gcc/arm-none-eabi/5.4.1/../../../../arm-none-eabi/lib/armv7-m\libg_nano.a(lib_a-impure.o)
 .ARM.attributes
                0x00000756       0x2d c:/program files (x86)/cypress/psoc creator/4.4/psoc creator/import/gnu/arm/5.4.1/bin/../lib/gcc/arm-none-eabi/5.4.1/../../../../arm-none-eabi/lib/armv7-m\libg_nano.a(lib_a-init.o)
 .ARM.attributes
                0x00000783       0x2d c:/program files (x86)/cypress/psoc creator/4.4/psoc creator/import/gnu/arm/5.4.1/bin/../lib/gcc/arm-none-eabi/5.4.1/../../../../arm-none-eabi/lib/armv7-m\libg_nano.a(lib_a-memcpy-stub.o)
 .ARM.attributes
                0x000007b0       0x2d c:/program files (x86)/cypress/psoc creator/4.4/psoc creator/import/gnu/arm/5.4.1/bin/../lib/gcc/arm-none-eabi/5.4.1/../../../../arm-none-eabi/lib/armv7-m\libg_nano.a(lib_a-memset.o)
 .ARM.attributes
                0x000007dd       0x2d c:/program files (x86)/cypress/psoc creator/4.4/psoc creator/import/gnu/arm/5.4.1/bin/../lib/gcc/arm-none-eabi/5.4.1/../../../../arm-none-eabi/lib/armv7-m\libg_nano.a(lib_a-sprintf.o)
 .ARM.attributes
                0x0000080a       0x2d c:/program files (x86)/cypress/psoc creator/4.4/psoc creator/import/gnu/arm/5.4.1/bin/../lib/gcc/arm-none-eabi/5.4.1/../../../../arm-none-eabi/lib/armv7-m\libg_nano.a(lib_a-nano-svfprintf.o)
 .ARM.attributes
                0x00000837       0x2d c:/program files (x86)/cypress/psoc creator/4.4/psoc creator/import/gnu/arm/5.4.1/bin/../lib/gcc/arm-none-eabi/5.4.1/../../../../arm-none-eabi/lib/armv7-m\libg_nano.a(lib_a-nano-vfprintf_i.o)
 .ARM.attributes
                0x00000864       0x2d c:/program files (x86)/cypress/psoc creator/4.4/psoc creator/import/gnu/arm/5.4.1/bin/../lib/gcc/arm-none-eabi/5.4.1/../../../../arm-none-eabi/lib/armv7-m\libg_nano.a(lib_a-memchr-stub.o)
 .ARM.attributes
                0x00000891       0x2d c:/program files (x86)/cypress/psoc creator/4.4/psoc creator/import/gnu/arm/5.4.1/bin/../lib/gcc/arm-none-eabi/5.4.1/../../../../arm-none-eabi/lib/armv7-m\libg_nano.a(lib_a-memmove.o)
 .ARM.attributes
                0x000008be       0x2d c:/program files (x86)/cypress/psoc creator/4.4/psoc creator/import/gnu/arm/5.4.1/bin/../lib/gcc/arm-none-eabi/5.4.1/../../../../arm-none-eabi/lib/armv7-m\libg_nano.a(lib_a-nano-freer.o)
 .ARM.attributes
                0x000008eb       0x2d c:/program files (x86)/cypress/psoc creator/4.4/psoc creator/import/gnu/arm/5.4.1/bin/../lib/gcc/arm-none-eabi/5.4.1/../../../../arm-none-eabi/lib/armv7-m\libg_nano.a(lib_a-nano-mallocr.o)
 .ARM.attributes
                0x00000918       0x2d c:/program files (x86)/cypress/psoc creator/4.4/psoc creator/import/gnu/arm/5.4.1/bin/../lib/gcc/arm-none-eabi/5.4.1/../../../../arm-none-eabi/lib/armv7-m\libg_nano.a(lib_a-nano-reallocr.o)
 .ARM.attributes
                0x00000945       0x2d c:/program files (x86)/cypress/psoc creator/4.4/psoc creator/import/gnu/arm/5.4.1/bin/../lib/gcc/arm-none-eabi/5.4.1/../../../../arm-none-eabi/lib/armv7-m\libg_nano.a(lib_a-sbrkr.o)
 .ARM.attributes
                0x00000972       0x2d c:/program files (x86)/cypress/psoc creator/4.4/psoc creator/import/gnu/arm/5.4.1/bin/../lib/gcc/arm-none-eabi/5.4.1/../../../../arm-none-eabi/lib/armv7-m\libg_nano.a(lib_a-mlock.o)
 .ARM.attributes
                0x0000099f       0x2d c:/program files (x86)/cypress/psoc creator/4.4/psoc creator/import/gnu/arm/5.4.1/bin/../lib/gcc/arm-none-eabi/5.4.1/../../../../arm-none-eabi/lib/armv7-m\libg_nano.a(lib_a-nano-msizer.o)
 .ARM.attributes
                0x000009cc       0x2d c:/program files (x86)/cypress/psoc creator/4.4/psoc creator/import/gnu/arm/5.4.1/bin/../lib/gcc/arm-none-eabi/5.4.1/../../../../arm-none-eabi/lib/armv7-m\libg_nano.a(lib_a-reent.o)
 .ARM.attributes
                0x000009f9       0x2d c:/program files (x86)/cypress/psoc creator/4.4/psoc creator/import/gnu/arm/5.4.1/bin/../lib/gcc/arm-none-eabi/5.4.1/armv7-m/crtend.o
 .ARM.attributes
                0x00000a26       0x1d c:/program files (x86)/cypress/psoc creator/4.4/psoc creator/import/gnu/arm/5.4.1/bin/../lib/gcc/arm-none-eabi/5.4.1/armv7-m/crtn.o

/DISCARD/
 *(.note.GNU-stack)
OUTPUT(C:\Users\leoja\Documents\GitHub\PEI-Firmware-FE10\PEI_Firmware_FE10_Rev2\Design01.cydsn\CortexM3\ARM_GCC_541\Debug\Design01.elf elf32-littlearm)
